<html>
<body>
<pre>
<h1>µVision Build Log</h1>
<h2>Tool Versions:</h2>
IDE-Version: µVision V5.21.1.0
Copyright (C) 2016 ARM Ltd and ARM Germany GmbH. All rights reserved.
License Information: ben wong, dfgj, LIC=----
 
Tool Versions:
Toolchain:       MDK-Lite  Version: 5.21a
Toolchain Path:  C:\Keil_v5\ARM\ARMCC\Bin
C Compiler:      Armcc.exe V5.06 update 3 (build 300)
Assembler:       Armasm.exe V5.06 update 3 (build 300)
Linker/Locator:  ArmLink.exe V5.06 update 3 (build 300)
Library Manager: ArmAr.exe V5.06 update 3 (build 300)
Hex Converter:   FromElf.exe V5.06 update 3 (build 300)
CPU DLL:         SARMCM3.DLL V5.21a
Dialog DLL:      DCM.DLL V1.13.8.0
Target DLL:      STLink\ST-LINKIII-KEIL_SWO.dll V2.0.18.0
Dialog DLL:      TCM.DLL V1.14.14.0
 
<h2>Project:</h2>
C:\Users\WongYikBen\Desktop\3300\ov7725\camera\ustrobo17_internal\HKUST_ELEC3300\ustrobo17_internal.uvprojx
Project File Date:  05/03/2018

<h2>Output:</h2>
*** Using Compiler 'V5.06 update 3 (build 300)', folder: 'C:\Keil_v5\ARM\ARMCC\Bin'
Build target 'stm32f103rb_template'
compiling main.c...
src\user\main.c(13): warning:  #177-D: variable "but" was declared but never referenced
  	u8 but = 0;
src\user\main.c(14): warning:  #177-D: variable "time" was declared but never referenced
  	u8 time = 0;
src\user\main.c: 2 warnings, 0 errors
linking...
Program Size: Code=14208 RO-data=864 RW-data=8504 ZI-data=4904  
FromELF: creating hex file...
".\Objects\ustrobo17_internal.axf" - 0 Error(s), 2 Warning(s).

<h2>Collection of Component include folders:</h2>
  C:\Users\WongYikBen\Desktop\3300\ov7725\camera\ustrobo17_internal\HKUST_ELEC3300\RTE
  C:\Keil_v5\ARM\PACK\Keil\STM32F1xx_DFP\2.1.0\Device\Include

<h2>Collection of Component Files used:</h2>
Build Time Elapsed:  00:00:02
</pre>
</body>
</html>
