Component: ARM Compiler 5.06 update 3 (build 300) Tool: armlink [4d35c9]

==============================================================================

Section Cross References

    startup_stm32f10x_md.o(STACK) refers (Special) to heapauxi.o(.text) for __use_two_region_memory
    startup_stm32f10x_md.o(HEAP) refers (Special) to heapauxi.o(.text) for __use_two_region_memory
    startup_stm32f10x_md.o(RESET) refers (Special) to heapauxi.o(.text) for __use_two_region_memory
    startup_stm32f10x_md.o(RESET) refers to startup_stm32f10x_md.o(STACK) for __initial_sp
    startup_stm32f10x_md.o(RESET) refers to startup_stm32f10x_md.o(.text) for Reset_Handler
    startup_stm32f10x_md.o(RESET) refers to ticks.o(i.SysTick_Handler) for SysTick_Handler
    startup_stm32f10x_md.o(RESET) refers to camera.o(i.EXTI0_IRQHandler) for EXTI0_IRQHandler
    startup_stm32f10x_md.o(RESET) refers to uart.o(i.USART1_IRQHandler) for USART1_IRQHandler
    startup_stm32f10x_md.o(RESET) refers to uart.o(i.USART3_IRQHandler) for USART3_IRQHandler
    startup_stm32f10x_md.o(.text) refers (Special) to heapauxi.o(.text) for __use_two_region_memory
    startup_stm32f10x_md.o(.text) refers to system_stm32f10x.o(i.SystemInit) for SystemInit
    startup_stm32f10x_md.o(.text) refers to __main.o(!!!main) for __main
    startup_stm32f10x_md.o(.text) refers to startup_stm32f10x_md.o(HEAP) for Heap_Mem
    startup_stm32f10x_md.o(.text) refers to startup_stm32f10x_md.o(STACK) for Stack_Mem
    stm32f10x_adc.o(i.ADC_DeInit) refers to stm32f10x_rcc.o(i.RCC_APB2PeriphResetCmd) for RCC_APB2PeriphResetCmd
    stm32f10x_bkp.o(i.BKP_DeInit) refers to stm32f10x_rcc.o(i.RCC_BackupResetCmd) for RCC_BackupResetCmd
    stm32f10x_can.o(i.CAN_DeInit) refers to stm32f10x_rcc.o(i.RCC_APB1PeriphResetCmd) for RCC_APB1PeriphResetCmd
    stm32f10x_can.o(i.CAN_GetITStatus) refers to stm32f10x_can.o(i.CheckITStatus) for CheckITStatus
    stm32f10x_cec.o(i.CEC_DeInit) refers to stm32f10x_rcc.o(i.RCC_APB1PeriphResetCmd) for RCC_APB1PeriphResetCmd
    stm32f10x_dac.o(i.DAC_DeInit) refers to stm32f10x_rcc.o(i.RCC_APB1PeriphResetCmd) for RCC_APB1PeriphResetCmd
    stm32f10x_flash.o(i.FLASH_EnableWriteProtection) refers to stm32f10x_flash.o(i.FLASH_WaitForLastOperation) for FLASH_WaitForLastOperation
    stm32f10x_flash.o(i.FLASH_EraseAllBank1Pages) refers to stm32f10x_flash.o(i.FLASH_WaitForLastBank1Operation) for FLASH_WaitForLastBank1Operation
    stm32f10x_flash.o(i.FLASH_EraseAllPages) refers to stm32f10x_flash.o(i.FLASH_WaitForLastOperation) for FLASH_WaitForLastOperation
    stm32f10x_flash.o(i.FLASH_EraseOptionBytes) refers to stm32f10x_flash.o(i.FLASH_GetReadOutProtectionStatus) for FLASH_GetReadOutProtectionStatus
    stm32f10x_flash.o(i.FLASH_EraseOptionBytes) refers to stm32f10x_flash.o(i.FLASH_WaitForLastOperation) for FLASH_WaitForLastOperation
    stm32f10x_flash.o(i.FLASH_ErasePage) refers to stm32f10x_flash.o(i.FLASH_WaitForLastOperation) for FLASH_WaitForLastOperation
    stm32f10x_flash.o(i.FLASH_ProgramHalfWord) refers to stm32f10x_flash.o(i.FLASH_WaitForLastOperation) for FLASH_WaitForLastOperation
    stm32f10x_flash.o(i.FLASH_ProgramOptionByteData) refers to stm32f10x_flash.o(i.FLASH_WaitForLastOperation) for FLASH_WaitForLastOperation
    stm32f10x_flash.o(i.FLASH_ProgramWord) refers to stm32f10x_flash.o(i.FLASH_WaitForLastOperation) for FLASH_WaitForLastOperation
    stm32f10x_flash.o(i.FLASH_ReadOutProtection) refers to stm32f10x_flash.o(i.FLASH_WaitForLastOperation) for FLASH_WaitForLastOperation
    stm32f10x_flash.o(i.FLASH_UserOptionByteConfig) refers to stm32f10x_flash.o(i.FLASH_WaitForLastOperation) for FLASH_WaitForLastOperation
    stm32f10x_flash.o(i.FLASH_WaitForLastBank1Operation) refers to stm32f10x_flash.o(i.FLASH_GetBank1Status) for FLASH_GetBank1Status
    stm32f10x_flash.o(i.FLASH_WaitForLastOperation) refers to stm32f10x_flash.o(i.FLASH_GetBank1Status) for FLASH_GetBank1Status
    stm32f10x_gpio.o(i.GPIO_AFIODeInit) refers to stm32f10x_rcc.o(i.RCC_APB2PeriphResetCmd) for RCC_APB2PeriphResetCmd
    stm32f10x_gpio.o(i.GPIO_DeInit) refers to stm32f10x_rcc.o(i.RCC_APB2PeriphResetCmd) for RCC_APB2PeriphResetCmd
    stm32f10x_i2c.o(i.I2C_DeInit) refers to stm32f10x_rcc.o(i.RCC_APB1PeriphResetCmd) for RCC_APB1PeriphResetCmd
    stm32f10x_i2c.o(i.I2C_Init) refers to stm32f10x_rcc.o(i.RCC_GetClocksFreq) for RCC_GetClocksFreq
    stm32f10x_pwr.o(i.PWR_DeInit) refers to stm32f10x_rcc.o(i.RCC_APB1PeriphResetCmd) for RCC_APB1PeriphResetCmd
    stm32f10x_rcc.o(i.RCC_GetClocksFreq) refers to stm32f10x_rcc.o(.data) for APBAHBPrescTable
    stm32f10x_rcc.o(i.RCC_WaitForHSEStartUp) refers to stm32f10x_rcc.o(i.RCC_GetFlagStatus) for RCC_GetFlagStatus
    stm32f10x_rtc.o(i.RTC_SetAlarm) refers to stm32f10x_rtc.o(i.RTC_EnterConfigMode) for RTC_EnterConfigMode
    stm32f10x_rtc.o(i.RTC_SetAlarm) refers to stm32f10x_rtc.o(i.RTC_ExitConfigMode) for RTC_ExitConfigMode
[...]
    __lcnum_c_point                          0x08007110   Data           0  lc_numeric_c.o(locale$$data)
    __lcnum_c_thousands                      0x08007112   Data           0  lc_numeric_c.o(locale$$data)
    __lcnum_c_grouping                       0x08007113   Data           0  lc_numeric_c.o(locale$$data)
    locale$$data                             0x08007114   Section      272  lc_ctype_c.o(locale$$data)
    __lcnum_c_end                            0x08007114   Data           0  lc_numeric_c.o(locale$$data)
    __lcctype_c_name                         0x08007118   Data           2  lc_ctype_c.o(locale$$data)
    __lcctype_c_start                        0x08007120   Data           0  lc_ctype_c.o(locale$$data)
    __lcctype_c_end                          0x08007224   Data           0  lc_ctype_c.o(locale$$data)
    .data                                    0x20000000   Section       20  stm32f10x_rcc.o(.data)
    APBAHBPrescTable                         0x20000000   Data          16  stm32f10x_rcc.o(.data)
    ADCPrescTable                            0x20000010   Data           4  stm32f10x_rcc.o(.data)
    .data                                    0x20000014   Section       20  system_stm32f10x.o(.data)
    .data                                    0x20000028   Section        5  ticks.o(.data)
    .data                                    0x20000030   Section       16  button.o(.data)
    .data                                    0x20000040   Section       44  uart.o(.data)
    .data                                    0x2000006c   Section     4112  tft.o(.data)
    ascii_8x16                               0x2000006c   Data        4096  tft.o(.data)
    tft_update_trigger_fx                    0x20001078   Data           4  tft.o(.data)
    .data                                    0x2000107c   Section     4303  camera.o(.data)
    ascii_8x16                               0x2000107c   Data        4096  camera.o(.data)
    init                                     0x20002149   Data           1  camera.o(.data)
    init                                     0x2000214a   Data           1  camera.o(.data)
    .data                                    0x2000214c   Section     4116  sdcard.o(.data)
    ascii_8x16                               0x2000214c   Data        4096  sdcard.o(.data)
    CardType                                 0x2000314c   Data           4  sdcard.o(.data)
    RCA                                      0x20003150   Data           4  sdcard.o(.data)
    .bss                                     0x20003160   Section       32  button.o(.bss)
    buttons                                  0x20003160   Data          32  button.o(.bss)
    .bss                                     0x20003180   Section     1012  uart.o(.bss)
    .bss                                     0x20003574   Section     2200  tft.o(.bss)
    .bss                                     0x20003e0c   Section     7020  camera.o(.bss)
    .bss                                     0x20005978   Section     1220  sdcard.o(.bss)
    CSD_Tab                                  0x20005978   Data          16  sdcard.o(.bss)
    CID_Tab                                  0x20005988   Data          16  sdcard.o(.bss)
    SDSTATUS_Tab                             0x20005998   Data          16  sdcard.o(.bss)
    .bss                                     0x20005e3c   Section       96  libspace.o(.bss)
    HEAP                                     0x20005ea0   Section      512  startup_stm32f10x_md.o(HEAP)
    Heap_Mem                                 0x20005ea0   Data         512  startup_stm32f10x_md.o(HEAP)
    STACK                                    0x200060a0   Section     1024  startup_stm32f10x_md.o(STACK)
    Stack_Mem                                0x200060a0   Data        1024  startup_stm32f10x_md.o(STACK)
    __initial_sp                             0x200064a0   Data           0  startup_stm32f10x_md.o(STACK)

    Global Symbols

    Symbol Name                              Value     Ov Type        Size  Object(Section)

    BuildAttributes$$THM_ISAv4$P$D$K$B$S$PE$A:L22UL41UL21$X:L11$S22US41US21$IEEE1$IW$USESV6$~STKCKD$USESV7$~SHL$OTIME$ROPI$IEEEJ$EBA8$UX$STANDARDLIB$REQ8$PRES8$EABIv2 0x00000000   Number         0  anon$$obj.o ABSOLUTE
    __ARM_use_no_argv                        0x00000000   Number         0  main.o ABSOLUTE
    _printf_flags                            0x00000000   Number         0  printf_stubs.o ABSOLUTE
    _printf_return_value                     0x00000000   Number         0  printf_stubs.o ABSOLUTE
    _printf_sizespec                         0x00000000   Number         0  printf_stubs.o ABSOLUTE
    _printf_widthprec                        0x00000000   Number         0  printf_stubs.o ABSOLUTE
    __ARM_exceptions_init                     - Undefined Weak Reference
    __alloca_initialize                       - Undefined Weak Reference
    __arm_preinit_                            - Undefined Weak Reference
    __cpp_initialize__aeabi_                  - Undefined Weak Reference
    __cxa_finalize                            - Undefined Weak Reference
    __sigvec_lookup                           - Undefined Weak Reference
    _atexit_init                              - Undefined Weak Reference
    _call_atexit_fns                          - Undefined Weak Reference
    _clock_init                               - Undefined Weak Reference
    _fp_trap_init                             - Undefined Weak Reference
    _fp_trap_shutdown                         - Undefined Weak Reference
    _get_lc_collate                           - Undefined Weak Reference
    _get_lc_monetary                          - Undefined Weak Reference
    _get_lc_time                              - Undefined Weak Reference
    _getenv_init                              - Undefined Weak Reference
    _handle_redirection                       - Undefined Weak Reference
    _init_alloc                               - Undefined Weak Reference
    _init_user_alloc                          - Undefined Weak Reference
    _initio                                   - Undefined Weak Reference
    _printf_mbtowc                            - Undefined Weak Reference
    _printf_wc                                - Undefined Weak Reference
    _rand_init                                - Undefined Weak Reference
    _signal_finish                            - Undefined Weak Reference
    _signal_init                              - Undefined Weak Reference
    _terminate_alloc                          - Undefined Weak Reference
    _terminate_user_alloc                     - Undefined Weak Reference
    _terminateio                              - Undefined Weak Reference
    __Vectors_Size                           0x000000ec   Number         0  startup_stm32f10x_md.o ABSOLUTE
    __Vectors                                0x08000000   Data           4  startup_stm32f10x_md.o(RESET)
    __Vectors_End                            0x080000ec   Data           0  startup_stm32f10x_md.o(RESET)
    __main                                   0x080000ed   Thumb Code     8  __main.o(!!!main)
    __scatterload                            0x080000f5   Thumb Code     0  __scatter.o(!!!scatter)
    __scatterload_rt2                        0x080000f5   Thumb Code    44  __scatter.o(!!!scatter)
    __scatterload_rt2_thumb_only             0x080000f5   Thumb Code     0  __scatter.o(!!!scatter)
    __scatterload_null                       0x08000103   Thumb Code     0  __scatter.o(!!!scatter)
    __decompress                             0x08000129   Thumb Code   100  __dclz77c.o(!!dclz77c)
    __decompress2                            0x08000129   Thumb Code     0  __dclz77c.o(!!dclz77c)
    __scatterload_zeroinit                   0x0800018d   Thumb Code    28  __scatter_zi.o(!!handler_zi)
    _printf_n                                0x080001a9   Thumb Code     0  _printf_n.o(.ARM.Collect$$_printf_percent$$00000001)
    _printf_percent                          0x080001a9   Thumb Code     0  _printf_percent.o(.ARM.Collect$$_printf_percent$$00000000)
    _printf_p                                0x080001af   Thumb Code     0  _printf_p.o(.ARM.Collect$$_printf_percent$$00000002)
    _printf_f                                0x080001b5   Thumb Code     0  _printf_f.o(.ARM.Collect$$_printf_percent$$00000003)
    _printf_e                                0x080001bb   Thumb Code     0  _printf_e.o(.ARM.Collect$$_printf_percent$$00000004)
    _printf_g                                0x080001c1   Thumb Code     0  _printf_g.o(.ARM.Collect$$_printf_percent$$00000005)
    _printf_a                                0x080001c7   Thumb Code     0  _printf_a.o(.ARM.Collect$$_printf_percent$$00000006)
    _printf_ll                               0x080001cd   Thumb Code     0  _printf_ll.o(.ARM.Collect$$_printf_percent$$00000007)
    _printf_i                                0x080001d7   Thumb Code     0  _printf_i.o(.ARM.Collect$$_printf_percent$$00000008)
    _printf_d                                0x080001dd   Thumb Code     0  _printf_d.o(.ARM.Collect$$_printf_percent$$00000009)
    _printf_u                                0x080001e3   Thumb Code     0  _printf_u.o(.ARM.Collect$$_printf_percent$$0000000A)
    _printf_o                                0x080001e9   Thumb Code     0  _printf_o.o(.ARM.Collect$$_printf_percent$$0000000B)
    _printf_x                                0x080001ef   Thumb Code     0  _printf_x.o(.ARM.Collect$$_printf_percent$$0000000C)
    _printf_lli                              0x080001f5   Thumb Code     0  _printf_lli.o(.ARM.Collect$$_printf_percent$$0000000D)
    _printf_lld                              0x080001fb   Thumb Code     0  _printf_lld.o(.ARM.Collect$$_printf_percent$$0000000E)
    _printf_llu                              0x08000201   Thumb Code     0  _printf_llu.o(.ARM.Collect$$_printf_percent$$0000000F)
    _printf_llo                              0x08000207   Thumb Code     0  _printf_llo.o(.ARM.Collect$$_printf_percent$$00000010)
    _printf_llx                              0x0800020d   Thumb Code     0  _printf_llx.o(.ARM.Collect$$_printf_percent$$00000011)
    _printf_l                                0x08000213   Thumb Code     0  _printf_l.o(.ARM.Collect$$_printf_percent$$00000012)
    _printf_c                                0x0800021d   Thumb Code     0  _printf_c.o(.ARM.Collect$$_printf_percent$$00000013)
    _printf_s                                0x08000223   Thumb Code     0  _printf_s.o(.ARM.Collect$$_printf_percent$$00000014)
    _printf_lc                               0x08000229   Thumb Code     0  _printf_lc.o(.ARM.Collect$$_printf_percent$$00000015)
    _printf_ls                               0x0800022f   Thumb Code     0  _printf_ls.o(.ARM.Collect$$_printf_percent$$00000016)
    _printf_percent_end                      0x08000235   Thumb Code     0  _printf_percent_end.o(.ARM.Collect$$_printf_percent$$00000017)
    __rt_lib_init                            0x08000239   Thumb Code     0  libinit.o(.ARM.Collect$$libinit$$00000000)
    __rt_lib_init_fp_1                       0x0800023b   Thumb Code     0  libinit2.o(.ARM.Collect$$libinit$$00000002)
    __rt_lib_init_heap_1                     0x0800023b   Thumb Code     0  libinit2.o(.ARM.Collect$$libinit$$0000000A)
    __rt_lib_init_lc_common                  0x0800023b   Thumb Code     0  libinit2.o(.ARM.Collect$$libinit$$0000000F)
    __rt_lib_init_preinit_1                  0x0800023b   Thumb Code     0  libinit2.o(.ARM.Collect$$libinit$$00000004)
    __rt_lib_init_rand_1                     0x0800023b   Thumb Code     0  libinit2.o(.ARM.Collect$$libinit$$0000000E)
    __rt_lib_init_user_alloc_1               0x0800023b   Thumb Code     0  libinit2.o(.ARM.Collect$$libinit$$0000000C)
    __rt_lib_init_lc_collate_1               0x08000241   Thumb Code     0  libinit2.o(.ARM.Collect$$libinit$$00000011)
    __rt_lib_init_lc_ctype_2                 0x08000241   Thumb Code     0  libinit2.o(.ARM.Collect$$libinit$$00000012)
    __rt_lib_init_lc_ctype_1                 0x0800024d   Thumb Code     0  libinit2.o(.ARM.Collect$$libinit$$00000013)
    __rt_lib_init_lc_monetary_1              0x0800024d   Thumb Code     0  libinit2.o(.ARM.Collect$$libinit$$00000015)
    __rt_lib_init_lc_numeric_2               0x0800024d   Thumb Code     0  libinit2.o(.ARM.Collect$$libinit$$00000016)
    __rt_lib_init_alloca_1                   0x08000257   Thumb Code     0  libinit2.o(.ARM.Collect$$libinit$$0000002E)
    __rt_lib_init_argv_1                     0x08000257   Thumb Code     0  libinit2.o(.ARM.Collect$$libinit$$0000002C)
    __rt_lib_init_atexit_1                   0x08000257   Thumb Code     0  libinit2.o(.ARM.Collect$$libinit$$0000001B)
    __rt_lib_init_clock_1                    0x08000257   Thumb Code     0  libinit2.o(.ARM.Collect$$libinit$$00000021)
    __rt_lib_init_cpp_1                      0x08000257   Thumb Code     0  libinit2.o(.ARM.Collect$$libinit$$00000032)
    __rt_lib_init_exceptions_1               0x08000257   Thumb Code     0  libinit2.o(.ARM.Collect$$libinit$$00000030)
    __rt_lib_init_fp_trap_1                  0x08000257   Thumb Code     0  libinit2.o(.ARM.Collect$$libinit$$0000001F)
    __rt_lib_init_getenv_1                   0x08000257   Thumb Code     0  libinit2.o(.ARM.Collect$$libinit$$00000023)
    __rt_lib_init_lc_numeric_1               0x08000257   Thumb Code     0  libinit2.o(.ARM.Collect$$libinit$$00000017)
    __rt_lib_init_lc_time_1                  0x08000257   Thumb Code     0  libinit2.o(.ARM.Collect$$libinit$$00000019)
    __rt_lib_init_return                     0x08000257   Thumb Code     0  libinit2.o(.ARM.Collect$$libinit$$00000033)
    __rt_lib_init_signal_1                   0x08000257   Thumb Code     0  libinit2.o(.ARM.Collect$$libinit$$0000001D)
    __rt_lib_init_stdio_1                    0x08000257   Thumb Code     0  libinit2.o(.ARM.Collect$$libinit$$00000025)
    __rt_lib_shutdown                        0x08000259   Thumb Code     0  libshutdown.o(.ARM.Collect$$libshutdown$$00000000)
    __rt_lib_shutdown_cpp_1                  0x0800025b   Thumb Code     0  libshutdown2.o(.ARM.Collect$$libshutdown$$00000002)
    __rt_lib_shutdown_fp_trap_1              0x0800025b   Thumb Code     0  libshutdown2.o(.ARM.Collect$$libshutdown$$00000007)
    __rt_lib_shutdown_heap_1                 0x0800025b   Thumb Code     0  libshutdown2.o(.ARM.Collect$$libshutdown$$0000000F)
    __rt_lib_shutdown_return                 0x0800025b   Thumb Code     0  libshutdown2.o(.ARM.Collect$$libshutdown$$00000010)
    __rt_lib_shutdown_signal_1               0x0800025b   Thumb Code     0  libshutdown2.o(.ARM.Collect$$libshutdown$$0000000A)
    __rt_lib_shutdown_stdio_1                0x0800025b   Thumb Code     0  libshutdown2.o(.ARM.Collect$$libshutdown$$00000004)
    __rt_lib_shutdown_user_alloc_1           0x0800025b   Thumb Code     0  libshutdown2.o(.ARM.Collect$$libshutdown$$0000000C)
    __rt_entry                               0x0800025d   Thumb Code     0  __rtentry.o(.ARM.Collect$$rtentry$$00000000)
    __rt_entry_presh_1                       0x0800025d   Thumb Code     0  __rtentry2.o(.ARM.Collect$$rtentry$$00000002)
    __rt_entry_sh                            0x0800025d   Thumb Code     0  __rtentry4.o(.ARM.Collect$$rtentry$$00000004)
    __rt_entry_li                            0x08000263   Thumb Code     0  __rtentry2.o(.ARM.Collect$$rtentry$$0000000A)
    __rt_entry_postsh_1                      0x08000263   Thumb Code     0  __rtentry2.o(.ARM.Collect$$rtentry$$00000009)
    __rt_entry_main                          0x08000267   Thumb Code     0  __rtentry2.o(.ARM.Collect$$rtentry$$0000000D)
    __rt_entry_postli_1                      0x08000267   Thumb Code     0  __rtentry2.o(.ARM.Collect$$rtentry$$0000000C)
    __rt_exit                                0x0800026f   Thumb Code     0  rtexit.o(.ARM.Collect$$rtexit$$00000000)
    __rt_exit_ls                             0x08000271   Thumb Code     0  rtexit2.o(.ARM.Collect$$rtexit$$00000003)
    __rt_exit_prels_1                        0x08000271   Thumb Code     0  rtexit2.o(.ARM.Collect$$rtexit$$00000002)
    __rt_exit_exit                           0x08000275   Thumb Code     0  rtexit2.o(.ARM.Collect$$rtexit$$00000004)
    Reset_Handler                            0x0800027d   Thumb Code     8  startup_stm32f10x_md.o(.text)
    NMI_Handler                              0x08000285   Thumb Code     2  startup_stm32f10x_md.o(.text)
    HardFault_Handler                        0x08000287   Thumb Code     2  startup_stm32f10x_md.o(.text)
    MemManage_Handler                        0x08000289   Thumb Code     2  startup_stm32f10x_md.o(.text)
    BusFault_Handler                         0x0800028b   Thumb Code     2  startup_stm32f10x_md.o(.text)
    UsageFault_Handler                       0x0800028d   Thumb Code     2  startup_stm32f10x_md.o(.text)
    SVC_Handler                              0x0800028f   Thumb Code     2  startup_stm32f10x_md.o(.text)
    DebugMon_Handler                         0x08000291   Thumb Code     2  startup_stm32f10x_md.o(.text)
    PendSV_Handler                           0x08000293   Thumb Code     2  startup_stm32f10x_md.o(.text)
    ADC1_2_IRQHandler                        0x08000297   Thumb Code     0  startup_stm32f10x_md.o(.text)
    CAN1_RX1_IRQHandler                      0x08000297   Thumb Code     0  startup_stm32f10x_md.o(.text)
    CAN1_SCE_IRQHandler                      0x08000297   Thumb Code     0  startup_stm32f10x_md.o(.text)
    DMA1_Channel1_IRQHandler                 0x08000297   Thumb Code     0  startup_stm32f10x_md.o(.text)
    DMA1_Channel2_IRQHandler                 0x08000297   Thumb Code     0  startup_stm32f10x_md.o(.text)
    DMA1_Channel3_IRQHandler                 0x08000297   Thumb Code     0  startup_stm32f10x_md.o(.text)
    DMA1_Channel4_IRQHandler                 0x08000297   Thumb Code     0  startup_stm32f10x_md.o(.text)
    DMA1_Channel5_IRQHandler                 0x08000297   Thumb Code     0  startup_stm32f10x_md.o(.text)
    DMA1_Channel6_IRQHandler                 0x08000297   Thumb Code     0  startup_stm32f10x_md.o(.text)
    DMA1_Channel7_IRQHandler                 0x08000297   Thumb Code     0  startup_stm32f10x_md.o(.text)
    EXTI15_10_IRQHandler                     0x08000297   Thumb Code     0  startup_stm32f10x_md.o(.text)
    EXTI1_IRQHandler                         0x08000297   Thumb Code     0  startup_stm32f10x_md.o(.text)
    EXTI2_IRQHandler                         0x08000297   Thumb Code     0  startup_stm32f10x_md.o(.text)
    EXTI3_IRQHandler                         0x08000297   Thumb Code     0  startup_stm32f10x_md.o(.text)
    EXTI4_IRQHandler                         0x08000297   Thumb Code     0  startup_stm32f10x_md.o(.text)
    EXTI9_5_IRQHandler                       0x08000297   Thumb Code     0  startup_stm32f10x_md.o(.text)
    FLASH_IRQHandler                         0x08000297   Thumb Code     0  startup_stm32f10x_md.o(.text)
    I2C1_ER_IRQHandler                       0x08000297   Thumb Code     0  startup_stm32f10x_md.o(.text)
    I2C1_EV_IRQHandler                       0x08000297   Thumb Code     0  startup_stm32f10x_md.o(.text)
    I2C2_ER_IRQHandler                       0x08000297   Thumb Code     0  startup_stm32f10x_md.o(.text)
    I2C2_EV_IRQHandler                       0x08000297   Thumb Code     0  startup_stm32f10x_md.o(.text)
    PVD_IRQHandler                           0x08000297   Thumb Code     0  startup_stm32f10x_md.o(.text)
    RCC_IRQHandler                           0x08000297   Thumb Code     0  startup_stm32f10x_md.o(.text)
    RTCAlarm_IRQHandler                      0x08000297   Thumb Code     0  startup_stm32f10x_md.o(.text)
    RTC_IRQHandler                           0x08000297   Thumb Code     0  startup_stm32f10x_md.o(.text)
    SPI1_IRQHandler                          0x08000297   Thumb Code     0  startup_stm32f10x_md.o(.text)
    SPI2_IRQHandler                          0x08000297   Thumb Code     0  startup_stm32f10x_md.o(.text)
    TAMPER_IRQHandler                        0x08000297   Thumb Code     0  startup_stm32f10x_md.o(.text)
    TIM1_BRK_IRQHandler                      0x08000297   Thumb Code     0  startup_stm32f10x_md.o(.text)
    TIM1_CC_IRQHandler                       0x08000297   Thumb Code     0  startup_stm32f10x_md.o(.text)
    TIM1_TRG_COM_IRQHandler                  0x08000297   Thumb Code     0  startup_stm32f10x_md.o(.text)
    TIM1_UP_IRQHandler                       0x08000297   Thumb Code     0  startup_stm32f10x_md.o(.text)
    TIM2_IRQHandler                          0x08000297   Thumb Code     0  startup_stm32f10x_md.o(.text)
    TIM3_IRQHandler                          0x08000297   Thumb Code     0  startup_stm32f10x_md.o(.text)
    TIM4_IRQHandler                          0x08000297   Thumb Code     0  startup_stm32f10x_md.o(.text)
    USART2_IRQHandler                        0x08000297   Thumb Code     0  startup_stm32f10x_md.o(.text)
    USBWakeUp_IRQHandler                     0x08000297   Thumb Code     0  startup_stm32f10x_md.o(.text)
    USB_HP_CAN1_TX_IRQHandler                0x08000297   Thumb Code     0  startup_stm32f10x_md.o(.text)
    USB_LP_CAN1_RX0_IRQHandler               0x08000297   Thumb Code     0  startup_stm32f10x_md.o(.text)
    WWDG_IRQHandler                          0x08000297   Thumb Code     0  startup_stm32f10x_md.o(.text)
    __user_initial_stackheap                 0x08000299   Thumb Code     0  startup_stm32f10x_md.o(.text)
    __aeabi_uldivmod                         0x080002bd   Thumb Code     0  lludivv7m.o(.text)
    _ll_udiv                                 0x080002bd   Thumb Code   238  lludivv7m.o(.text)
    vsprintf                                 0x080003ad   Thumb Code    32  vsprintf.o(.text)
    __aeabi_memcpy4                          0x080003d1   Thumb Code     0  rt_memcpy_w.o(.text)
    __aeabi_memcpy8                          0x080003d1   Thumb Code     0  rt_memcpy_w.o(.text)
    __rt_memcpy_w                            0x080003d1   Thumb Code   100  rt_memcpy_w.o(.text)
    _memcpy_lastbytes_aligned                0x08000419   Thumb Code     0  rt_memcpy_w.o(.text)
    __use_two_region_memory                  0x08000435   Thumb Code     2  heapauxi.o(.text)
    __rt_heap_escrow$2region                 0x08000437   Thumb Code     2  heapauxi.o(.text)
    __rt_heap_expand$2region                 0x08000439   Thumb Code     2  heapauxi.o(.text)
    _printf_pre_padding                      0x0800043b   Thumb Code    44  _printf_pad.o(.text)
    _printf_post_padding                     0x08000467   Thumb Code    34  _printf_pad.o(.text)
    _printf_truncate_signed                  0x08000489   Thumb Code    18  _printf_truncate.o(.text)
    _printf_truncate_unsigned                0x0800049b   Thumb Code    18  _printf_truncate.o(.text)
    _printf_str                              0x080004ad   Thumb Code    82  _printf_str.o(.text)
    _printf_int_dec                          0x08000501   Thumb Code   104  _printf_dec.o(.text)
    _printf_charcount                        0x08000579   Thumb Code    40  _printf_charcount.o(.text)
    _printf_char_common                      0x080005ab   Thumb Code    32  _printf_char_common.o(.text)
    _sputc                                   0x080005d1   Thumb Code    10  _sputc.o(.text)
    _printf_wctomb                           0x080005dd   Thumb Code   182  _printf_wctomb.o(.text)
    _printf_longlong_dec                     0x08000699   Thumb Code   108  _printf_longlong_dec.o(.text)
    _printf_longlong_oct                     0x08000715   Thumb Code    68  _printf_oct_int_ll.o(.text)
    _printf_int_oct                          0x08000759   Thumb Code    24  _printf_oct_int_ll.o(.text)
    _printf_ll_oct                           0x08000771   Thumb Code    12  _printf_oct_int_ll.o(.text)
    _printf_longlong_hex                     0x08000785   Thumb Code    86  _printf_hex_int_ll_ptr.o(.text)
    _printf_int_hex                          0x080007db   Thumb Code    28  _printf_hex_int_ll_ptr.o(.text)
    _printf_ll_hex                           0x080007f7   Thumb Code    12  _printf_hex_int_ll_ptr.o(.text)
    _printf_hex_ptr                          0x08000803   Thumb Code    18  _printf_hex_int_ll_ptr.o(.text)
    __printf                                 0x08000819   Thumb Code   388  __printf_flags_ss_wp.o(.text)
    _ll_udiv10                               0x080009a1   Thumb Code   138  lludiv10.o(.text)
    _printf_int_common                       0x08000a2b   Thumb Code   178  _printf_intcommon.o(.text)
    __lib_sel_fp_printf                      0x08000add   Thumb Code     2  _printf_fp_dec.o(.text)
    _printf_fp_dec_real                      0x08000c8b   Thumb Code   620  _printf_fp_dec.o(.text)
    _printf_fp_hex_real                      0x08000ef9   Thumb Code   756  _printf_fp_hex.o(.text)
    _printf_cs_common                        0x080011f5   Thumb Code    20  _printf_char.o(.text)
    _printf_char                             0x08001209   Thumb Code    16  _printf_char.o(.text)
    _printf_string                           0x08001219   Thumb Code     8  _printf_char.o(.text)
    _printf_lcs_common                       0x08001221   Thumb Code    20  _printf_wchar.o(.text)
    _printf_wchar                            0x08001235   Thumb Code    16  _printf_wchar.o(.text)
    _printf_wstring                          0x08001245   Thumb Code     8  _printf_wchar.o(.text)
    _wcrtomb                                 0x0800124d   Thumb Code    64  _wcrtomb.o(.text)
    __user_setup_stackheap                   0x0800128d   Thumb Code    74  sys_stackheap_outer.o(.text)
    __rt_ctype_table                         0x080012d9   Thumb Code    16  rt_ctype_table.o(.text)
    __rt_locale                              0x080012e9   Thumb Code     8  rt_locale_intlibspace.o(.text)
    _printf_fp_infnan                        0x080012f1   Thumb Code   112  _printf_fp_infnan.o(.text)
    _btod_etento                             0x08001371   Thumb Code   216  bigflt0.o(.text)
    exit                                     0x0800144d   Thumb Code    18  exit.o(.text)
    __user_libspace                          0x08001461   Thumb Code     8  libspace.o(.text)
    __user_perproc_libspace                  0x08001461   Thumb Code     0  libspace.o(.text)
    __user_perthread_libspace                0x08001461   Thumb Code     0  libspace.o(.text)
    strcmp                                   0x08001469   Thumb Code   128  strcmpv7m.o(.text)
    _sys_exit                                0x080014e9   Thumb Code     8  sys_exit.o(.text)
    __I$use$semihosting                      0x080014f5   Thumb Code     0  use_no_semi.o(.text)
    __use_no_semihosting_swi                 0x080014f5   Thumb Code     2  use_no_semi.o(.text)
    __semihosting_library_function           0x080014f7   Thumb Code     0  indicate_semi.o(.text)
    _btod_d2e                                0x080014f7   Thumb Code    62  btod.o(CL$$btod_d2e)
    _d2e_denorm_low                          0x08001535   Thumb Code    70  btod.o(CL$$btod_d2e_denorm_low)
    _d2e_norm_op1                            0x0800157b   Thumb Code    96  btod.o(CL$$btod_d2e_norm_op1)
    __btod_div_common                        0x080015db   Thumb Code   696  btod.o(CL$$btod_div_common)
    _e2e                                     0x08001913   Thumb Code   198  btod.o(CL$$btod_e2e)
    _btod_ediv                               0x080019d9   Thumb Code    40  btod.o(CL$$btod_ediv)
    _btod_emul                               0x08001a01   Thumb Code    40  btod.o(CL$$btod_emul)
    __btod_mult_common                       0x08001a29   Thumb Code   580  btod.o(CL$$btod_mult_common)
    CameraToWhiteBoard                       0x08001c6d   Thumb Code   136  camera.o(i.CameraToWhiteBoard)
    ComputeCoordinate                        0x08001ecd   Thumb Code   172  camera.o(i.ComputeCoordinate)
    DMA_GetFlagStatus                        0x08001f99   Thumb Code    36  stm32f10x_dma.o(i.DMA_GetFlagStatus)
    EXTI0_IRQHandler                         0x08001fc5   Thumb Code    72  camera.o(i.EXTI0_IRQHandler)
    EXTI_ClearITPendingBit                   0x08002015   Thumb Code     6  stm32f10x_exti.o(i.EXTI_ClearITPendingBit)
    EXTI_GenerateSWInterrupt                 0x08002021   Thumb Code    12  stm32f10x_exti.o(i.EXTI_GenerateSWInterrupt)
    EXTI_GetITStatus                         0x08002031   Thumb Code    34  stm32f10x_exti.o(i.EXTI_GetITStatus)
    EXTI_Init                                0x08002059   Thumb Code   142  stm32f10x_exti.o(i.EXTI_Init)
    FLASH_ClearFlag                          0x080020ed   Thumb Code     6  stm32f10x_flash.o(i.FLASH_ClearFlag)
    FLASH_ErasePage                          0x080020f9   Thumb Code    72  stm32f10x_flash.o(i.FLASH_ErasePage)
    FLASH_GetBank1Status                     0x08002145   Thumb Code    48  stm32f10x_flash.o(i.FLASH_GetBank1Status)
    FLASH_Lock                               0x08002179   Thumb Code    14  stm32f10x_flash.o(i.FLASH_Lock)
    FLASH_ProgramHalfWord                    0x0800218d   Thumb Code    60  stm32f10x_flash.o(i.FLASH_ProgramHalfWord)
    FLASH_Unlock                             0x080021cd   Thumb Code    12  stm32f10x_flash.o(i.FLASH_Unlock)
    FLASH_WaitForLastOperation               0x080021e5   Thumb Code    38  stm32f10x_flash.o(i.FLASH_WaitForLastOperation)
    GPIO_EXTILineConfig                      0x080023f9   Thumb Code    60  stm32f10x_gpio.o(i.GPIO_EXTILineConfig)
    GPIO_Init                                0x08002439   Thumb Code   278  stm32f10x_gpio.o(i.GPIO_Init)
    GPIO_PinRemapConfig                      0x08002551   Thumb Code   138  stm32f10x_gpio.o(i.GPIO_PinRemapConfig)
    GPIO_ReadInputDataBit                    0x080025e1   Thumb Code    18  stm32f10x_gpio.o(i.GPIO_ReadInputDataBit)
    GPIO_ResetBits                           0x080025f3   Thumb Code     4  stm32f10x_gpio.o(i.GPIO_ResetBits)
    GPIO_SetBits                             0x080025f7   Thumb Code     4  stm32f10x_gpio.o(i.GPIO_SetBits)
    NVIC_Configuration                       0x080025fb   Thumb Code    58  sdcard.o(i.NVIC_Configuration)
    NVIC_Init                                0x08002635   Thumb Code   100  misc.o(i.NVIC_Init)
    NVIC_PriorityGroupConfig                 0x080026a5   Thumb Code    10  misc.o(i.NVIC_PriorityGroupConfig)
    NVIC_SetVectorTable                      0x080026b9   Thumb Code    12  misc.o(i.NVIC_SetVectorTable)
    PositionUpdate                           0x080026cd   Thumb Code    24  camera.o(i.PositionUpdate)
    RCC_AHBPeriphClockCmd                    0x080026e9   Thumb Code    26  stm32f10x_rcc.o(i.RCC_AHBPeriphClockCmd)
    RCC_APB1PeriphClockCmd                   0x08002709   Thumb Code    26  stm32f10x_rcc.o(i.RCC_APB1PeriphClockCmd)
    RCC_APB2PeriphClockCmd                   0x08002729   Thumb Code    26  stm32f10x_rcc.o(i.RCC_APB2PeriphClockCmd)
    RCC_GetClocksFreq                        0x08002749   Thumb Code   192  stm32f10x_rcc.o(i.RCC_GetClocksFreq)
    SDIO_ClearFlag                           0x08002939   Thumb Code     6  stm32f10x_sdio.o(i.SDIO_ClearFlag)
    SDIO_ClockCmd                            0x08002945   Thumb Code     6  stm32f10x_sdio.o(i.SDIO_ClockCmd)
    SDIO_DataConfig                          0x08002951   Thumb Code    42  stm32f10x_sdio.o(i.SDIO_DataConfig)
    SDIO_DeInit                              0x08002981   Thumb Code    28  stm32f10x_sdio.o(i.SDIO_DeInit)
    SDIO_GetCommandResponse                  0x080029a5   Thumb Code     8  stm32f10x_sdio.o(i.SDIO_GetCommandResponse)
    SDIO_GetFlagStatus                       0x080029b1   Thumb Code    20  stm32f10x_sdio.o(i.SDIO_GetFlagStatus)
    SDIO_GetPowerState                       0x080029c9   Thumb Code    10  stm32f10x_sdio.o(i.SDIO_GetPowerState)
    SDIO_GetResponse                         0x080029d9   Thumb Code    20  stm32f10x_sdio.o(i.SDIO_GetResponse)
    SDIO_Init                                0x080029f1   Thumb Code    42  stm32f10x_sdio.o(i.SDIO_Init)
    SDIO_ReadData                            0x08002a21   Thumb Code     6  stm32f10x_sdio.o(i.SDIO_ReadData)
    SDIO_SendCommand                         0x08002a2d   Thumb Code    38  stm32f10x_sdio.o(i.SDIO_SendCommand)
    SDIO_SetPowerState                       0x08002a59   Thumb Code    22  stm32f10x_sdio.o(i.SDIO_SetPowerState)
    SD_EnableWideBusOperation                0x08002a85   Thumb Code   140  sdcard.o(i.SD_EnableWideBusOperation)
    SD_GetCardInfo                           0x08002b19   Thumb Code   700  sdcard.o(i.SD_GetCardInfo)
    SD_Init                                  0x08002de5   Thumb Code   106  sdcard.o(i.SD_Init)
    SD_InitializeCards                       0x08002e59   Thumb Code   294  sdcard.o(i.SD_InitializeCards)
    SD_PowerON                               0x08002f95   Thumb Code   374  sdcard.o(i.SD_PowerON)
    SD_ReadBlock                             0x0800311d   Thumb Code   340  sdcard.o(i.SD_ReadBlock)
    SD_SelectDeselect                        0x0800328d   Thumb Code    48  sdcard.o(i.SD_SelectDeselect)
    SD_WaitReadOperation                     0x080032c1   Thumb Code    62  sdcard.o(i.SD_WaitReadOperation)
    SD_uart                                  0x08003309   Thumb Code    94  sdcard.o(i.SD_uart)
    SPI_CalculateCRC                         0x08003375   Thumb Code    24  stm32f10x_spi.o(i.SPI_CalculateCRC)
    SPI_Cmd                                  0x0800338d   Thumb Code    24  stm32f10x_spi.o(i.SPI_Cmd)
    SPI_I2S_GetFlagStatus                    0x080033a5   Thumb Code    18  stm32f10x_spi.o(i.SPI_I2S_GetFlagStatus)
    SPI_I2S_ReceiveData                      0x080033b7   Thumb Code     6  stm32f10x_spi.o(i.SPI_I2S_ReceiveData)
    SPI_I2S_SendData                         0x080033bd   Thumb Code     4  stm32f10x_spi.o(i.SPI_I2S_SendData)
    SPI_Init                                 0x080033c1   Thumb Code    60  stm32f10x_spi.o(i.SPI_Init)
    SPI_SSOutputCmd                          0x080033fd   Thumb Code    24  stm32f10x_spi.o(i.SPI_SSOutputCmd)
    SetBackToZero                            0x08003415   Thumb Code    16  camera.o(i.SetBackToZero)
    Sqrt                                     0x08003515   Thumb Code   150  vec.o(i.Sqrt)
    SysTick_Handler                          0x080035b1   Thumb Code    12  ticks.o(i.SysTick_Handler)
    SystemInit                               0x080035c1   Thumb Code    78  system_stm32f10x.o(i.SystemInit)
    USART1_IRQHandler                        0x08003621   Thumb Code    48  uart.o(i.USART1_IRQHandler)
    USART3_IRQHandler                        0x0800365d   Thumb Code    48  uart.o(i.USART3_IRQHandler)
    USART_ClearITPendingBit                  0x08003699   Thumb Code    30  stm32f10x_usart.o(i.USART_ClearITPendingBit)
    USART_Cmd                                0x080036b7   Thumb Code    24  stm32f10x_usart.o(i.USART_Cmd)
    USART_GetFlagStatus                      0x080036cf   Thumb Code    26  stm32f10x_usart.o(i.USART_GetFlagStatus)
    USART_GetITStatus                        0x080036e9   Thumb Code    84  stm32f10x_usart.o(i.USART_GetITStatus)
    USART_ITConfig                           0x0800373d   Thumb Code    74  stm32f10x_usart.o(i.USART_ITConfig)
    USART_Init                               0x08003789   Thumb Code   210  stm32f10x_usart.o(i.USART_Init)
    USART_ReceiveData                        0x08003861   Thumb Code    10  stm32f10x_usart.o(i.USART_ReceiveData)
    USART_SendData                           0x0800386b   Thumb Code     8  stm32f10x_usart.o(i.USART_SendData)
    UserPositionInit                         0x08003875   Thumb Code   180  camera.o(i.UserPositionInit)
    __ARM_fpclassify                         0x08003939   Thumb Code    40  fpclassify.o(i.__ARM_fpclassify)
    _is_digit                                0x08003961   Thumb Code    14  __printf_wp.o(i._is_digit)
    assign_col                               0x0800396f   Thumb Code    28  vec.o(i.assign_col)
    button_init                              0x0800398d   Thumb Code   118  button.o(i.button_init)
    cameraInit                               0x08003a19   Thumb Code   340  camera.o(i.cameraInit)
    cameraSccbInit                           0x08003b89   Thumb Code   154  camera.o(i.cameraSccbInit)
    cameraTestTftDisplay                     0x08003c31   Thumb Code   380  camera.o(i.cameraTestTftDisplay)
    computeDirty                             0x08003dc5   Thumb Code   552  camera.o(i.computeDirty)
    config_limit                             0x08003ffd   Thumb Code   680  camera.o(i.config_limit)
    cross_prod                               0x080042d9   Thumb Code    62  vec.o(i.cross_prod)
    delay                                    0x08004319   Thumb Code    40  ticks.o(i.delay)
    det                                      0x08004349   Thumb Code    14  vec.o(i.det)
    flashDetection                           0x08004359   Thumb Code   868  camera.o(i.flashDetection)
    get_ready                                0x080046e1   Thumb Code    10  uart.o(i.get_ready)
    get_target_x                             0x080046f1   Thumb Code     4  uart.o(i.get_target_x)
    get_target_y                             0x080046f9   Thumb Code     4  uart.o(i.get_target_y)
    get_ticks                                0x08004701   Thumb Code     6  ticks.o(i.get_ticks)
    in_rectangle                             0x0800470d   Thumb Code   390  vec.o(i.in_rectangle)
    in_upper                                 0x08004895   Thumb Code    34  camera.o(i.in_upper)
    inverse                                  0x080048c1   Thumb Code   244  vec.o(i.inverse)
    main                                     0x080049b5   Thumb Code   842  main.o(i.main)
    mat_det                                  0x08004dad   Thumb Code    64  vec.o(i.mat_det)
    mat_prod                                 0x08004ded   Thumb Code   242  vec.o(i.mat_prod)
    mat_vec_prod                             0x08004edf   Thumb Code    90  vec.o(i.mat_vec_prod)
    positionInit                             0x08004f39   Thumb Code   340  camera.o(i.positionInit)
    quickflash                               0x080050dd   Thumb Code   496  camera.o(i.quickflash)
    readImage                                0x080052e1   Thumb Code    76  flash.o(i.readImage)
    readImage2                               0x08005331   Thumb Code    76  flash.o(i.readImage2)
    read_button                              0x08005381   Thumb Code    78  button.o(i.read_button)
    readnum                                  0x080053d5   Thumb Code     6  flash.o(i.readnum)
    reset_ready                              0x080053e1   Thumb Code     8  uart.o(i.reset_ready)
    reset_user_flag                          0x080053ed   Thumb Code     8  camera.o(i.reset_user_flag)
    roughImage                               0x080053f9   Thumb Code   218  camera.o(i.roughImage)
    sca_mat_div                              0x080054e5   Thumb Code    74  vec.o(i.sca_mat_div)
    sca_mat_prod                             0x0800552f   Thumb Code    56  vec.o(i.sca_mat_prod)
    sca_vec_div                              0x08005567   Thumb Code    26  vec.o(i.sca_vec_div)
    sccbReadByte                             0x08005601   Thumb Code   122  camera.o(i.sccbReadByte)
    sccbWriteByte                            0x08005801   Thumb Code    64  camera.o(i.sccbWriteByte)
    send_LED                                 0x08005841   Thumb Code    20  uart.o(i.send_LED)
    send_init                                0x08005855   Thumb Code    12  uart.o(i.send_init)
    send_next                                0x08005861   Thumb Code    12  uart.o(i.send_next)
    send_position                            0x0800586d   Thumb Code    64  uart.o(i.send_position)
    send_target                              0x080058ad   Thumb Code    60  uart.o(i.send_target)
    set_user_flag                            0x080058e9   Thumb Code     8  camera.o(i.set_user_flag)
    storeImage                               0x080058f5   Thumb Code   252  camera.o(i.storeImage)
    storeImage2                              0x08005a01   Thumb Code   252  camera.o(i.storeImage2)
    tft_char_is_changed                      0x08005b0d   Thumb Code   186  tft.o(i.tft_char_is_changed)
    tft_clear                                0x08005be1   Thumb Code    22  tft.o(i.tft_clear)
    tft_clear_line                           0x08005bf9   Thumb Code    68  tft.o(i.tft_clear_line)
    tft_config                               0x08005c51   Thumb Code   532  tft.o(i.tft_config)
    tft_fill_color                           0x08005e65   Thumb Code    98  tft.o(i.tft_fill_color)
    tft_init                                 0x08005ec9   Thumb Code   172  tft.o(i.tft_init)
    tft_prints                               0x08005f91   Thumb Code   222  tft.o(i.tft_prints)
    tft_reset                                0x08006089   Thumb Code    32  tft.o(i.tft_reset)
    tft_set_bg_color                         0x080060ad   Thumb Code     6  tft.o(i.tft_set_bg_color)
    tft_set_char_pos                         0x080060b9   Thumb Code    90  tft.o(i.tft_set_char_pos)
    tft_set_special_color                    0x08006115   Thumb Code     6  tft.o(i.tft_set_special_color)
    tft_set_text_color                       0x08006121   Thumb Code     6  tft.o(i.tft_set_text_color)
    tft_spi_init                             0x0800612d   Thumb Code   190  tft.o(i.tft_spi_init)
    tft_update                               0x080061f5   Thumb Code  1452  tft.o(i.tft_update)
    tft_write_command                        0x080067b5   Thumb Code    72  tft.o(i.tft_write_command)
    tft_write_data                           0x08006805   Thumb Code    72  tft.o(i.tft_write_data)
    ticks_init                               0x08006855   Thumb Code   124  ticks.o(i.ticks_init)
    transpose                                0x080068e5   Thumb Code    62  vec.o(i.transpose)
    uart_init                                0x08006925   Thumb Code   186  uart.o(i.uart_init)
    uart_interrupt                           0x080069fd   Thumb Code    62  uart.o(i.uart_interrupt)
    uart_interrupt_init                      0x08006a45   Thumb Code    26  uart.o(i.uart_interrupt_init)
    uart_receive                             0x08006a69   Thumb Code   406  uart.o(i.uart_receive)
    uart_tx                                  0x08006c25   Thumb Code    54  uart.o(i.uart_tx)
    uart_tx_byte                             0x08006c5d   Thumb Code    38  uart.o(i.uart_tx_byte)
    user_point_X_decrease                    0x08006c89   Thumb Code    24  camera.o(i.user_point_X_decrease)
    user_point_X_increase                    0x08006ca5   Thumb Code    24  camera.o(i.user_point_X_increase)
    user_point_Y_decrease                    0x08006cc1   Thumb Code    28  camera.o(i.user_point_Y_decrease)
    user_point_Y_increase                    0x08006ce1   Thumb Code    28  camera.o(i.user_point_Y_increase)
    vec_length                               0x08006d01   Thumb Code    18  vec.o(i.vec_length)
    vec_length2                              0x08006d13   Thumb Code    14  vec.o(i.vec_length2)
    vec_sub                                  0x08006d21   Thumb Code    40  vec.o(i.vec_sub)
    writeRow                                 0x08006d49   Thumb Code   108  flash.o(i.writeRow)
    writeRow2                                0x08006db9   Thumb Code   112  flash.o(i.writeRow2)
    writenum                                 0x08006e2d   Thumb Code    36  flash.o(i.writenum)
    _get_lc_numeric                          0x08006e55   Thumb Code    44  lc_numeric_c.o(locale$$code)
    _get_lc_ctype                            0x08006e81   Thumb Code    44  lc_ctype_c.o(locale$$code)
    __aeabi_f2uiz                            0x08006ead   Thumb Code     0  ffixu.o(x$fpl$ffixu)
    _ffixu                                   0x08006ead   Thumb Code    62  ffixu.o(x$fpl$ffixu)
    __aeabi_i2f                              0x08006eed   Thumb Code     0  fflt_clz.o(x$fpl$fflt)
    _fflt                                    0x08006eed   Thumb Code    48  fflt_clz.o(x$fpl$fflt)
    __fpl_fnaninf                            0x08006f1d   Thumb Code   140  fnaninf.o(x$fpl$fnaninf)
    _printf_fp_dec                           0x08006fa9   Thumb Code     4  printf1.o(x$fpl$printf1)
    _printf_fp_hex                           0x08006fad   Thumb Code     4  printf2.o(x$fpl$printf2)
    __I$use$fp                               0x08006fb0   Number         0  usenofp.o(x$fpl$usenofp)
    button_pins                              0x08006fb0   Data           8  button.o(.constdata)
    com_tx_port_clk                          0x08006fb8   Data           8  uart.o(.constdata)
    com_rx_port_clk                          0x08006fc0   Data           8  uart.o(.constdata)
    com_usart_clk                            0x08006fc8   Data           8  uart.o(.constdata)
    com_tx_pin                               0x08006fd0   Data           4  uart.o(.constdata)
    com_rx_pin                               0x08006fd4   Data           4  uart.o(.constdata)
    com_irq                                  0x08006fd8   Data           4  uart.o(.constdata)
    Region$$Table$$Base                      0x080070d8   Number         0  anon$$obj.o(Region$$Table)
    Region$$Table$$Limit                     0x080070f8   Number         0  anon$$obj.o(Region$$Table)
    __ctype                                  0x08007121   Data           0  lc_ctype_c.o(locale$$data)
    SystemCoreClock                          0x20000014   Data           4  system_stm32f10x.o(.data)
    AHBPrescTable                            0x20000018   Data          16  system_stm32f10x.o(.data)
    msec                                     0x20000028   Data           4  ticks.o(.data)
    is_ticks_enabled                         0x2000002c   Data           1  ticks.o(.data)
    button_ports                             0x20000030   Data          16  button.o(.data)
    com_usart                                0x20000040   Data           8  uart.o(.data)
    com_tx_port                              0x20000048   Data           8  uart.o(.data)
    com_rx_port                              0x20000050   Data           8  uart.o(.data)
    uart_rx_listener                         0x20000058   Data           8  uart.o(.data)
    has_uart_rx_listener                     0x20000060   Data           2  uart.o(.data)
    x_index                                  0x20000062   Data           2  uart.o(.data)
    y_index                                  0x20000064   Data           2  uart.o(.data)
    x_position                               0x20000066   Data           2  uart.o(.data)
    y_position                               0x20000068   Data           2  uart.o(.data)
    LED_state                                0x2000006a   Data           1  uart.o(.data)
    check                                    0x2000006b   Data           1  uart.o(.data)
    curr_bg_color                            0x2000106c   Data           2  tft.o(.data)
    curr_text_color                          0x2000106e   Data           2  tft.o(.data)
    curr_text_color_sp                       0x20001070   Data           2  tft.o(.data)
    tft_orientation                          0x20001072   Data           1  tft.o(.data)
    tft_enabled                              0x20001073   Data           1  tft.o(.data)
    print_pos                                0x20001074   Data           2  tft.o(.data)
    imageType                                0x2000207c   Data           1  camera.o(.data)
    camState                                 0x2000207d   Data           1  camera.o(.data)
    threshold                                0x2000207e   Data           1  camera.o(.data)
    x_limit                                  0x20002080   Data           4  camera.o(.data)
    y_limit                                  0x20002084   Data           4  camera.o(.data)
    user_flag                                0x20002088   Data           1  camera.o(.data)
    x_length                                 0x2000208a   Data           2  camera.o(.data)
    y_length                                 0x2000208c   Data           2  camera.o(.data)
    slope                                    0x20002090   Data           4  camera.o(.data)
    offset                                   0x20002094   Data           4  camera.o(.data)
    offset_count                             0x20002098   Data           1  camera.o(.data)
    x_portion                                0x2000209a   Data           2  camera.o(.data)
    y_portion                                0x2000209c   Data           2  camera.o(.data)
    cameraConfig                             0x2000209e   Data         170  camera.o(.data)
    cameraConfigLength                       0x20002148   Data           1  camera.o(.data)
    StopCondition                            0x20003154   Data           4  sdcard.o(.data)
    TransferError                            0x20003158   Data           1  sdcard.o(.data)
    TransferEnd                              0x2000315c   Data           4  sdcard.o(.data)
    position                                 0x20003180   Data          12  uart.o(.bss)
    target_x                                 0x2000318c   Data         500  uart.o(.bss)
    target_y                                 0x20003380   Data         500  uart.o(.bss)
    text                                     0x20003574   Data         200  tft.o(.bss)
    text_prev                                0x2000363c   Data         200  tft.o(.bss)
    text_color                               0x20003704   Data         400  tft.o(.bss)
    text_color_prev                          0x20003894   Data         400  tft.o(.bss)
    bg_color                                 0x20003a24   Data         400  tft.o(.bss)
    bg_color_prev                            0x20003bb4   Data         400  tft.o(.bss)
    text_bg_color_prev                       0x20003d44   Data         200  tft.o(.bss)
    Image                                    0x20003e0c   Data        1920  camera.o(.bss)
    rough                                    0x2000458c   Data        4800  camera.o(.bss)
    point                                    0x2000584c   Data          36  camera.o(.bss)
    corner                                   0x20005870   Data          48  camera.o(.bss)
    user_point                               0x200058a0   Data          48  camera.o(.bss)
    Position                                 0x200058d0   Data          12  camera.o(.bss)
    Upper_M                                  0x200058dc   Data          36  camera.o(.bss)
    Lower_M                                  0x20005900   Data          36  camera.o(.bss)
    Upper_invM                               0x20005924   Data          36  camera.o(.bss)
    Lower_invM                               0x20005948   Data          36  camera.o(.bss)
    Position_offset                          0x2000596c   Data          12  camera.o(.bss)
    SDCardInfo                               0x200059a8   Data          80  sdcard.o(.bss)
    Buffer_Block_Tx                          0x200059f8   Data         512  sdcard.o(.bss)
    Buffer_Block_Rx                          0x20005bf8   Data         512  sdcard.o(.bss)
    SDIO_InitStructure                       0x20005df8   Data          24  sdcard.o(.bss)
    SDIO_CmdInitStructure                    0x20005e10   Data          20  sdcard.o(.bss)
    SDIO_DataInitStructure                   0x20005e24   Data          24  sdcard.o(.bss)
    __libspace_start                         0x20005e3c   Data          96  libspace.o(.bss)
    __temporary_stack_top$libspace           0x20005e9c   Data           0  libspace.o(.bss)



==============================================================================

Memory Map of the image

  Image Entry point : 0x080000ed

  Load Region LR_IROM1 (Base: 0x08000000, Size: 0x0000a384, Max: 0x00040000, ABSOLUTE, COMPRESSED[0x00007a10])

    Execution Region ER_IROM1 (Base: 0x08000000, Size: 0x00007224, Max: 0x00040000, ABSOLUTE)

    Base Addr    Size         Type   Attr      Idx    E Section Name        Object

    0x08000000   0x000000ec   Data   RO            3    RESET               startup_stm32f10x_md.o
    0x080000ec   0x00000008   Code   RO         4912  * !!!main             c_w.l(__main.o)
    0x080000f4   0x00000034   Code   RO         5257    !!!scatter          c_w.l(__scatter.o)
    0x08000128   0x00000064   Code   RO         5255    !!dclz77c           c_w.l(__dclz77c.o)
    0x0800018c   0x0000001c   Code   RO         5259    !!handler_zi        c_w.l(__scatter_zi.o)
    0x080001a8   0x00000000   Code   RO         5010    .ARM.Collect$$_printf_percent$$00000000  c_w.l(_printf_percent.o)
    0x080001a8   0x00000006   Code   RO         4999    .ARM.Collect$$_printf_percent$$00000001  c_w.l(_printf_n.o)
    0x080001ae   0x00000006   Code   RO         5001    .ARM.Collect$$_printf_percent$$00000002  c_w.l(_printf_p.o)
    0x080001b4   0x00000006   Code   RO         5006    .ARM.Collect$$_printf_percent$$00000003  c_w.l(_printf_f.o)
    0x080001ba   0x00000006   Code   RO         5007    .ARM.Collect$$_printf_percent$$00000004  c_w.l(_printf_e.o)
    0x080001c0   0x00000006   Code   RO         5008    .ARM.Collect$$_printf_percent$$00000005  c_w.l(_printf_g.o)
    0x080001c6   0x00000006   Code   RO         5009    .ARM.Collect$$_printf_percent$$00000006  c_w.l(_printf_a.o)
    0x080001cc   0x0000000a   Code   RO         5014    .ARM.Collect$$_printf_percent$$00000007  c_w.l(_printf_ll.o)
    0x080001d6   0x00000006   Code   RO         5003    .ARM.Collect$$_printf_percent$$00000008  c_w.l(_printf_i.o)
    0x080001dc   0x00000006   Code   RO         5004    .ARM.Collect$$_printf_percent$$00000009  c_w.l(_printf_d.o)
    0x080001e2   0x00000006   Code   RO         5005    .ARM.Collect$$_printf_percent$$0000000A  c_w.l(_printf_u.o)
    0x080001e8   0x00000006   Code   RO         5002    .ARM.Collect$$_printf_percent$$0000000B  c_w.l(_printf_o.o)
    0x080001ee   0x00000006   Code   RO         5000    .ARM.Collect$$_printf_percent$$0000000C  c_w.l(_printf_x.o)
    0x080001f4   0x00000006   Code   RO         5011    .ARM.Collect$$_printf_percent$$0000000D  c_w.l(_printf_lli.o)
    0x080001fa   0x00000006   Code   RO         5012    .ARM.Collect$$_printf_percent$$0000000E  c_w.l(_printf_lld.o)
    0x08000200   0x00000006   Code   RO         5013    .ARM.Collect$$_printf_percent$$0000000F  c_w.l(_printf_llu.o)
    0x08000206   0x00000006   Code   RO         5018    .ARM.Collect$$_printf_percent$$00000010  c_w.l(_printf_llo.o)
    0x0800020c   0x00000006   Code   RO         5019    .ARM.Collect$$_printf_percent$$00000011  c_w.l(_printf_llx.o)
    0x08000212   0x0000000a   Code   RO         5015    .ARM.Collect$$_printf_percent$$00000012  c_w.l(_printf_l.o)
    0x0800021c   0x00000006   Code   RO         4997    .ARM.Collect$$_printf_percent$$00000013  c_w.l(_printf_c.o)
    0x08000222   0x00000006   Code   RO         4998    .ARM.Collect$$_printf_percent$$00000014  c_w.l(_printf_s.o)
    0x08000228   0x00000006   Code   RO         5016    .ARM.Collect$$_printf_percent$$00000015  c_w.l(_printf_lc.o)
    0x0800022e   0x00000006   Code   RO         5017    .ARM.Collect$$_printf_percent$$00000016  c_w.l(_printf_ls.o)
    0x08000234   0x00000004   Code   RO         5063    .ARM.Collect$$_printf_percent$$00000017  c_w.l(_printf_percent_end.o)
    0x08000238   0x00000002   Code   RO         5116    .ARM.Collect$$libinit$$00000000  c_w.l(libinit.o)
    0x0800023a   0x00000000   Code   RO         5138    .ARM.Collect$$libinit$$00000002  c_w.l(libinit2.o)
    0x0800023a   0x00000000   Code   RO         5140    .ARM.Collect$$libinit$$00000004  c_w.l(libinit2.o)
    0x0800023a   0x00000000   Code   RO         5143    .ARM.Collect$$libinit$$0000000A  c_w.l(libinit2.o)
    0x0800023a   0x00000000   Code   RO         5145    .ARM.Collect$$libinit$$0000000C  c_w.l(libinit2.o)
    0x0800023a   0x00000000   Code   RO         5147    .ARM.Collect$$libinit$$0000000E  c_w.l(libinit2.o)
    0x0800023a   0x00000006   Code   RO         5148    .ARM.Collect$$libinit$$0000000F  c_w.l(libinit2.o)
    0x08000240   0x00000000   Code   RO         5150    .ARM.Collect$$libinit$$00000011  c_w.l(libinit2.o)
    0x08000240   0x0000000c   Code   RO         5151    .ARM.Collect$$libinit$$00000012  c_w.l(libinit2.o)
    0x0800024c   0x00000000   Code   RO         5152    .ARM.Collect$$libinit$$00000013  c_w.l(libinit2.o)
    0x0800024c   0x00000000   Code   RO         5154    .ARM.Collect$$libinit$$00000015  c_w.l(libinit2.o)
    0x0800024c   0x0000000a   Code   RO         5155    .ARM.Collect$$libinit$$00000016  c_w.l(libinit2.o)
    0x08000256   0x00000000   Code   RO         5156    .ARM.Collect$$libinit$$00000017  c_w.l(libinit2.o)
    0x08000256   0x00000000   Code   RO         5158    .ARM.Collect$$libinit$$00000019  c_w.l(libinit2.o)
    0x08000256   0x00000000   Code   RO         5160    .ARM.Collect$$libinit$$0000001B  c_w.l(libinit2.o)
    0x08000256   0x00000000   Code   RO         5162    .ARM.Collect$$libinit$$0000001D  c_w.l(libinit2.o)
    0x08000256   0x00000000   Code   RO         5164    .ARM.Collect$$libinit$$0000001F  c_w.l(libinit2.o)
    0x08000256   0x00000000   Code   RO         5166    .ARM.Collect$$libinit$$00000021  c_w.l(libinit2.o)
    0x08000256   0x00000000   Code   RO         5168    .ARM.Collect$$libinit$$00000023  c_w.l(libinit2.o)
    0x08000256   0x00000000   Code   RO         5170    .ARM.Collect$$libinit$$00000025  c_w.l(libinit2.o)
    0x08000256   0x00000000   Code   RO         5174    .ARM.Collect$$libinit$$0000002C  c_w.l(libinit2.o)
    0x08000256   0x00000000   Code   RO         5176    .ARM.Collect$$libinit$$0000002E  c_w.l(libinit2.o)
    0x08000256   0x00000000   Code   RO         5178    .ARM.Collect$$libinit$$00000030  c_w.l(libinit2.o)
    0x08000256   0x00000000   Code   RO         5180    .ARM.Collect$$libinit$$00000032  c_w.l(libinit2.o)
    0x08000256   0x00000002   Code   RO         5181    .ARM.Collect$$libinit$$00000033  c_w.l(libinit2.o)
    0x08000258   0x00000002   Code   RO         5212    .ARM.Collect$$libshutdown$$00000000  c_w.l(libshutdown.o)
    0x0800025a   0x00000000   Code   RO         5238    .ARM.Collect$$libshutdown$$00000002  c_w.l(libshutdown2.o)
    0x0800025a   0x00000000   Code   RO         5240    .ARM.Collect$$libshutdown$$00000004  c_w.l(libshutdown2.o)
    0x0800025a   0x00000000   Code   RO         5243    .ARM.Collect$$libshutdown$$00000007  c_w.l(libshutdown2.o)
    0x0800025a   0x00000000   Code   RO         5246    .ARM.Collect$$libshutdown$$0000000A  c_w.l(libshutdown2.o)
    0x0800025a   0x00000000   Code   RO         5248    .ARM.Collect$$libshutdown$$0000000C  c_w.l(libshutdown2.o)
    0x0800025a   0x00000000   Code   RO         5251    .ARM.Collect$$libshutdown$$0000000F  c_w.l(libshutdown2.o)
    0x0800025a   0x00000002   Code   RO         5252    .ARM.Collect$$libshutdown$$00000010  c_w.l(libshutdown2.o)
    0x0800025c   0x00000000   Code   RO         4924    .ARM.Collect$$rtentry$$00000000  c_w.l(__rtentry.o)
    0x0800025c   0x00000000   Code   RO         5032    .ARM.Collect$$rtentry$$00000002  c_w.l(__rtentry2.o)
    0x0800025c   0x00000006   Code   RO         5044    .ARM.Collect$$rtentry$$00000004  c_w.l(__rtentry4.o)
    0x08000262   0x00000000   Code   RO         5034    .ARM.Collect$$rtentry$$00000009  c_w.l(__rtentry2.o)
    0x08000262   0x00000004   Code   RO         5035    .ARM.Collect$$rtentry$$0000000A  c_w.l(__rtentry2.o)
    0x08000266   0x00000000   Code   RO         5037    .ARM.Collect$$rtentry$$0000000C  c_w.l(__rtentry2.o)
    0x08000266   0x00000008   Code   RO         5038    .ARM.Collect$$rtentry$$0000000D  c_w.l(__rtentry2.o)
    0x0800026e   0x00000002   Code   RO         5124    .ARM.Collect$$rtexit$$00000000  c_w.l(rtexit.o)
    0x08000270   0x00000000   Code   RO         5185    .ARM.Collect$$rtexit$$00000002  c_w.l(rtexit2.o)
    0x08000270   0x00000004   Code   RO         5186    .ARM.Collect$$rtexit$$00000003  c_w.l(rtexit2.o)
    0x08000274   0x00000006   Code   RO         5187    .ARM.Collect$$rtexit$$00000004  c_w.l(rtexit2.o)
    0x0800027a   0x00000002   PAD
    0x0800027c   0x00000040   Code   RO            4    .text               startup_stm32f10x_md.o
    0x080002bc   0x000000ee   Code   RO         4902    .text               c_w.l(lludivv7m.o)
    0x080003aa   0x00000002   PAD
    0x080003ac   0x00000024   Code   RO         4904    .text               c_w.l(vsprintf.o)
    0x080003d0   0x00000064   Code   RO         4908    .text               c_w.l(rt_memcpy_w.o)
    0x08000434   0x00000006   Code   RO         4910    .text               c_w.l(heapauxi.o)
    0x0800043a   0x0000004e   Code   RO         4931    .text               c_w.l(_printf_pad.o)
    0x08000488   0x00000024   Code   RO         4933    .text               c_w.l(_printf_truncate.o)
    0x080004ac   0x00000052   Code   RO         4935    .text               c_w.l(_printf_str.o)
    0x080004fe   0x00000002   PAD
    0x08000500   0x00000078   Code   RO         4937    .text               c_w.l(_printf_dec.o)
    0x08000578   0x00000028   Code   RO         4939    .text               c_w.l(_printf_charcount.o)
    0x080005a0   0x00000030   Code   RO         4941    .text               c_w.l(_printf_char_common.o)
    0x080005d0   0x0000000a   Code   RO         4943    .text               c_w.l(_sputc.o)
    0x080005da   0x00000002   PAD
    0x080005dc   0x000000bc   Code   RO         4945    .text               c_w.l(_printf_wctomb.o)
    0x08000698   0x0000007c   Code   RO         4948    .text               c_w.l(_printf_longlong_dec.o)
    0x08000714   0x00000070   Code   RO         4954    .text               c_w.l(_printf_oct_int_ll.o)
    0x08000784   0x00000094   Code   RO         4974    .text               c_w.l(_printf_hex_int_ll_ptr.o)
    0x08000818   0x00000188   Code   RO         4994    .text               c_w.l(__printf_flags_ss_wp.o)
    0x080009a0   0x0000008a   Code   RO         5048    .text               c_w.l(lludiv10.o)
    0x08000a2a   0x000000b2   Code   RO         5050    .text               c_w.l(_printf_intcommon.o)
    0x08000adc   0x0000041a   Code   RO         5052    .text               c_w.l(_printf_fp_dec.o)
    0x08000ef6   0x00000002   PAD
    0x08000ef8   0x000002fc   Code   RO         5054    .text               c_w.l(_printf_fp_hex.o)
    0x080011f4   0x0000002c   Code   RO         5059    .text               c_w.l(_printf_char.o)
    0x08001220   0x0000002c   Code   RO         5061    .text               c_w.l(_printf_wchar.o)
    0x0800124c   0x00000040   Code   RO         5064    .text               c_w.l(_wcrtomb.o)
    0x0800128c   0x0000004a   Code   RO         5066    .text               c_w.l(sys_stackheap_outer.o)
    0x080012d6   0x00000002   PAD
    0x080012d8   0x00000010   Code   RO         5068    .text               c_w.l(rt_ctype_table.o)
    0x080012e8   0x00000008   Code   RO         5073    .text               c_w.l(rt_locale_intlibspace.o)
    0x080012f0   0x00000080   Code   RO         5075    .text               c_w.l(_printf_fp_infnan.o)
    0x08001370   0x000000dc   Code   RO         5077    .text               c_w.l(bigflt0.o)
    0x0800144c   0x00000012   Code   RO         5105    .text               c_w.l(exit.o)
    0x0800145e   0x00000002   PAD
    0x08001460   0x00000008   Code   RO         5121    .text               c_w.l(libspace.o)
    0x08001468   0x00000080   Code   RO         5135    .text               c_w.l(strcmpv7m.o)
    0x080014e8   0x0000000c   Code   RO         5182    .text               c_w.l(sys_exit.o)
    0x080014f4   0x00000002   Code   RO         5201    .text               c_w.l(use_no_semi.o)
    0x080014f6   0x00000000   Code   RO         5203    .text               c_w.l(indicate_semi.o)
    0x080014f6   0x0000003e   Code   RO         5080    CL$$btod_d2e        c_w.l(btod.o)
    0x08001534   0x00000046   Code   RO         5082    CL$$btod_d2e_denorm_low  c_w.l(btod.o)
    0x0800157a   0x00000060   Code   RO         5081    CL$$btod_d2e_norm_op1  c_w.l(btod.o)
    0x080015da   0x00000338   Code   RO         5090    CL$$btod_div_common  c_w.l(btod.o)
    0x08001912   0x000000c6   Code   RO         5087    CL$$btod_e2e        c_w.l(btod.o)
    0x080019d8   0x00000028   Code   RO         5084    CL$$btod_ediv       c_w.l(btod.o)
    0x08001a00   0x00000028   Code   RO         5083    CL$$btod_emul       c_w.l(btod.o)
    0x08001a28   0x00000244   Code   RO         5089    CL$$btod_mult_common  c_w.l(btod.o)
    0x08001c6c   0x000000a0   Code   RO         3720    i.CameraToWhiteBoard  camera.o
    0x08001d0c   0x0000002c   Code   RO         4211    i.CmdError          sdcard.o
    0x08001d38   0x00000028   Code   RO         4212    i.CmdResp1Error     sdcard.o
    0x08001d60   0x0000004c   Code   RO         4213    i.CmdResp2Error     sdcard.o
    0x08001dac   0x00000038   Code   RO         4214    i.CmdResp3Error     sdcard.o
    0x08001de4   0x0000009c   Code   RO         4215    i.CmdResp6Error     sdcard.o
    0x08001e80   0x0000004c   Code   RO         4216    i.CmdResp7Error     sdcard.o
    0x08001ecc   0x000000cc   Code   RO         3721    i.ComputeCoordinate  camera.o
    0x08001f98   0x0000002c   Code   RO          816    i.DMA_GetFlagStatus  stm32f10x_dma.o
    0x08001fc4   0x00000050   Code   RO         3722    i.EXTI0_IRQHandler  camera.o
    0x08002014   0x0000000c   Code   RO          884    i.EXTI_ClearITPendingBit  stm32f10x_exti.o
    0x08002020   0x00000010   Code   RO          886    i.EXTI_GenerateSWInterrupt  stm32f10x_exti.o
    0x08002030   0x00000028   Code   RO          888    i.EXTI_GetITStatus  stm32f10x_exti.o
    0x08002058   0x00000094   Code   RO          889    i.EXTI_Init         stm32f10x_exti.o
    0x080020ec   0x0000000c   Code   RO          937    i.FLASH_ClearFlag   stm32f10x_flash.o
    0x080020f8   0x0000004c   Code   RO          942    i.FLASH_ErasePage   stm32f10x_flash.o
    0x08002144   0x00000034   Code   RO          943    i.FLASH_GetBank1Status  stm32f10x_flash.o
    0x08002178   0x00000014   Code   RO          952    i.FLASH_Lock        stm32f10x_flash.o
    0x0800218c   0x00000040   Code   RO          955    i.FLASH_ProgramHalfWord  stm32f10x_flash.o
    0x080021cc   0x00000018   Code   RO          960    i.FLASH_Unlock      stm32f10x_flash.o
    0x080021e4   0x00000026   Code   RO          964    i.FLASH_WaitForLastOperation  stm32f10x_flash.o
    0x0800220a   0x00000002   PAD
    0x0800220c   0x0000019c   Code   RO         4219    i.FindSCR           sdcard.o
    0x080023a8   0x00000050   Code   RO         4220    i.GPIO_Configuration  sdcard.o
    0x080023f8   0x00000040   Code   RO         1234    i.GPIO_EXTILineConfig  stm32f10x_gpio.o
    0x08002438   0x00000116   Code   RO         1237    i.GPIO_Init         stm32f10x_gpio.o
    0x0800254e   0x00000002   PAD
    0x08002550   0x00000090   Code   RO         1239    i.GPIO_PinRemapConfig  stm32f10x_gpio.o
    0x080025e0   0x00000012   Code   RO         1241    i.GPIO_ReadInputDataBit  stm32f10x_gpio.o
    0x080025f2   0x00000004   Code   RO         1244    i.GPIO_ResetBits    stm32f10x_gpio.o
    0x080025f6   0x00000004   Code   RO         1245    i.GPIO_SetBits      stm32f10x_gpio.o
    0x080025fa   0x0000003a   Code   RO         4222    i.NVIC_Configuration  sdcard.o
    0x08002634   0x00000070   Code   RO           24    i.NVIC_Init         misc.o
    0x080026a4   0x00000014   Code   RO           25    i.NVIC_PriorityGroupConfig  misc.o
    0x080026b8   0x00000014   Code   RO           26    i.NVIC_SetVectorTable  misc.o
    0x080026cc   0x0000001c   Code   RO         3723    i.PositionUpdate    camera.o
    0x080026e8   0x00000020   Code   RO         1661    i.RCC_AHBPeriphClockCmd  stm32f10x_rcc.o
    0x08002708   0x00000020   Code   RO         1662    i.RCC_APB1PeriphClockCmd  stm32f10x_rcc.o
    0x08002728   0x00000020   Code   RO         1664    i.RCC_APB2PeriphClockCmd  stm32f10x_rcc.o
    0x08002748   0x000000d4   Code   RO         1672    i.RCC_GetClocksFreq  stm32f10x_rcc.o
    0x0800281c   0x0000011c   Code   RO         4223    i.SDEnWideBus       sdcard.o
    0x08002938   0x0000000c   Code   RO         1954    i.SDIO_ClearFlag    stm32f10x_sdio.o
    0x08002944   0x0000000c   Code   RO         1956    i.SDIO_ClockCmd     stm32f10x_sdio.o
    0x08002950   0x00000030   Code   RO         1960    i.SDIO_DataConfig   stm32f10x_sdio.o
    0x08002980   0x00000024   Code   RO         1962    i.SDIO_DeInit       stm32f10x_sdio.o
    0x080029a4   0x0000000c   Code   RO         1963    i.SDIO_GetCommandResponse  stm32f10x_sdio.o
    0x080029b0   0x00000018   Code   RO         1966    i.SDIO_GetFlagStatus  stm32f10x_sdio.o
    0x080029c8   0x00000010   Code   RO         1968    i.SDIO_GetPowerState  stm32f10x_sdio.o
    0x080029d8   0x00000018   Code   RO         1969    i.SDIO_GetResponse  stm32f10x_sdio.o
    0x080029f0   0x00000030   Code   RO         1971    i.SDIO_Init         stm32f10x_sdio.o
    0x08002a20   0x0000000c   Code   RO         1972    i.SDIO_ReadData     stm32f10x_sdio.o
    0x08002a2c   0x0000002c   Code   RO         1974    i.SDIO_SendCommand  stm32f10x_sdio.o
    0x08002a58   0x0000001c   Code   RO         1976    i.SDIO_SetPowerState  stm32f10x_sdio.o
    0x08002a74   0x00000010   Code   RO         4225    i.SD_DMAEndOfTransferStatus  sdcard.o
    0x08002a84   0x00000094   Code   RO         4229    i.SD_EnableWideBusOperation  sdcard.o
    0x08002b18   0x000002cc   Code   RO         4231    i.SD_GetCardInfo    sdcard.o
    0x08002de4   0x00000074   Code   RO         4236    i.SD_Init           sdcard.o
    0x08002e58   0x0000013c   Code   RO         4237    i.SD_InitializeCards  sdcard.o
    0x08002f94   0x00000188   Code   RO         4239    i.SD_PowerON        sdcard.o
    0x0800311c   0x00000170   Code   RO         4242    i.SD_ReadBlock      sdcard.o
    0x0800328c   0x00000034   Code   RO         4244    i.SD_SelectDeselect  sdcard.o
    0x080032c0   0x00000048   Code   RO         4248    i.SD_WaitReadOperation  sdcard.o
    0x08003308   0x0000006c   Code   RO         4254    i.SD_uart           sdcard.o
    0x08003374   0x00000018   Code   RO         2146    i.SPI_CalculateCRC  stm32f10x_spi.o
    0x0800338c   0x00000018   Code   RO         2147    i.SPI_Cmd           stm32f10x_spi.o
    0x080033a4   0x00000012   Code   RO         2155    i.SPI_I2S_GetFlagStatus  stm32f10x_spi.o
    0x080033b6   0x00000006   Code   RO         2158    i.SPI_I2S_ReceiveData  stm32f10x_spi.o
    0x080033bc   0x00000004   Code   RO         2159    i.SPI_I2S_SendData  stm32f10x_spi.o
    0x080033c0   0x0000003c   Code   RO         2160    i.SPI_Init          stm32f10x_spi.o
    0x080033fc   0x00000018   Code   RO         2162    i.SPI_SSOutputCmd   stm32f10x_spi.o
    0x08003414   0x00000018   Code   RO         3724    i.SetBackToZero     camera.o
    0x0800342c   0x00000008   Code   RO         3074    i.SetSysClock       system_stm32f10x.o
    0x08003434   0x000000e0   Code   RO         3075    i.SetSysClockTo72   system_stm32f10x.o
    0x08003514   0x0000009c   Code   RO         4039    i.Sqrt              vec.o
    0x080035b0   0x00000010   Code   RO         3108    i.SysTick_Handler   ticks.o
    0x080035c0   0x00000060   Code   RO         3077    i.SystemInit        system_stm32f10x.o
    0x08003620   0x0000003c   Code   RO         3211    i.USART1_IRQHandler  uart.o
    0x0800365c   0x0000003c   Code   RO         3212    i.USART3_IRQHandler  uart.o
    0x08003698   0x0000001e   Code   RO         2838    i.USART_ClearITPendingBit  stm32f10x_usart.o
    0x080036b6   0x00000018   Code   RO         2841    i.USART_Cmd         stm32f10x_usart.o
    0x080036ce   0x0000001a   Code   RO         2844    i.USART_GetFlagStatus  stm32f10x_usart.o
    0x080036e8   0x00000054   Code   RO         2845    i.USART_GetITStatus  stm32f10x_usart.o
    0x0800373c   0x0000004a   Code   RO         2847    i.USART_ITConfig    stm32f10x_usart.o
    0x08003786   0x00000002   PAD
    0x08003788   0x000000d8   Code   RO         2848    i.USART_Init        stm32f10x_usart.o
    0x08003860   0x0000000a   Code   RO         2855    i.USART_ReceiveData  stm32f10x_usart.o
    0x0800386a   0x00000008   Code   RO         2858    i.USART_SendData    stm32f10x_usart.o
    0x08003872   0x00000002   PAD
    0x08003874   0x000000c4   Code   RO         3726    i.UserPositionInit  camera.o
    0x08003938   0x00000028   Code   RO         5119    i.__ARM_fpclassify  m_ws.l(fpclassify.o)
    0x08003960   0x0000000e   Code   RO         4987    i._is_digit         c_w.l(__printf_wp.o)
    0x0800396e   0x0000001c   Code   RO         4040    i.assign_col        vec.o
    0x0800398a   0x00000002   PAD
    0x0800398c   0x0000008c   Code   RO         3185    i.button_init       button.o
    0x08003a18   0x00000170   Code   RO         3729    i.cameraInit        camera.o
    0x08003b88   0x000000a8   Code   RO         3730    i.cameraSccbInit    camera.o
    0x08003c30   0x00000194   Code   RO         3731    i.cameraTestTftDisplay  camera.o
    0x08003dc4   0x00000238   Code   RO         3732    i.computeDirty      camera.o
    0x08003ffc   0x000002dc   Code   RO         3733    i.config_limit      camera.o
    0x080042d8   0x0000003e   Code   RO         4041    i.cross_prod        vec.o
    0x08004316   0x00000002   PAD
    0x08004318   0x00000030   Code   RO         3109    i.delay             ticks.o
    0x08004348   0x0000000e   Code   RO         4042    i.det               vec.o
    0x08004356   0x00000002   PAD
    0x08004358   0x00000388   Code   RO         3734    i.flashDetection    camera.o
    0x080046e0   0x00000010   Code   RO         3219    i.get_ready         uart.o
    0x080046f0   0x00000008   Code   RO         3220    i.get_target_x      uart.o
    0x080046f8   0x00000008   Code   RO         3221    i.get_target_y      uart.o
    0x08004700   0x0000000c   Code   RO         3110    i.get_ticks         ticks.o
    0x0800470c   0x00000186   Code   RO         4044    i.in_rectangle      vec.o
    0x08004892   0x00000002   PAD
    0x08004894   0x0000002c   Code   RO         3742    i.in_upper          camera.o
    0x080048c0   0x000000f4   Code   RO         4046    i.inverse           vec.o
    0x080049b4   0x000003f8   Code   RO         4854    i.main              main.o
    0x08004dac   0x00000040   Code   RO         4047    i.mat_det           vec.o
    0x08004dec   0x000000f2   Code   RO         4048    i.mat_prod          vec.o
    0x08004ede   0x0000005a   Code   RO         4049    i.mat_vec_prod      vec.o
    0x08004f38   0x000001a4   Code   RO         3744    i.positionInit      camera.o
    0x080050dc   0x00000204   Code   RO         3745    i.quickflash        camera.o
    0x080052e0   0x00000050   Code   RO         4168    i.readImage         flash.o
    0x08005330   0x00000050   Code   RO         4169    i.readImage2        flash.o
    0x08005380   0x00000054   Code   RO         3186    i.read_button       button.o
    0x080053d4   0x0000000c   Code   RO         4170    i.readnum           flash.o
    0x080053e0   0x0000000c   Code   RO         3223    i.reset_ready       uart.o
    0x080053ec   0x0000000c   Code   RO         3746    i.reset_user_flag   camera.o
    0x080053f8   0x000000ec   Code   RO         3747    i.roughImage        camera.o
    0x080054e4   0x0000004a   Code   RO         4050    i.sca_mat_div       vec.o
    0x0800552e   0x00000038   Code   RO         4051    i.sca_mat_prod      vec.o
    0x08005566   0x0000001a   Code   RO         4052    i.sca_vec_div       vec.o
    0x08005580   0x00000038   Code   RO         3748    i.sccbAck           camera.o
    0x080055b8   0x00000010   Code   RO         3749    i.sccbDelay         camera.o
    0x080055c8   0x00000038   Code   RO         3750    i.sccbNoAck         camera.o
    0x08005600   0x0000007a   Code   RO         3751    i.sccbReadByte      camera.o
    0x0800567a   0x00000002   PAD
    0x0800567c   0x00000054   Code   RO         3752    i.sccbReceiveByte   camera.o
    0x080056d0   0x00000058   Code   RO         3753    i.sccbSendByte      camera.o
    0x08005728   0x00000054   Code   RO         3754    i.sccbStart         camera.o
    0x0800577c   0x00000038   Code   RO         3755    i.sccbStop          camera.o
    0x080057b4   0x0000004c   Code   RO         3756    i.sccbWaitAck       camera.o
    0x08005800   0x00000040   Code   RO         3757    i.sccbWriteByte     camera.o
    0x08005840   0x00000014   Code   RO         3224    i.send_LED          uart.o
    0x08005854   0x0000000c   Code   RO         3226    i.send_init         uart.o
    0x08005860   0x0000000c   Code   RO         3227    i.send_next         uart.o
    0x0800586c   0x00000040   Code   RO         3228    i.send_position     uart.o
    0x080058ac   0x0000003c   Code   RO         3230    i.send_target       uart.o
    0x080058e8   0x0000000c   Code   RO         3758    i.set_user_flag     camera.o
    0x080058f4   0x0000010c   Code   RO         3759    i.storeImage        camera.o
    0x08005a00   0x0000010c   Code   RO         3760    i.storeImage2       camera.o
    0x08005b0c   0x000000d4   Code   RO         3468    i.tft_char_is_changed  tft.o
    0x08005be0   0x00000016   Code   RO         3469    i.tft_clear         tft.o
    0x08005bf6   0x00000002   PAD
    0x08005bf8   0x00000058   Code   RO         3470    i.tft_clear_line    tft.o
    0x08005c50   0x00000214   Code   RO         3471    i.tft_config        tft.o
    0x08005e64   0x00000062   Code   RO         3474    i.tft_fill_color    tft.o
    0x08005ec6   0x00000002   PAD
    0x08005ec8   0x000000c8   Code   RO         3482    i.tft_init          tft.o
    0x08005f90   0x000000f8   Code   RO         3483    i.tft_prints        tft.o
    0x08006088   0x00000024   Code   RO         3485    i.tft_reset         tft.o
    0x080060ac   0x0000000c   Code   RO         3486    i.tft_set_bg_color  tft.o
    0x080060b8   0x0000005a   Code   RO         3487    i.tft_set_char_pos  tft.o
    0x08006112   0x00000002   PAD
    0x08006114   0x0000000c   Code   RO         3490    i.tft_set_special_color  tft.o
    0x08006120   0x0000000c   Code   RO         3491    i.tft_set_text_color  tft.o
    0x0800612c   0x000000c8   Code   RO         3492    i.tft_spi_init      tft.o
    0x080061f4   0x000005c0   Code   RO         3494    i.tft_update        tft.o
    0x080067b4   0x00000050   Code   RO         3496    i.tft_write_command  tft.o
    0x08006804   0x00000050   Code   RO         3497    i.tft_write_data    tft.o
    0x08006854   0x00000090   Code   RO         3111    i.ticks_init        ticks.o
    0x080068e4   0x0000003e   Code   RO         4054    i.transpose         vec.o
    0x08006922   0x00000002   PAD
    0x08006924   0x000000d8   Code   RO         3231    i.uart_init         uart.o
    0x080069fc   0x00000048   Code   RO         3232    i.uart_interrupt    uart.o
    0x08006a44   0x00000024   Code   RO         3233    i.uart_interrupt_init  uart.o
    0x08006a68   0x000001bc   Code   RO         3234    i.uart_receive      uart.o
    0x08006c24   0x00000036   Code   RO         3236    i.uart_tx           uart.o
    0x08006c5a   0x00000002   PAD
    0x08006c5c   0x0000002c   Code   RO         3237    i.uart_tx_byte      uart.o
    0x08006c88   0x0000001c   Code   RO         3763    i.user_point_X_decrease  camera.o
    0x08006ca4   0x0000001c   Code   RO         3764    i.user_point_X_increase  camera.o
    0x08006cc0   0x00000020   Code   RO         3765    i.user_point_Y_decrease  camera.o
    0x08006ce0   0x00000020   Code   RO         3766    i.user_point_Y_increase  camera.o
    0x08006d00   0x00000012   Code   RO         4056    i.vec_length        vec.o
    0x08006d12   0x0000000e   Code   RO         4057    i.vec_length2       vec.o
    0x08006d20   0x00000028   Code   RO         4058    i.vec_sub           vec.o
    0x08006d48   0x00000070   Code   RO         4171    i.writeRow          flash.o
    0x08006db8   0x00000074   Code   RO         4172    i.writeRow2         flash.o
    0x08006e2c   0x00000028   Code   RO         4173    i.writenum          flash.o
    0x08006e54   0x0000002c   Code   RO         5103    locale$$code        c_w.l(lc_numeric_c.o)
    0x08006e80   0x0000002c   Code   RO         5129    locale$$code        c_w.l(lc_ctype_c.o)
    0x08006eac   0x0000003e   Code   RO         4914    x$fpl$ffixu         fz_ws.l(ffixu.o)
    0x08006eea   0x00000002   PAD
    0x08006eec   0x00000030   Code   RO         4919    x$fpl$fflt          fz_ws.l(fflt_clz.o)
    0x08006f1c   0x0000008c   Code   RO         5020    x$fpl$fnaninf       fz_ws.l(fnaninf.o)
    0x08006fa8   0x00000004   Code   RO         5022    x$fpl$printf1       fz_ws.l(printf1.o)
    0x08006fac   0x00000004   Code   RO         5024    x$fpl$printf2       fz_ws.l(printf2.o)
    0x08006fb0   0x00000000   Code   RO         5030    x$fpl$usenofp       fz_ws.l(usenofp.o)
    0x08006fb0   0x00000008   Data   RO         3188    .constdata          button.o
    0x08006fb8   0x00000024   Data   RO         3239    .constdata          uart.o
    0x08006fdc   0x00000008   Data   RO         4946    .constdata          c_w.l(_printf_wctomb.o)
    0x08006fe4   0x00000028   Data   RO         4975    .constdata          c_w.l(_printf_hex_int_ll_ptr.o)
    0x0800700c   0x00000011   Data   RO         4995    .constdata          c_w.l(__printf_flags_ss_wp.o)
    0x0800701d   0x00000026   Data   RO         5055    .constdata          c_w.l(_printf_fp_hex.o)
    0x08007043   0x00000001   PAD
    0x08007044   0x00000094   Data   RO         5078    .constdata          c_w.l(bigflt0.o)
    0x080070d8   0x00000020   Data   RO         5253    Region$$Table       anon$$obj.o
    0x080070f8   0x0000001c   Data   RO         5102    locale$$data        c_w.l(lc_numeric_c.o)
    0x08007114   0x00000110   Data   RO         5128    locale$$data        c_w.l(lc_ctype_c.o)


    Execution Region RW_IRAM1 (Base: 0x20000000, Size: 0x000064a0, Max: 0x0000c000, ABSOLUTE, COMPRESSED[0x000007ec])

    Base Addr    Size         Type   Attr      Idx    E Section Name        Object

    0x20000000   0x00000014   Data   RW         1692    .data               stm32f10x_rcc.o
    0x20000014   0x00000014   Data   RW         3078    .data               system_stm32f10x.o
    0x20000028   0x00000005   Data   RW         3113    .data               ticks.o
    0x2000002d   0x00000003   PAD
    0x20000030   0x00000010   Data   RW         3189    .data               button.o
    0x20000040   0x0000002c   Data   RW         3240    .data               uart.o
    0x2000006c   0x00001010   Data   RW         3499    .data               tft.o
    0x2000107c   0x000010cf   Data   RW         3768    .data               camera.o
    0x2000214b   0x00000001   PAD
    0x2000214c   0x00001014   Data   RW         4258    .data               sdcard.o
    0x20003160   0x00000020   Zero   RW         3187    .bss                button.o
    0x20003180   0x000003f4   Zero   RW         3238    .bss                uart.o
    0x20003574   0x00000898   Zero   RW         3498    .bss                tft.o
    0x20003e0c   0x00001b6c   Zero   RW         3767    .bss                camera.o
    0x20005978   0x000004c4   Zero   RW         4257    .bss                sdcard.o
    0x20005e3c   0x00000060   Zero   RW         5122    .bss                c_w.l(libspace.o)
    0x20005e9c   0x00000004   PAD
    0x20005ea0   0x00000200   Zero   RW            2    HEAP                startup_stm32f10x_md.o
    0x200060a0   0x00000400   Zero   RW            1    STACK               startup_stm32f10x_md.o


==============================================================================

Image component sizes


      Code (inc. data)   RO Data    RW Data    ZI Data      Debug   Object Name

       224         28          8         16         32       2299   button.o
      6434        476          0       4303       7020      34991   camera.o
         0          0          0          0          0       4508   core_cm3.o
       440         26          0          0          0       4057   flash.o
      1016        174          0          0          0       1431   main.o
       152         30          0          0          0     245621   misc.o
      3586        196          0       4116       1220      17679   sdcard.o
        64         26        236          0       1536        880   startup_stm32f10x_md.o
        44          8          0          0          0        628   stm32f10x_dma.o
       216         22          0          0          0       2703   stm32f10x_exti.o
       286         36          0          0          0       4036   stm32f10x_flash.o
       512         10          0          0          0       5204   stm32f10x_gpio.o
       308         38          0         20          0       5090   stm32f10x_rcc.o
       316         68          0          0          0      17548   stm32f10x_sdio.o
       160          0          0          0          0       5035   stm32f10x_spi.o
       472          6          0          0          0       6915   stm32f10x_usart.o
       328         28          0         20          0       2385   system_stm32f10x.o
      3394        196          0       4112       2200      12606   tft.o
       220         38          0          5          0      17890   ticks.o
      1198        136         36         44       1012      12807   uart.o
      1580          6          0          0          0       9688   vec.o

    ----------------------------------------------------------------------
     20978       1548        312      12640      13020     414001   Object Totals
         0          0         32          0          0          0   (incl. Generated)
        28          0          0          4          0          0   (incl. Padding)

    ----------------------------------------------------------------------

      Code (inc. data)   RO Data    RW Data    ZI Data      Debug   Library Member Name

       100          0          0          0          0          0   __dclz77c.o
         8          0          0          0          0         68   __main.o
       392          4         17          0          0         92   __printf_flags_ss_wp.o
        14          0          0          0          0         68   __printf_wp.o
         0          0          0          0          0          0   __rtentry.o
        12          0          0          0          0          0   __rtentry2.o
         6          0          0          0          0          0   __rtentry4.o
        52          8          0          0          0          0   __scatter.o
        28          0          0          0          0          0   __scatter_zi.o
         6          0          0          0          0          0   _printf_a.o
         6          0          0          0          0          0   _printf_c.o
        44          0          0          0          0        108   _printf_char.o
        48          6          0          0          0         96   _printf_char_common.o
        40          0          0          0          0         68   _printf_charcount.o
         6          0          0          0          0          0   _printf_d.o
       120         16          0          0          0         92   _printf_dec.o
         6          0          0          0          0          0   _printf_e.o
         6          0          0          0          0          0   _printf_f.o
      1050          0          0          0          0        216   _printf_fp_dec.o
       764          8         38          0          0        100   _printf_fp_hex.o
       128         16          0          0          0         84   _printf_fp_infnan.o
         6          0          0          0          0          0   _printf_g.o
       148          4         40          0          0        160   _printf_hex_int_ll_ptr.o
         6          0          0          0          0          0   _printf_i.o
       178          0          0          0          0         88   _printf_intcommon.o
        10          0          0          0          0          0   _printf_l.o
         6          0          0          0          0          0   _printf_lc.o
        10          0          0          0          0          0   _printf_ll.o
         6          0          0          0          0          0   _printf_lld.o
         6          0          0          0          0          0   _printf_lli.o
         6          0          0          0          0          0   _printf_llo.o
         6          0          0          0          0          0   _printf_llu.o
         6          0          0          0          0          0   _printf_llx.o
       124         16          0          0          0         92   _printf_longlong_dec.o
         6          0          0          0          0          0   _printf_ls.o
         6          0          0          0          0          0   _printf_n.o
         6          0          0          0          0          0   _printf_o.o
       112          8          0          0          0        124   _printf_oct_int_ll.o
         6          0          0          0          0          0   _printf_p.o
        78          0          0          0          0        108   _printf_pad.o
         0          0          0          0          0          0   _printf_percent.o
         4          0          0          0          0          0   _printf_percent_end.o
         6          0          0          0          0          0   _printf_s.o
        82          0          0          0          0         80   _printf_str.o
        36          0          0          0          0         84   _printf_truncate.o
         6          0          0          0          0          0   _printf_u.o
        44          0          0          0          0        108   _printf_wchar.o
       188          6          8          0          0         92   _printf_wctomb.o
         6          0          0          0          0          0   _printf_x.o
        10          0          0          0          0         68   _sputc.o
        64          0          0          0          0         92   _wcrtomb.o
       220          4        148          0          0         96   bigflt0.o
      1910        128          0          0          0        672   btod.o
        18          0          0          0          0         80   exit.o
         6          0          0          0          0        152   heapauxi.o
         0          0          0          0          0          0   indicate_semi.o
        44         10        272          0          0         76   lc_ctype_c.o
        44         10         28          0          0         76   lc_numeric_c.o
         2          0          0          0          0          0   libinit.o
        30          0          0          0          0          0   libinit2.o
         2          0          0          0          0          0   libshutdown.o
         2          0          0          0          0          0   libshutdown2.o
         8          4          0          0         96         68   libspace.o
       138          0          0          0          0         80   lludiv10.o
       238          0          0          0          0        100   lludivv7m.o
        16          4          0          0          0         76   rt_ctype_table.o
         8          4          0          0          0         68   rt_locale_intlibspace.o
       100          0          0          0          0         80   rt_memcpy_w.o
         2          0          0          0          0          0   rtexit.o
        10          0          0          0          0          0   rtexit2.o
       128          0          0          0          0         68   strcmpv7m.o
        12          4          0          0          0         68   sys_exit.o
        74          0          0          0          0         80   sys_stackheap_outer.o
         2          0          0          0          0         68   use_no_semi.o
        36          4          0          0          0         76   vsprintf.o
        62          4          0          0          0         84   ffixu.o
        48          0          0          0          0         68   fflt_clz.o
       140          4          0          0          0         84   fnaninf.o
         4          0          0          0          0         68   printf1.o
         4          0          0          0          0         68   printf2.o
         0          0          0          0          0          0   usenofp.o
        40          0          0          0          0         68   fpclassify.o

    ----------------------------------------------------------------------
      7378        272        552          0        100       4512   Library Totals
        16          0          1          0          4          0   (incl. Padding)

    ----------------------------------------------------------------------

      Code (inc. data)   RO Data    RW Data    ZI Data      Debug   Library Name

      7064        264        551          0         96       4072   c_w.l
       258          8          0          0          0        372   fz_ws.l
        40          0          0          0          0         68   m_ws.l

    ----------------------------------------------------------------------
      7378        272        552          0        100       4512   Library Totals

    ----------------------------------------------------------------------

==============================================================================


      Code (inc. data)   RO Data    RW Data    ZI Data      Debug   

     28356       1820        864      12640      13120     407381   Grand Totals
     28356       1820        864       2028      13120     407381   ELF Image Totals (compressed)
     28356       1820        864       2028          0          0   ROM Totals

==============================================================================

    Total RO  Size (Code + RO Data)                29220 (  28.54kB)
    Total RW  Size (RW Data + ZI Data)             25760 (  25.16kB)
    Total ROM Size (Code + RO Data + RW Data)      31248 (  30.52kB)

==============================================================================

