Component: ARM Compiler 5.06 update 3 (build 300) Tool: armlink [4d35c9]

==============================================================================

Section Cross References

    startup_stm32f10x_md.o(STACK) refers (Special) to heapauxi.o(.text) for __use_two_region_memory
    startup_stm32f10x_md.o(HEAP) refers (Special) to heapauxi.o(.text) for __use_two_region_memory
    startup_stm32f10x_md.o(RESET) refers (Special) to heapauxi.o(.text) for __use_two_region_memory
    startup_stm32f10x_md.o(RESET) refers to startup_stm32f10x_md.o(STACK) for __initial_sp
    startup_stm32f10x_md.o(RESET) refers to startup_stm32f10x_md.o(.text) for Reset_Handler
    startup_stm32f10x_md.o(RESET) refers to ticks.o(i.SysTick_Handler) for SysTick_Handler
    startup_stm32f10x_md.o(RESET) refers to camera.o(i.EXTI0_IRQHandler) for EXTI0_IRQHandler
    startup_stm32f10x_md.o(RESET) refers to uart.o(i.USART1_IRQHandler) for USART1_IRQHandler
    startup_stm32f10x_md.o(RESET) refers to uart.o(i.USART3_IRQHandler) for USART3_IRQHandler
    startup_stm32f10x_md.o(.text) refers (Special) to heapauxi.o(.text) for __use_two_region_memory
    startup_stm32f10x_md.o(.text) refers to system_stm32f10x.o(i.SystemInit) for SystemInit
    startup_stm32f10x_md.o(.text) refers to __main.o(!!!main) for __main
    startup_stm32f10x_md.o(.text) refers to startup_stm32f10x_md.o(HEAP) for Heap_Mem
    startup_stm32f10x_md.o(.text) refers to startup_stm32f10x_md.o(STACK) for Stack_Mem
    stm32f10x_adc.o(i.ADC_DeInit) refers to stm32f10x_rcc.o(i.RCC_APB2PeriphResetCmd) for RCC_APB2PeriphResetCmd
    stm32f10x_bkp.o(i.BKP_DeInit) refers to stm32f10x_rcc.o(i.RCC_BackupResetCmd) for RCC_BackupResetCmd
    stm32f10x_can.o(i.CAN_DeInit) refers to stm32f10x_rcc.o(i.RCC_APB1PeriphResetCmd) for RCC_APB1PeriphResetCmd
    stm32f10x_can.o(i.CAN_GetITStatus) refers to stm32f10x_can.o(i.CheckITStatus) for CheckITStatus
    stm32f10x_cec.o(i.CEC_DeInit) refers to stm32f10x_rcc.o(i.RCC_APB1PeriphResetCmd) for RCC_APB1PeriphResetCmd
    stm32f10x_dac.o(i.DAC_DeInit) refers to stm32f10x_rcc.o(i.RCC_APB1PeriphResetCmd) for RCC_APB1PeriphResetCmd
    stm32f10x_flash.o(i.FLASH_EnableWriteProtection) refers to stm32f10x_flash.o(i.FLASH_WaitForLastOperation) for FLASH_WaitForLastOperation
    stm32f10x_flash.o(i.FLASH_EraseAllBank1Pages) refers to stm32f10x_flash.o(i.FLASH_WaitForLastBank1Operation) for FLASH_WaitForLastBank1Operation
    stm32f10x_flash.o(i.FLASH_EraseAllPages) refers to stm32f10x_flash.o(i.FLASH_WaitForLastOperation) for FLASH_WaitForLastOperation
    stm32f10x_flash.o(i.FLASH_EraseOptionBytes) refers to stm32f10x_flash.o(i.FLASH_GetReadOutProtectionStatus) for FLASH_GetReadOutProtectionStatus
    stm32f10x_flash.o(i.FLASH_EraseOptionBytes) refers to stm32f10x_flash.o(i.FLASH_WaitForLastOperation) for FLASH_WaitForLastOperation
    stm32f10x_flash.o(i.FLASH_ErasePage) refers to stm32f10x_flash.o(i.FLASH_WaitForLastOperation) for FLASH_WaitForLastOperation
    stm32f10x_flash.o(i.FLASH_ProgramHalfWord) refers to stm32f10x_flash.o(i.FLASH_WaitForLastOperation) for FLASH_WaitForLastOperation
    stm32f10x_flash.o(i.FLASH_ProgramOptionByteData) refers to stm32f10x_flash.o(i.FLASH_WaitForLastOperation) for FLASH_WaitForLastOperation
    stm32f10x_flash.o(i.FLASH_ProgramWord) refers to stm32f10x_flash.o(i.FLASH_WaitForLastOperation) for FLASH_WaitForLastOperation
    stm32f10x_flash.o(i.FLASH_ReadOutProtection) refers to stm32f10x_flash.o(i.FLASH_WaitForLastOperation) for FLASH_WaitForLastOperation
    stm32f10x_flash.o(i.FLASH_UserOptionByteConfig) refers to stm32f10x_flash.o(i.FLASH_WaitForLastOperation) for FLASH_WaitForLastOperation
    stm32f10x_flash.o(i.FLASH_WaitForLastBank1Operation) refers to stm32f10x_flash.o(i.FLASH_GetBank1Status) for FLASH_GetBank1Status
    stm32f10x_flash.o(i.FLASH_WaitForLastOperation) refers to stm32f10x_flash.o(i.FLASH_GetBank1Status) for FLASH_GetBank1Status
    stm32f10x_gpio.o(i.GPIO_AFIODeInit) refers to stm32f10x_rcc.o(i.RCC_APB2PeriphResetCmd) for RCC_APB2PeriphResetCmd
    stm32f10x_gpio.o(i.GPIO_DeInit) refers to stm32f10x_rcc.o(i.RCC_APB2PeriphResetCmd) for RCC_APB2PeriphResetCmd
    stm32f10x_i2c.o(i.I2C_DeInit) refers to stm32f10x_rcc.o(i.RCC_APB1PeriphResetCmd) for RCC_APB1PeriphResetCmd
    stm32f10x_i2c.o(i.I2C_Init) refers to stm32f10x_rcc.o(i.RCC_GetClocksFreq) for RCC_GetClocksFreq
    stm32f10x_pwr.o(i.PWR_DeInit) refers to stm32f10x_rcc.o(i.RCC_APB1PeriphResetCmd) for RCC_APB1PeriphResetCmd
    stm32f10x_rcc.o(i.RCC_GetClocksFreq) refers to stm32f10x_rcc.o(.data) for APBAHBPrescTable
    stm32f10x_rcc.o(i.RCC_WaitForHSEStartUp) refers to stm32f10x_rcc.o(i.RCC_GetFlagStatus) for RCC_GetFlagStatus
    stm32f10x_rtc.o(i.RTC_SetAlarm) refers to stm32f10x_rtc.o(i.RTC_EnterConfigMode) for RTC_EnterConfigMode
    stm32f10x_rtc.o(i.RTC_SetAlarm) refers to stm32f10x_rtc.o(i.RTC_ExitConfigMode) for RTC_ExitConfigMode
[...]
    !!!scatter                               0x080000f4   Section       52  __scatter.o(!!!scatter)
    !!dclz77c                                0x08000128   Section      100  __dclz77c.o(!!dclz77c)
    !!handler_zi                             0x0800018c   Section       28  __scatter_zi.o(!!handler_zi)
    .ARM.Collect$$_printf_percent$$00000000  0x080001a8   Section        0  _printf_percent.o(.ARM.Collect$$_printf_percent$$00000000)
    .ARM.Collect$$_printf_percent$$00000001  0x080001a8   Section        6  _printf_n.o(.ARM.Collect$$_printf_percent$$00000001)
    .ARM.Collect$$_printf_percent$$00000002  0x080001ae   Section        6  _printf_p.o(.ARM.Collect$$_printf_percent$$00000002)
    .ARM.Collect$$_printf_percent$$00000003  0x080001b4   Section        6  _printf_f.o(.ARM.Collect$$_printf_percent$$00000003)
    .ARM.Collect$$_printf_percent$$00000004  0x080001ba   Section        6  _printf_e.o(.ARM.Collect$$_printf_percent$$00000004)
    .ARM.Collect$$_printf_percent$$00000005  0x080001c0   Section        6  _printf_g.o(.ARM.Collect$$_printf_percent$$00000005)
    .ARM.Collect$$_printf_percent$$00000006  0x080001c6   Section        6  _printf_a.o(.ARM.Collect$$_printf_percent$$00000006)
    .ARM.Collect$$_printf_percent$$00000007  0x080001cc   Section       10  _printf_ll.o(.ARM.Collect$$_printf_percent$$00000007)
    .ARM.Collect$$_printf_percent$$00000008  0x080001d6   Section        6  _printf_i.o(.ARM.Collect$$_printf_percent$$00000008)
    .ARM.Collect$$_printf_percent$$00000009  0x080001dc   Section        6  _printf_d.o(.ARM.Collect$$_printf_percent$$00000009)
    .ARM.Collect$$_printf_percent$$0000000A  0x080001e2   Section        6  _printf_u.o(.ARM.Collect$$_printf_percent$$0000000A)
    .ARM.Collect$$_printf_percent$$0000000B  0x080001e8   Section        6  _printf_o.o(.ARM.Collect$$_printf_percent$$0000000B)
    .ARM.Collect$$_printf_percent$$0000000C  0x080001ee   Section        6  _printf_x.o(.ARM.Collect$$_printf_percent$$0000000C)
    .ARM.Collect$$_printf_percent$$0000000D  0x080001f4   Section        6  _printf_lli.o(.ARM.Collect$$_printf_percent$$0000000D)
    .ARM.Collect$$_printf_percent$$0000000E  0x080001fa   Section        6  _printf_lld.o(.ARM.Collect$$_printf_percent$$0000000E)
    .ARM.Collect$$_printf_percent$$0000000F  0x08000200   Section        6  _printf_llu.o(.ARM.Collect$$_printf_percent$$0000000F)
    .ARM.Collect$$_printf_percent$$00000010  0x08000206   Section        6  _printf_llo.o(.ARM.Collect$$_printf_percent$$00000010)
    .ARM.Collect$$_printf_percent$$00000011  0x0800020c   Section        6  _printf_llx.o(.ARM.Collect$$_printf_percent$$00000011)
    .ARM.Collect$$_printf_percent$$00000012  0x08000212   Section       10  _printf_l.o(.ARM.Collect$$_printf_percent$$00000012)
    .ARM.Collect$$_printf_percent$$00000013  0x0800021c   Section        6  _printf_c.o(.ARM.Collect$$_printf_percent$$00000013)
    .ARM.Collect$$_printf_percent$$00000014  0x08000222   Section        6  _printf_s.o(.ARM.Collect$$_printf_percent$$00000014)
    .ARM.Collect$$_printf_percent$$00000015  0x08000228   Section        6  _printf_lc.o(.ARM.Collect$$_printf_percent$$00000015)
    .ARM.Collect$$_printf_percent$$00000016  0x0800022e   Section        6  _printf_ls.o(.ARM.Collect$$_printf_percent$$00000016)
    .ARM.Collect$$_printf_percent$$00000017  0x08000234   Section        4  _printf_percent_end.o(.ARM.Collect$$_printf_percent$$00000017)
    .ARM.Collect$$libinit$$00000000          0x08000238   Section        2  libinit.o(.ARM.Collect$$libinit$$00000000)
    .ARM.Collect$$libinit$$00000002          0x0800023a   Section        0  libinit2.o(.ARM.Collect$$libinit$$00000002)
    .ARM.Collect$$libinit$$00000004          0x0800023a   Section        0  libinit2.o(.ARM.Collect$$libinit$$00000004)
    .ARM.Collect$$libinit$$0000000A          0x0800023a   Section        0  libinit2.o(.ARM.Collect$$libinit$$0000000A)
    .ARM.Collect$$libinit$$0000000C          0x0800023a   Section        0  libinit2.o(.ARM.Collect$$libinit$$0000000C)
    .ARM.Collect$$libinit$$0000000E          0x0800023a   Section        0  libinit2.o(.ARM.Collect$$libinit$$0000000E)
    .ARM.Collect$$libinit$$0000000F          0x0800023a   Section        6  libinit2.o(.ARM.Collect$$libinit$$0000000F)
    .ARM.Collect$$libinit$$00000011          0x08000240   Section        0  libinit2.o(.ARM.Collect$$libinit$$00000011)
    .ARM.Collect$$libinit$$00000012          0x08000240   Section       12  libinit2.o(.ARM.Collect$$libinit$$00000012)
    .ARM.Collect$$libinit$$00000013          0x0800024c   Section        0  libinit2.o(.ARM.Collect$$libinit$$00000013)
    .ARM.Collect$$libinit$$00000015          0x0800024c   Section        0  libinit2.o(.ARM.Collect$$libinit$$00000015)
    .ARM.Collect$$libinit$$00000016          0x0800024c   Section       10  libinit2.o(.ARM.Collect$$libinit$$00000016)
    .ARM.Collect$$libinit$$00000017          0x08000256   Section        0  libinit2.o(.ARM.Collect$$libinit$$00000017)
    .ARM.Collect$$libinit$$00000019          0x08000256   Section        0  libinit2.o(.ARM.Collect$$libinit$$00000019)
    .ARM.Collect$$libinit$$0000001B          0x08000256   Section        0  libinit2.o(.ARM.Collect$$libinit$$0000001B)
    .ARM.Collect$$libinit$$0000001D          0x08000256   Section        0  libinit2.o(.ARM.Collect$$libinit$$0000001D)
    .ARM.Collect$$libinit$$0000001F          0x08000256   Section        0  libinit2.o(.ARM.Collect$$libinit$$0000001F)
    .ARM.Collect$$libinit$$00000021          0x08000256   Section        0  libinit2.o(.ARM.Collect$$libinit$$00000021)
    .ARM.Collect$$libinit$$00000023          0x08000256   Section        0  libinit2.o(.ARM.Collect$$libinit$$00000023)
    .ARM.Collect$$libinit$$00000025          0x08000256   Section        0  libinit2.o(.ARM.Collect$$libinit$$00000025)
    .ARM.Collect$$libinit$$0000002C          0x08000256   Section        0  libinit2.o(.ARM.Collect$$libinit$$0000002C)
    .ARM.Collect$$libinit$$0000002E          0x08000256   Section        0  libinit2.o(.ARM.Collect$$libinit$$0000002E)
    .ARM.Collect$$libinit$$00000030          0x08000256   Section        0  libinit2.o(.ARM.Collect$$libinit$$00000030)
    .ARM.Collect$$libinit$$00000032          0x08000256   Section        0  libinit2.o(.ARM.Collect$$libinit$$00000032)
    .ARM.Collect$$libinit$$00000033          0x08000256   Section        2  libinit2.o(.ARM.Collect$$libinit$$00000033)
    .ARM.Collect$$libshutdown$$00000000      0x08000258   Section        2  libshutdown.o(.ARM.Collect$$libshutdown$$00000000)
    .ARM.Collect$$libshutdown$$00000002      0x0800025a   Section        0  libshutdown2.o(.ARM.Collect$$libshutdown$$00000002)
    .ARM.Collect$$libshutdown$$00000004      0x0800025a   Section        0  libshutdown2.o(.ARM.Collect$$libshutdown$$00000004)
    .ARM.Collect$$libshutdown$$00000007      0x0800025a   Section        0  libshutdown2.o(.ARM.Collect$$libshutdown$$00000007)
    .ARM.Collect$$libshutdown$$0000000A      0x0800025a   Section        0  libshutdown2.o(.ARM.Collect$$libshutdown$$0000000A)
    .ARM.Collect$$libshutdown$$0000000C      0x0800025a   Section        0  libshutdown2.o(.ARM.Collect$$libshutdown$$0000000C)
    .ARM.Collect$$libshutdown$$0000000F      0x0800025a   Section        0  libshutdown2.o(.ARM.Collect$$libshutdown$$0000000F)
    .ARM.Collect$$libshutdown$$00000010      0x0800025a   Section        2  libshutdown2.o(.ARM.Collect$$libshutdown$$00000010)
    .ARM.Collect$$rtentry$$00000000          0x0800025c   Section        0  __rtentry.o(.ARM.Collect$$rtentry$$00000000)
    .ARM.Collect$$rtentry$$00000002          0x0800025c   Section        0  __rtentry2.o(.ARM.Collect$$rtentry$$00000002)
    .ARM.Collect$$rtentry$$00000004          0x0800025c   Section        6  __rtentry4.o(.ARM.Collect$$rtentry$$00000004)
    .ARM.Collect$$rtentry$$00000009          0x08000262   Section        0  __rtentry2.o(.ARM.Collect$$rtentry$$00000009)
    .ARM.Collect$$rtentry$$0000000A          0x08000262   Section        4  __rtentry2.o(.ARM.Collect$$rtentry$$0000000A)
    .ARM.Collect$$rtentry$$0000000C          0x08000266   Section        0  __rtentry2.o(.ARM.Collect$$rtentry$$0000000C)
    .ARM.Collect$$rtentry$$0000000D          0x08000266   Section        8  __rtentry2.o(.ARM.Collect$$rtentry$$0000000D)
    .ARM.Collect$$rtexit$$00000000           0x0800026e   Section        2  rtexit.o(.ARM.Collect$$rtexit$$00000000)
    .ARM.Collect$$rtexit$$00000002           0x08000270   Section        0  rtexit2.o(.ARM.Collect$$rtexit$$00000002)
    .ARM.Collect$$rtexit$$00000003           0x08000270   Section        4  rtexit2.o(.ARM.Collect$$rtexit$$00000003)
    .ARM.Collect$$rtexit$$00000004           0x08000274   Section        6  rtexit2.o(.ARM.Collect$$rtexit$$00000004)
    .text                                    0x0800027c   Section       64  startup_stm32f10x_md.o(.text)
    .text                                    0x080002bc   Section        0  vsprintf.o(.text)
    .text                                    0x080002e0   Section        0  heapauxi.o(.text)
    .text                                    0x080002e6   Section        0  _printf_pad.o(.text)
    .text                                    0x08000334   Section        0  _printf_truncate.o(.text)
    .text                                    0x08000358   Section        0  _printf_str.o(.text)
    .text                                    0x080003ac   Section        0  _printf_dec.o(.text)
    .text                                    0x08000424   Section        0  _printf_charcount.o(.text)
    .text                                    0x0800044c   Section        0  _printf_char_common.o(.text)
    _printf_input_char                       0x0800044d   Thumb Code    10  _printf_char_common.o(.text)
    .text                                    0x0800047c   Section        0  _sputc.o(.text)
    .text                                    0x08000488   Section        0  _printf_wctomb.o(.text)
    .text                                    0x08000544   Section        0  _printf_longlong_dec.o(.text)
    .text                                    0x080005c0   Section        0  _printf_oct_int_ll.o(.text)
    _printf_longlong_oct_internal            0x080005c1   Thumb Code     0  _printf_oct_int_ll.o(.text)
    .text                                    0x08000630   Section        0  _printf_hex_int_ll_ptr.o(.text)
    _printf_hex_common                       0x08000631   Thumb Code     0  _printf_hex_int_ll_ptr.o(.text)
    .text                                    0x080006c4   Section        0  __printf_flags_ss_wp.o(.text)
    .text                                    0x0800084c   Section      138  lludiv10.o(.text)
    .text                                    0x080008d6   Section        0  _printf_intcommon.o(.text)
    .text                                    0x08000988   Section        0  _printf_fp_dec.o(.text)
    _fp_digits                               0x0800098b   Thumb Code   428  _printf_fp_dec.o(.text)
    .text                                    0x08000da4   Section        0  _printf_fp_hex.o(.text)
    .text                                    0x080010a0   Section        0  _printf_char.o(.text)
    .text                                    0x080010cc   Section        0  _printf_wchar.o(.text)
    .text                                    0x080010f8   Section        0  _wcrtomb.o(.text)
    .text                                    0x08001138   Section       74  sys_stackheap_outer.o(.text)
    .text                                    0x08001184   Section       16  rt_ctype_table.o(.text)
    .text                                    0x08001194   Section        8  rt_locale_intlibspace.o(.text)
    .text                                    0x0800119c   Section        0  _printf_fp_infnan.o(.text)
    .text                                    0x0800121c   Section        0  bigflt0.o(.text)
    .text                                    0x080012f8   Section        0  exit.o(.text)
    .text                                    0x0800130c   Section        8  libspace.o(.text)
    .text                                    0x08001314   Section      128  strcmpv7m.o(.text)
    .text                                    0x08001394   Section        0  sys_exit.o(.text)
    .text                                    0x080013a0   Section        2  use_no_semi.o(.text)
    .text                                    0x080013a2   Section        0  indicate_semi.o(.text)
    CL$$btod_d2e                             0x080013a2   Section       62  btod.o(CL$$btod_d2e)
    CL$$btod_d2e_denorm_low                  0x080013e0   Section       70  btod.o(CL$$btod_d2e_denorm_low)
    CL$$btod_d2e_norm_op1                    0x08001426   Section       96  btod.o(CL$$btod_d2e_norm_op1)
    CL$$btod_div_common                      0x08001486   Section      824  btod.o(CL$$btod_div_common)
    CL$$btod_e2e                             0x080017be   Section      198  btod.o(CL$$btod_e2e)
    CL$$btod_ediv                            0x08001884   Section       40  btod.o(CL$$btod_ediv)
    CL$$btod_emul                            0x080018ac   Section       40  btod.o(CL$$btod_emul)
    CL$$btod_mult_common                     0x080018d4   Section      580  btod.o(CL$$btod_mult_common)
    i.EXTI0_IRQHandler                       0x08001b18   Section        0  camera.o(i.EXTI0_IRQHandler)
    i.EXTI_ClearITPendingBit                 0x08001b68   Section        0  stm32f10x_exti.o(i.EXTI_ClearITPendingBit)
    i.EXTI_GetITStatus                       0x08001b74   Section        0  stm32f10x_exti.o(i.EXTI_GetITStatus)
    i.GPIO_Init                              0x08001b9c   Section        0  stm32f10x_gpio.o(i.GPIO_Init)
    i.GPIO_PinRemapConfig                    0x08001cb4   Section        0  stm32f10x_gpio.o(i.GPIO_PinRemapConfig)
    i.GPIO_ReadInputDataBit                  0x08001d44   Section        0  stm32f10x_gpio.o(i.GPIO_ReadInputDataBit)
    i.GPIO_ResetBits                         0x08001d56   Section        0  stm32f10x_gpio.o(i.GPIO_ResetBits)
    i.GPIO_SetBits                           0x08001d5a   Section        0  stm32f10x_gpio.o(i.GPIO_SetBits)
    i.NVIC_Init                              0x08001d60   Section        0  misc.o(i.NVIC_Init)
    i.NVIC_SetVectorTable                    0x08001dd0   Section        0  misc.o(i.NVIC_SetVectorTable)
    i.RCC_APB1PeriphClockCmd                 0x08001de4   Section        0  stm32f10x_rcc.o(i.RCC_APB1PeriphClockCmd)
    i.RCC_APB2PeriphClockCmd                 0x08001e04   Section        0  stm32f10x_rcc.o(i.RCC_APB2PeriphClockCmd)
    i.RCC_GetClocksFreq                      0x08001e24   Section        0  stm32f10x_rcc.o(i.RCC_GetClocksFreq)
    i.SPI_CalculateCRC                       0x08001ef8   Section        0  stm32f10x_spi.o(i.SPI_CalculateCRC)
    i.SPI_Cmd                                0x08001f10   Section        0  stm32f10x_spi.o(i.SPI_Cmd)
    i.SPI_I2S_GetFlagStatus                  0x08001f28   Section        0  stm32f10x_spi.o(i.SPI_I2S_GetFlagStatus)
    i.SPI_I2S_ReceiveData                    0x08001f3a   Section        0  stm32f10x_spi.o(i.SPI_I2S_ReceiveData)
    i.SPI_I2S_SendData                       0x08001f40   Section        0  stm32f10x_spi.o(i.SPI_I2S_SendData)
    i.SPI_Init                               0x08001f44   Section        0  stm32f10x_spi.o(i.SPI_Init)
    i.SPI_SSOutputCmd                        0x08001f80   Section        0  stm32f10x_spi.o(i.SPI_SSOutputCmd)
    i.SetSysClock                            0x08001f98   Section        0  system_stm32f10x.o(i.SetSysClock)
    SetSysClock                              0x08001f99   Thumb Code     8  system_stm32f10x.o(i.SetSysClock)
    i.SetSysClockTo72                        0x08001fa0   Section        0  system_stm32f10x.o(i.SetSysClockTo72)
    SetSysClockTo72                          0x08001fa1   Thumb Code   214  system_stm32f10x.o(i.SetSysClockTo72)
    i.SysTick_Handler                        0x08002080   Section        0  ticks.o(i.SysTick_Handler)
    i.SystemInit                             0x08002090   Section        0  system_stm32f10x.o(i.SystemInit)
    i.USART1_IRQHandler                      0x080020f0   Section        0  uart.o(i.USART1_IRQHandler)
    i.USART3_IRQHandler                      0x0800212c   Section        0  uart.o(i.USART3_IRQHandler)
    i.USART_ClearITPendingBit                0x08002168   Section        0  stm32f10x_usart.o(i.USART_ClearITPendingBit)
    i.USART_Cmd                              0x08002186   Section        0  stm32f10x_usart.o(i.USART_Cmd)
    i.USART_GetFlagStatus                    0x0800219e   Section        0  stm32f10x_usart.o(i.USART_GetFlagStatus)
    i.USART_GetITStatus                      0x080021b8   Section        0  stm32f10x_usart.o(i.USART_GetITStatus)
    i.USART_ITConfig                         0x0800220c   Section        0  stm32f10x_usart.o(i.USART_ITConfig)
    i.USART_Init                             0x08002258   Section        0  stm32f10x_usart.o(i.USART_Init)
    i.USART_ReceiveData                      0x08002330   Section        0  stm32f10x_usart.o(i.USART_ReceiveData)
    i.USART_SendData                         0x0800233a   Section        0  stm32f10x_usart.o(i.USART_SendData)
    i.__ARM_fpclassify                       0x08002342   Section        0  fpclassify.o(i.__ARM_fpclassify)
    i._is_digit                              0x0800236a   Section        0  __printf_wp.o(i._is_digit)
    i.button_init                            0x08002378   Section        0  button.o(i.button_init)
    i.delay                                  0x08002400   Section        0  ticks.o(i.delay)
    i.getSize                                0x08002430   Section        0  uart.o(i.getSize)
    i.get_LED                                0x08002450   Section        0  uart.o(i.get_LED)
    i.get_nextmove                           0x0800245c   Section        0  uart.o(i.get_nextmove)
    i.get_position                           0x0800246c   Section        0  uart.o(i.get_position)
    i.get_ready                              0x0800247c   Section        0  uart.o(i.get_ready)
    i.get_target_x                           0x0800248c   Section        0  uart.o(i.get_target_x)
    i.get_target_y                           0x08002494   Section        0  uart.o(i.get_target_y)
    i.get_ticks                              0x0800249c   Section        0  ticks.o(i.get_ticks)
    i.main                                   0x080024a8   Section        0  main.o(i.main)
    i.read_button                            0x08002660   Section        0  button.o(i.read_button)
    i.send_LED                               0x08002684   Section        0  uart.o(i.send_LED)
    i.send_position                          0x08002698   Section        0  uart.o(i.send_position)
    i.send_target                            0x080026d8   Section        0  uart.o(i.send_target)
    i.tft_char_is_changed                    0x08002714   Section        0  tft.o(i.tft_char_is_changed)
    i.tft_clear                              0x080027e8   Section        0  tft.o(i.tft_clear)
    i.tft_clear_line                         0x08002800   Section        0  tft.o(i.tft_clear_line)
    i.tft_config                             0x08002858   Section        0  tft.o(i.tft_config)
    i.tft_fill_color                         0x08002a6c   Section        0  tft.o(i.tft_fill_color)
    i.tft_init                               0x08002ad0   Section        0  tft.o(i.tft_init)
    i.tft_prints                             0x08002b98   Section        0  tft.o(i.tft_prints)
    i.tft_reset                              0x08002c90   Section        0  tft.o(i.tft_reset)
    i.tft_set_bg_color                       0x08002cb4   Section        0  tft.o(i.tft_set_bg_color)
    i.tft_set_char_pos                       0x08002cc0   Section        0  tft.o(i.tft_set_char_pos)
    i.tft_set_special_color                  0x08002d1c   Section        0  tft.o(i.tft_set_special_color)
    i.tft_set_text_color                     0x08002d28   Section        0  tft.o(i.tft_set_text_color)
    i.tft_spi_init                           0x08002d34   Section        0  tft.o(i.tft_spi_init)
    i.tft_update                             0x08002dfc   Section        0  tft.o(i.tft_update)
    i.tft_write_command                      0x080033bc   Section        0  tft.o(i.tft_write_command)
    i.tft_write_data                         0x0800340c   Section        0  tft.o(i.tft_write_data)
    i.ticks_init                             0x0800345c   Section        0  ticks.o(i.ticks_init)
    i.uart_init                              0x080034ec   Section        0  uart.o(i.uart_init)
    i.uart_interrupt                         0x080035d0   Section        0  uart.o(i.uart_interrupt)
    i.uart_interrupt_init                    0x08003618   Section        0  uart.o(i.uart_interrupt_init)
    i.uart_receive                           0x0800363c   Section        0  uart.o(i.uart_receive)
    i.uart_tx_byte                           0x080037e0   Section        0  uart.o(i.uart_tx_byte)
    locale$$code                             0x0800380c   Section       44  lc_numeric_c.o(locale$$code)
    locale$$code                             0x08003838   Section       44  lc_ctype_c.o(locale$$code)
    x$fpl$printf1                            0x08003864   Section        4  printf1.o(x$fpl$printf1)
    x$fpl$printf2                            0x08003868   Section        4  printf2.o(x$fpl$printf2)
    .constdata                               0x0800386c   Section        6  button.o(.constdata)
    x$fpl$usenofp                            0x0800386c   Section        0  usenofp.o(x$fpl$usenofp)
    .constdata                               0x08003874   Section       36  uart.o(.constdata)
    .constdata                               0x08003898   Section        8  _printf_wctomb.o(.constdata)
    initial_mbstate                          0x08003898   Data           8  _printf_wctomb.o(.constdata)
    .constdata                               0x080038a0   Section       40  _printf_hex_int_ll_ptr.o(.constdata)
    uc_hextab                                0x080038a0   Data          20  _printf_hex_int_ll_ptr.o(.constdata)
    lc_hextab                                0x080038b4   Data          20  _printf_hex_int_ll_ptr.o(.constdata)
    .constdata                               0x080038c8   Section       17  __printf_flags_ss_wp.o(.constdata)
    maptable                                 0x080038c8   Data          17  __printf_flags_ss_wp.o(.constdata)
    .constdata                               0x080038d9   Section       38  _printf_fp_hex.o(.constdata)
    lc_hextab                                0x080038d9   Data          19  _printf_fp_hex.o(.constdata)
    uc_hextab                                0x080038ec   Data          19  _printf_fp_hex.o(.constdata)
    .constdata                               0x08003900   Section      148  bigflt0.o(.constdata)
    tenpwrs_x                                0x08003900   Data          60  bigflt0.o(.constdata)
    tenpwrs_i                                0x0800393c   Data          64  bigflt0.o(.constdata)
    locale$$data                             0x080039b4   Section       28  lc_numeric_c.o(locale$$data)
    __lcnum_c_name                           0x080039b8   Data           2  lc_numeric_c.o(locale$$data)
    __lcnum_c_start                          0x080039c0   Data           0  lc_numeric_c.o(locale$$data)
    __lcnum_c_point                          0x080039cc   Data           0  lc_numeric_c.o(locale$$data)
    __lcnum_c_thousands                      0x080039ce   Data           0  lc_numeric_c.o(locale$$data)
    __lcnum_c_grouping                       0x080039cf   Data           0  lc_numeric_c.o(locale$$data)
    locale$$data                             0x080039d0   Section      272  lc_ctype_c.o(locale$$data)
    __lcnum_c_end                            0x080039d0   Data           0  lc_numeric_c.o(locale$$data)
    __lcctype_c_name                         0x080039d4   Data           2  lc_ctype_c.o(locale$$data)
    __lcctype_c_start                        0x080039dc   Data           0  lc_ctype_c.o(locale$$data)
    __lcctype_c_end                          0x08003ae0   Data           0  lc_ctype_c.o(locale$$data)
    .data                                    0x20000000   Section       20  stm32f10x_rcc.o(.data)
    APBAHBPrescTable                         0x20000000   Data          16  stm32f10x_rcc.o(.data)
    ADCPrescTable                            0x20000010   Data           4  stm32f10x_rcc.o(.data)
    .data                                    0x20000014   Section       20  system_stm32f10x.o(.data)
    .data                                    0x20000028   Section        5  ticks.o(.data)
    .data                                    0x20000030   Section       12  button.o(.data)
    .data                                    0x2000003c   Section       44  uart.o(.data)
    .data                                    0x20000068   Section     4112  tft.o(.data)
    ascii_8x16                               0x20000068   Data        4096  tft.o(.data)
    tft_update_trigger_fx                    0x20001074   Data           4  tft.o(.data)
    .data                                    0x20001078   Section     4285  camera.o(.data)
    ascii_8x16                               0x20001078   Data        4096  camera.o(.data)
    init                                     0x20002133   Data           1  camera.o(.data)
    init                                     0x20002134   Data           1  camera.o(.data)
    .bss                                     0x20002138   Section       60  button.o(.bss)
    buttons                                  0x20002138   Data          60  button.o(.bss)
    .bss                                     0x20002174   Section     1012  uart.o(.bss)
    .bss                                     0x20002568   Section     2200  tft.o(.bss)
    .bss                                     0x20002e00   Section       96  libspace.o(.bss)
    HEAP                                     0x20002e60   Section      512  startup_stm32f10x_md.o(HEAP)
    Heap_Mem                                 0x20002e60   Data         512  startup_stm32f10x_md.o(HEAP)
    STACK                                    0x20003060   Section     1024  startup_stm32f10x_md.o(STACK)
    Stack_Mem                                0x20003060   Data        1024  startup_stm32f10x_md.o(STACK)
    __initial_sp                             0x20003460   Data           0  startup_stm32f10x_md.o(STACK)

    Global Symbols

    Symbol Name                              Value     Ov Type        Size  Object(Section)

    BuildAttributes$$THM_ISAv4$P$D$K$B$S$PE$A:L22UL41UL21$X:L11$S22US41US21$IEEE1$IW$USESV6$~STKCKD$USESV7$~SHL$OTIME$ROPI$IEEEJ$EBA8$UX$STANDARDLIB$REQ8$PRES8$EABIv2 0x00000000   Number         0  anon$$obj.o ABSOLUTE
    __ARM_use_no_argv                        0x00000000   Number         0  main.o ABSOLUTE
    _printf_flags                            0x00000000   Number         0  printf_stubs.o ABSOLUTE
    _printf_return_value                     0x00000000   Number         0  printf_stubs.o ABSOLUTE
    _printf_sizespec                         0x00000000   Number         0  printf_stubs.o ABSOLUTE
    _printf_widthprec                        0x00000000   Number         0  printf_stubs.o ABSOLUTE
    __ARM_exceptions_init                     - Undefined Weak Reference
    __alloca_initialize                       - Undefined Weak Reference
    __arm_preinit_                            - Undefined Weak Reference
    __cpp_initialize__aeabi_                  - Undefined Weak Reference
    __cxa_finalize                            - Undefined Weak Reference
    __sigvec_lookup                           - Undefined Weak Reference
    _atexit_init                              - Undefined Weak Reference
    _call_atexit_fns                          - Undefined Weak Reference
    _clock_init                               - Undefined Weak Reference
    _fp_trap_init                             - Undefined Weak Reference
    _fp_trap_shutdown                         - Undefined Weak Reference
    _get_lc_collate                           - Undefined Weak Reference
    _get_lc_monetary                          - Undefined Weak Reference
    _get_lc_time                              - Undefined Weak Reference
    _getenv_init                              - Undefined Weak Reference
    _handle_redirection                       - Undefined Weak Reference
    _init_alloc                               - Undefined Weak Reference
    _init_user_alloc                          - Undefined Weak Reference
    _initio                                   - Undefined Weak Reference
    _printf_mbtowc                            - Undefined Weak Reference
    _printf_wc                                - Undefined Weak Reference
    _rand_init                                - Undefined Weak Reference
    _signal_finish                            - Undefined Weak Reference
    _signal_init                              - Undefined Weak Reference
    _terminate_alloc                          - Undefined Weak Reference
    _terminate_user_alloc                     - Undefined Weak Reference
    _terminateio                              - Undefined Weak Reference
    __Vectors_Size                           0x000000ec   Number         0  startup_stm32f10x_md.o ABSOLUTE
    __Vectors                                0x08000000   Data           4  startup_stm32f10x_md.o(RESET)
    __Vectors_End                            0x080000ec   Data           0  startup_stm32f10x_md.o(RESET)
    __main                                   0x080000ed   Thumb Code     8  __main.o(!!!main)
    __scatterload                            0x080000f5   Thumb Code     0  __scatter.o(!!!scatter)
    __scatterload_rt2                        0x080000f5   Thumb Code    44  __scatter.o(!!!scatter)
    __scatterload_rt2_thumb_only             0x080000f5   Thumb Code     0  __scatter.o(!!!scatter)
    __scatterload_null                       0x08000103   Thumb Code     0  __scatter.o(!!!scatter)
    __decompress                             0x08000129   Thumb Code   100  __dclz77c.o(!!dclz77c)
    __decompress2                            0x08000129   Thumb Code     0  __dclz77c.o(!!dclz77c)
    __scatterload_zeroinit                   0x0800018d   Thumb Code    28  __scatter_zi.o(!!handler_zi)
    _printf_n                                0x080001a9   Thumb Code     0  _printf_n.o(.ARM.Collect$$_printf_percent$$00000001)
    _printf_percent                          0x080001a9   Thumb Code     0  _printf_percent.o(.ARM.Collect$$_printf_percent$$00000000)
    _printf_p                                0x080001af   Thumb Code     0  _printf_p.o(.ARM.Collect$$_printf_percent$$00000002)
    _printf_f                                0x080001b5   Thumb Code     0  _printf_f.o(.ARM.Collect$$_printf_percent$$00000003)
    _printf_e                                0x080001bb   Thumb Code     0  _printf_e.o(.ARM.Collect$$_printf_percent$$00000004)
    _printf_g                                0x080001c1   Thumb Code     0  _printf_g.o(.ARM.Collect$$_printf_percent$$00000005)
    _printf_a                                0x080001c7   Thumb Code     0  _printf_a.o(.ARM.Collect$$_printf_percent$$00000006)
    _printf_ll                               0x080001cd   Thumb Code     0  _printf_ll.o(.ARM.Collect$$_printf_percent$$00000007)
    _printf_i                                0x080001d7   Thumb Code     0  _printf_i.o(.ARM.Collect$$_printf_percent$$00000008)
    _printf_d                                0x080001dd   Thumb Code     0  _printf_d.o(.ARM.Collect$$_printf_percent$$00000009)
    _printf_u                                0x080001e3   Thumb Code     0  _printf_u.o(.ARM.Collect$$_printf_percent$$0000000A)
    _printf_o                                0x080001e9   Thumb Code     0  _printf_o.o(.ARM.Collect$$_printf_percent$$0000000B)
    _printf_x                                0x080001ef   Thumb Code     0  _printf_x.o(.ARM.Collect$$_printf_percent$$0000000C)
    _printf_lli                              0x080001f5   Thumb Code     0  _printf_lli.o(.ARM.Collect$$_printf_percent$$0000000D)
    _printf_lld                              0x080001fb   Thumb Code     0  _printf_lld.o(.ARM.Collect$$_printf_percent$$0000000E)
    _printf_llu                              0x08000201   Thumb Code     0  _printf_llu.o(.ARM.Collect$$_printf_percent$$0000000F)
    _printf_llo                              0x08000207   Thumb Code     0  _printf_llo.o(.ARM.Collect$$_printf_percent$$00000010)
    _printf_llx                              0x0800020d   Thumb Code     0  _printf_llx.o(.ARM.Collect$$_printf_percent$$00000011)
    _printf_l                                0x08000213   Thumb Code     0  _printf_l.o(.ARM.Collect$$_printf_percent$$00000012)
    _printf_c                                0x0800021d   Thumb Code     0  _printf_c.o(.ARM.Collect$$_printf_percent$$00000013)
    _printf_s                                0x08000223   Thumb Code     0  _printf_s.o(.ARM.Collect$$_printf_percent$$00000014)
    _printf_lc                               0x08000229   Thumb Code     0  _printf_lc.o(.ARM.Collect$$_printf_percent$$00000015)
    _printf_ls                               0x0800022f   Thumb Code     0  _printf_ls.o(.ARM.Collect$$_printf_percent$$00000016)
    _printf_percent_end                      0x08000235   Thumb Code     0  _printf_percent_end.o(.ARM.Collect$$_printf_percent$$00000017)
    __rt_lib_init                            0x08000239   Thumb Code     0  libinit.o(.ARM.Collect$$libinit$$00000000)
    __rt_lib_init_fp_1                       0x0800023b   Thumb Code     0  libinit2.o(.ARM.Collect$$libinit$$00000002)
    __rt_lib_init_heap_1                     0x0800023b   Thumb Code     0  libinit2.o(.ARM.Collect$$libinit$$0000000A)
    __rt_lib_init_lc_common                  0x0800023b   Thumb Code     0  libinit2.o(.ARM.Collect$$libinit$$0000000F)
    __rt_lib_init_preinit_1                  0x0800023b   Thumb Code     0  libinit2.o(.ARM.Collect$$libinit$$00000004)
    __rt_lib_init_rand_1                     0x0800023b   Thumb Code     0  libinit2.o(.ARM.Collect$$libinit$$0000000E)
    __rt_lib_init_user_alloc_1               0x0800023b   Thumb Code     0  libinit2.o(.ARM.Collect$$libinit$$0000000C)
    __rt_lib_init_lc_collate_1               0x08000241   Thumb Code     0  libinit2.o(.ARM.Collect$$libinit$$00000011)
    __rt_lib_init_lc_ctype_2                 0x08000241   Thumb Code     0  libinit2.o(.ARM.Collect$$libinit$$00000012)
    __rt_lib_init_lc_ctype_1                 0x0800024d   Thumb Code     0  libinit2.o(.ARM.Collect$$libinit$$00000013)
    __rt_lib_init_lc_monetary_1              0x0800024d   Thumb Code     0  libinit2.o(.ARM.Collect$$libinit$$00000015)
    __rt_lib_init_lc_numeric_2               0x0800024d   Thumb Code     0  libinit2.o(.ARM.Collect$$libinit$$00000016)
    __rt_lib_init_alloca_1                   0x08000257   Thumb Code     0  libinit2.o(.ARM.Collect$$libinit$$0000002E)
    __rt_lib_init_argv_1                     0x08000257   Thumb Code     0  libinit2.o(.ARM.Collect$$libinit$$0000002C)
    __rt_lib_init_atexit_1                   0x08000257   Thumb Code     0  libinit2.o(.ARM.Collect$$libinit$$0000001B)
    __rt_lib_init_clock_1                    0x08000257   Thumb Code     0  libinit2.o(.ARM.Collect$$libinit$$00000021)
    __rt_lib_init_cpp_1                      0x08000257   Thumb Code     0  libinit2.o(.ARM.Collect$$libinit$$00000032)
    __rt_lib_init_exceptions_1               0x08000257   Thumb Code     0  libinit2.o(.ARM.Collect$$libinit$$00000030)
    __rt_lib_init_fp_trap_1                  0x08000257   Thumb Code     0  libinit2.o(.ARM.Collect$$libinit$$0000001F)
    __rt_lib_init_getenv_1                   0x08000257   Thumb Code     0  libinit2.o(.ARM.Collect$$libinit$$00000023)
    __rt_lib_init_lc_numeric_1               0x08000257   Thumb Code     0  libinit2.o(.ARM.Collect$$libinit$$00000017)
    __rt_lib_init_lc_time_1                  0x08000257   Thumb Code     0  libinit2.o(.ARM.Collect$$libinit$$00000019)
    __rt_lib_init_return                     0x08000257   Thumb Code     0  libinit2.o(.ARM.Collect$$libinit$$00000033)
    __rt_lib_init_signal_1                   0x08000257   Thumb Code     0  libinit2.o(.ARM.Collect$$libinit$$0000001D)
    __rt_lib_init_stdio_1                    0x08000257   Thumb Code     0  libinit2.o(.ARM.Collect$$libinit$$00000025)
    __rt_lib_shutdown                        0x08000259   Thumb Code     0  libshutdown.o(.ARM.Collect$$libshutdown$$00000000)
    __rt_lib_shutdown_cpp_1                  0x0800025b   Thumb Code     0  libshutdown2.o(.ARM.Collect$$libshutdown$$00000002)
    __rt_lib_shutdown_fp_trap_1              0x0800025b   Thumb Code     0  libshutdown2.o(.ARM.Collect$$libshutdown$$00000007)
    __rt_lib_shutdown_heap_1                 0x0800025b   Thumb Code     0  libshutdown2.o(.ARM.Collect$$libshutdown$$0000000F)
    __rt_lib_shutdown_return                 0x0800025b   Thumb Code     0  libshutdown2.o(.ARM.Collect$$libshutdown$$00000010)
    __rt_lib_shutdown_signal_1               0x0800025b   Thumb Code     0  libshutdown2.o(.ARM.Collect$$libshutdown$$0000000A)
    __rt_lib_shutdown_stdio_1                0x0800025b   Thumb Code     0  libshutdown2.o(.ARM.Collect$$libshutdown$$00000004)
    __rt_lib_shutdown_user_alloc_1           0x0800025b   Thumb Code     0  libshutdown2.o(.ARM.Collect$$libshutdown$$0000000C)
    __rt_entry                               0x0800025d   Thumb Code     0  __rtentry.o(.ARM.Collect$$rtentry$$00000000)
    __rt_entry_presh_1                       0x0800025d   Thumb Code     0  __rtentry2.o(.ARM.Collect$$rtentry$$00000002)
    __rt_entry_sh                            0x0800025d   Thumb Code     0  __rtentry4.o(.ARM.Collect$$rtentry$$00000004)
    __rt_entry_li                            0x08000263   Thumb Code     0  __rtentry2.o(.ARM.Collect$$rtentry$$0000000A)
    __rt_entry_postsh_1                      0x08000263   Thumb Code     0  __rtentry2.o(.ARM.Collect$$rtentry$$00000009)
    __rt_entry_main                          0x08000267   Thumb Code     0  __rtentry2.o(.ARM.Collect$$rtentry$$0000000D)
    __rt_entry_postli_1                      0x08000267   Thumb Code     0  __rtentry2.o(.ARM.Collect$$rtentry$$0000000C)
    __rt_exit                                0x0800026f   Thumb Code     0  rtexit.o(.ARM.Collect$$rtexit$$00000000)
    __rt_exit_ls                             0x08000271   Thumb Code     0  rtexit2.o(.ARM.Collect$$rtexit$$00000003)
    __rt_exit_prels_1                        0x08000271   Thumb Code     0  rtexit2.o(.ARM.Collect$$rtexit$$00000002)
    __rt_exit_exit                           0x08000275   Thumb Code     0  rtexit2.o(.ARM.Collect$$rtexit$$00000004)
    Reset_Handler                            0x0800027d   Thumb Code     8  startup_stm32f10x_md.o(.text)
    NMI_Handler                              0x08000285   Thumb Code     2  startup_stm32f10x_md.o(.text)
    HardFault_Handler                        0x08000287   Thumb Code     2  startup_stm32f10x_md.o(.text)
    MemManage_Handler                        0x08000289   Thumb Code     2  startup_stm32f10x_md.o(.text)
    BusFault_Handler                         0x0800028b   Thumb Code     2  startup_stm32f10x_md.o(.text)
    UsageFault_Handler                       0x0800028d   Thumb Code     2  startup_stm32f10x_md.o(.text)
    SVC_Handler                              0x0800028f   Thumb Code     2  startup_stm32f10x_md.o(.text)
    DebugMon_Handler                         0x08000291   Thumb Code     2  startup_stm32f10x_md.o(.text)
    PendSV_Handler                           0x08000293   Thumb Code     2  startup_stm32f10x_md.o(.text)
    ADC1_2_IRQHandler                        0x08000297   Thumb Code     0  startup_stm32f10x_md.o(.text)
    CAN1_RX1_IRQHandler                      0x08000297   Thumb Code     0  startup_stm32f10x_md.o(.text)
    CAN1_SCE_IRQHandler                      0x08000297   Thumb Code     0  startup_stm32f10x_md.o(.text)
    DMA1_Channel1_IRQHandler                 0x08000297   Thumb Code     0  startup_stm32f10x_md.o(.text)
    DMA1_Channel2_IRQHandler                 0x08000297   Thumb Code     0  startup_stm32f10x_md.o(.text)
    DMA1_Channel3_IRQHandler                 0x08000297   Thumb Code     0  startup_stm32f10x_md.o(.text)
    DMA1_Channel4_IRQHandler                 0x08000297   Thumb Code     0  startup_stm32f10x_md.o(.text)
    DMA1_Channel5_IRQHandler                 0x08000297   Thumb Code     0  startup_stm32f10x_md.o(.text)
    DMA1_Channel6_IRQHandler                 0x08000297   Thumb Code     0  startup_stm32f10x_md.o(.text)
    DMA1_Channel7_IRQHandler                 0x08000297   Thumb Code     0  startup_stm32f10x_md.o(.text)
    EXTI15_10_IRQHandler                     0x08000297   Thumb Code     0  startup_stm32f10x_md.o(.text)
    EXTI1_IRQHandler                         0x08000297   Thumb Code     0  startup_stm32f10x_md.o(.text)
    EXTI2_IRQHandler                         0x08000297   Thumb Code     0  startup_stm32f10x_md.o(.text)
    EXTI3_IRQHandler                         0x08000297   Thumb Code     0  startup_stm32f10x_md.o(.text)
    EXTI4_IRQHandler                         0x08000297   Thumb Code     0  startup_stm32f10x_md.o(.text)
    EXTI9_5_IRQHandler                       0x08000297   Thumb Code     0  startup_stm32f10x_md.o(.text)
    FLASH_IRQHandler                         0x08000297   Thumb Code     0  startup_stm32f10x_md.o(.text)
    I2C1_ER_IRQHandler                       0x08000297   Thumb Code     0  startup_stm32f10x_md.o(.text)
    I2C1_EV_IRQHandler                       0x08000297   Thumb Code     0  startup_stm32f10x_md.o(.text)
    I2C2_ER_IRQHandler                       0x08000297   Thumb Code     0  startup_stm32f10x_md.o(.text)
    I2C2_EV_IRQHandler                       0x08000297   Thumb Code     0  startup_stm32f10x_md.o(.text)
    PVD_IRQHandler                           0x08000297   Thumb Code     0  startup_stm32f10x_md.o(.text)
    RCC_IRQHandler                           0x08000297   Thumb Code     0  startup_stm32f10x_md.o(.text)
    RTCAlarm_IRQHandler                      0x08000297   Thumb Code     0  startup_stm32f10x_md.o(.text)
    RTC_IRQHandler                           0x08000297   Thumb Code     0  startup_stm32f10x_md.o(.text)
    SPI1_IRQHandler                          0x08000297   Thumb Code     0  startup_stm32f10x_md.o(.text)
    SPI2_IRQHandler                          0x08000297   Thumb Code     0  startup_stm32f10x_md.o(.text)
    TAMPER_IRQHandler                        0x08000297   Thumb Code     0  startup_stm32f10x_md.o(.text)
    TIM1_BRK_IRQHandler                      0x08000297   Thumb Code     0  startup_stm32f10x_md.o(.text)
    TIM1_CC_IRQHandler                       0x08000297   Thumb Code     0  startup_stm32f10x_md.o(.text)
    TIM1_TRG_COM_IRQHandler                  0x08000297   Thumb Code     0  startup_stm32f10x_md.o(.text)
    TIM1_UP_IRQHandler                       0x08000297   Thumb Code     0  startup_stm32f10x_md.o(.text)
    TIM2_IRQHandler                          0x08000297   Thumb Code     0  startup_stm32f10x_md.o(.text)
    TIM3_IRQHandler                          0x08000297   Thumb Code     0  startup_stm32f10x_md.o(.text)
    TIM4_IRQHandler                          0x08000297   Thumb Code     0  startup_stm32f10x_md.o(.text)
    USART2_IRQHandler                        0x08000297   Thumb Code     0  startup_stm32f10x_md.o(.text)
    USBWakeUp_IRQHandler                     0x08000297   Thumb Code     0  startup_stm32f10x_md.o(.text)
    USB_HP_CAN1_TX_IRQHandler                0x08000297   Thumb Code     0  startup_stm32f10x_md.o(.text)
    USB_LP_CAN1_RX0_IRQHandler               0x08000297   Thumb Code     0  startup_stm32f10x_md.o(.text)
    WWDG_IRQHandler                          0x08000297   Thumb Code     0  startup_stm32f10x_md.o(.text)
    __user_initial_stackheap                 0x08000299   Thumb Code     0  startup_stm32f10x_md.o(.text)
    vsprintf                                 0x080002bd   Thumb Code    32  vsprintf.o(.text)
    __use_two_region_memory                  0x080002e1   Thumb Code     2  heapauxi.o(.text)
    __rt_heap_escrow$2region                 0x080002e3   Thumb Code     2  heapauxi.o(.text)
    __rt_heap_expand$2region                 0x080002e5   Thumb Code     2  heapauxi.o(.text)
    _printf_pre_padding                      0x080002e7   Thumb Code    44  _printf_pad.o(.text)
    _printf_post_padding                     0x08000313   Thumb Code    34  _printf_pad.o(.text)
    _printf_truncate_signed                  0x08000335   Thumb Code    18  _printf_truncate.o(.text)
    _printf_truncate_unsigned                0x08000347   Thumb Code    18  _printf_truncate.o(.text)
    _printf_str                              0x08000359   Thumb Code    82  _printf_str.o(.text)
    _printf_int_dec                          0x080003ad   Thumb Code   104  _printf_dec.o(.text)
    _printf_charcount                        0x08000425   Thumb Code    40  _printf_charcount.o(.text)
    _printf_char_common                      0x08000457   Thumb Code    32  _printf_char_common.o(.text)
    _sputc                                   0x0800047d   Thumb Code    10  _sputc.o(.text)
    _printf_wctomb                           0x08000489   Thumb Code   182  _printf_wctomb.o(.text)
    _printf_longlong_dec                     0x08000545   Thumb Code   108  _printf_longlong_dec.o(.text)
    _printf_longlong_oct                     0x080005c1   Thumb Code    68  _printf_oct_int_ll.o(.text)
    _printf_int_oct                          0x08000605   Thumb Code    24  _printf_oct_int_ll.o(.text)
    _printf_ll_oct                           0x0800061d   Thumb Code    12  _printf_oct_int_ll.o(.text)
    _printf_longlong_hex                     0x08000631   Thumb Code    86  _printf_hex_int_ll_ptr.o(.text)
    _printf_int_hex                          0x08000687   Thumb Code    28  _printf_hex_int_ll_ptr.o(.text)
    _printf_ll_hex                           0x080006a3   Thumb Code    12  _printf_hex_int_ll_ptr.o(.text)
    _printf_hex_ptr                          0x080006af   Thumb Code    18  _printf_hex_int_ll_ptr.o(.text)
    __printf                                 0x080006c5   Thumb Code   388  __printf_flags_ss_wp.o(.text)
    _ll_udiv10                               0x0800084d   Thumb Code   138  lludiv10.o(.text)
    _printf_int_common                       0x080008d7   Thumb Code   178  _printf_intcommon.o(.text)
    __lib_sel_fp_printf                      0x08000989   Thumb Code     2  _printf_fp_dec.o(.text)
    _printf_fp_dec_real                      0x08000b37   Thumb Code   620  _printf_fp_dec.o(.text)
    _printf_fp_hex_real                      0x08000da5   Thumb Code   756  _printf_fp_hex.o(.text)
    _printf_cs_common                        0x080010a1   Thumb Code    20  _printf_char.o(.text)
    _printf_char                             0x080010b5   Thumb Code    16  _printf_char.o(.text)
    _printf_string                           0x080010c5   Thumb Code     8  _printf_char.o(.text)
    _printf_lcs_common                       0x080010cd   Thumb Code    20  _printf_wchar.o(.text)
    _printf_wchar                            0x080010e1   Thumb Code    16  _printf_wchar.o(.text)
    _printf_wstring                          0x080010f1   Thumb Code     8  _printf_wchar.o(.text)
    _wcrtomb                                 0x080010f9   Thumb Code    64  _wcrtomb.o(.text)
    __user_setup_stackheap                   0x08001139   Thumb Code    74  sys_stackheap_outer.o(.text)
    __rt_ctype_table                         0x08001185   Thumb Code    16  rt_ctype_table.o(.text)
    __rt_locale                              0x08001195   Thumb Code     8  rt_locale_intlibspace.o(.text)
    _printf_fp_infnan                        0x0800119d   Thumb Code   112  _printf_fp_infnan.o(.text)
    _btod_etento                             0x0800121d   Thumb Code   216  bigflt0.o(.text)
    exit                                     0x080012f9   Thumb Code    18  exit.o(.text)
    __user_libspace                          0x0800130d   Thumb Code     8  libspace.o(.text)
    __user_perproc_libspace                  0x0800130d   Thumb Code     0  libspace.o(.text)
    __user_perthread_libspace                0x0800130d   Thumb Code     0  libspace.o(.text)
    strcmp                                   0x08001315   Thumb Code   128  strcmpv7m.o(.text)
    _sys_exit                                0x08001395   Thumb Code     8  sys_exit.o(.text)
    __I$use$semihosting                      0x080013a1   Thumb Code     0  use_no_semi.o(.text)
    __use_no_semihosting_swi                 0x080013a1   Thumb Code     2  use_no_semi.o(.text)
    __semihosting_library_function           0x080013a3   Thumb Code     0  indicate_semi.o(.text)
    _btod_d2e                                0x080013a3   Thumb Code    62  btod.o(CL$$btod_d2e)
    _d2e_denorm_low                          0x080013e1   Thumb Code    70  btod.o(CL$$btod_d2e_denorm_low)
    _d2e_norm_op1                            0x08001427   Thumb Code    96  btod.o(CL$$btod_d2e_norm_op1)
    __btod_div_common                        0x08001487   Thumb Code   696  btod.o(CL$$btod_div_common)
    _e2e                                     0x080017bf   Thumb Code   198  btod.o(CL$$btod_e2e)
    _btod_ediv                               0x08001885   Thumb Code    40  btod.o(CL$$btod_ediv)
    _btod_emul                               0x080018ad   Thumb Code    40  btod.o(CL$$btod_emul)
    __btod_mult_common                       0x080018d5   Thumb Code   580  btod.o(CL$$btod_mult_common)
    EXTI0_IRQHandler                         0x08001b19   Thumb Code    72  camera.o(i.EXTI0_IRQHandler)
    EXTI_ClearITPendingBit                   0x08001b69   Thumb Code     6  stm32f10x_exti.o(i.EXTI_ClearITPendingBit)
    EXTI_GetITStatus                         0x08001b75   Thumb Code    34  stm32f10x_exti.o(i.EXTI_GetITStatus)
    GPIO_Init                                0x08001b9d   Thumb Code   278  stm32f10x_gpio.o(i.GPIO_Init)
    GPIO_PinRemapConfig                      0x08001cb5   Thumb Code   138  stm32f10x_gpio.o(i.GPIO_PinRemapConfig)
    GPIO_ReadInputDataBit                    0x08001d45   Thumb Code    18  stm32f10x_gpio.o(i.GPIO_ReadInputDataBit)
    GPIO_ResetBits                           0x08001d57   Thumb Code     4  stm32f10x_gpio.o(i.GPIO_ResetBits)
    GPIO_SetBits                             0x08001d5b   Thumb Code     4  stm32f10x_gpio.o(i.GPIO_SetBits)
    NVIC_Init                                0x08001d61   Thumb Code   100  misc.o(i.NVIC_Init)
    NVIC_SetVectorTable                      0x08001dd1   Thumb Code    12  misc.o(i.NVIC_SetVectorTable)
    RCC_APB1PeriphClockCmd                   0x08001de5   Thumb Code    26  stm32f10x_rcc.o(i.RCC_APB1PeriphClockCmd)
    RCC_APB2PeriphClockCmd                   0x08001e05   Thumb Code    26  stm32f10x_rcc.o(i.RCC_APB2PeriphClockCmd)
    RCC_GetClocksFreq                        0x08001e25   Thumb Code   192  stm32f10x_rcc.o(i.RCC_GetClocksFreq)
    SPI_CalculateCRC                         0x08001ef9   Thumb Code    24  stm32f10x_spi.o(i.SPI_CalculateCRC)
    SPI_Cmd                                  0x08001f11   Thumb Code    24  stm32f10x_spi.o(i.SPI_Cmd)
    SPI_I2S_GetFlagStatus                    0x08001f29   Thumb Code    18  stm32f10x_spi.o(i.SPI_I2S_GetFlagStatus)
    SPI_I2S_ReceiveData                      0x08001f3b   Thumb Code     6  stm32f10x_spi.o(i.SPI_I2S_ReceiveData)
    SPI_I2S_SendData                         0x08001f41   Thumb Code     4  stm32f10x_spi.o(i.SPI_I2S_SendData)
    SPI_Init                                 0x08001f45   Thumb Code    60  stm32f10x_spi.o(i.SPI_Init)
    SPI_SSOutputCmd                          0x08001f81   Thumb Code    24  stm32f10x_spi.o(i.SPI_SSOutputCmd)
    SysTick_Handler                          0x08002081   Thumb Code    12  ticks.o(i.SysTick_Handler)
    SystemInit                               0x08002091   Thumb Code    78  system_stm32f10x.o(i.SystemInit)
    USART1_IRQHandler                        0x080020f1   Thumb Code    48  uart.o(i.USART1_IRQHandler)
    USART3_IRQHandler                        0x0800212d   Thumb Code    48  uart.o(i.USART3_IRQHandler)
    USART_ClearITPendingBit                  0x08002169   Thumb Code    30  stm32f10x_usart.o(i.USART_ClearITPendingBit)
    USART_Cmd                                0x08002187   Thumb Code    24  stm32f10x_usart.o(i.USART_Cmd)
    USART_GetFlagStatus                      0x0800219f   Thumb Code    26  stm32f10x_usart.o(i.USART_GetFlagStatus)
    USART_GetITStatus                        0x080021b9   Thumb Code    84  stm32f10x_usart.o(i.USART_GetITStatus)
    USART_ITConfig                           0x0800220d   Thumb Code    74  stm32f10x_usart.o(i.USART_ITConfig)
    USART_Init                               0x08002259   Thumb Code   210  stm32f10x_usart.o(i.USART_Init)
    USART_ReceiveData                        0x08002331   Thumb Code    10  stm32f10x_usart.o(i.USART_ReceiveData)
    USART_SendData                           0x0800233b   Thumb Code     8  stm32f10x_usart.o(i.USART_SendData)
    __ARM_fpclassify                         0x08002343   Thumb Code    40  fpclassify.o(i.__ARM_fpclassify)
    _is_digit                                0x0800236b   Thumb Code    14  __printf_wp.o(i._is_digit)
    button_init                              0x08002379   Thumb Code   118  button.o(i.button_init)
    delay                                    0x08002401   Thumb Code    40  ticks.o(i.delay)
    getSize                                  0x08002431   Thumb Code    22  uart.o(i.getSize)
    get_LED                                  0x08002451   Thumb Code     6  uart.o(i.get_LED)
    get_nextmove                             0x0800245d   Thumb Code    10  uart.o(i.get_nextmove)
    get_position                             0x0800246d   Thumb Code    10  uart.o(i.get_position)
    get_ready                                0x0800247d   Thumb Code    10  uart.o(i.get_ready)
    get_target_x                             0x0800248d   Thumb Code     4  uart.o(i.get_target_x)
    get_target_y                             0x08002495   Thumb Code     4  uart.o(i.get_target_y)
    get_ticks                                0x0800249d   Thumb Code     6  ticks.o(i.get_ticks)
    main                                     0x080024a9   Thumb Code   352  main.o(i.main)
    read_button                              0x08002661   Thumb Code    30  button.o(i.read_button)
    send_LED                                 0x08002685   Thumb Code    20  uart.o(i.send_LED)
    send_position                            0x08002699   Thumb Code    64  uart.o(i.send_position)
    send_target                              0x080026d9   Thumb Code    60  uart.o(i.send_target)
    tft_char_is_changed                      0x08002715   Thumb Code   186  tft.o(i.tft_char_is_changed)
    tft_clear                                0x080027e9   Thumb Code    22  tft.o(i.tft_clear)
    tft_clear_line                           0x08002801   Thumb Code    68  tft.o(i.tft_clear_line)
    tft_config                               0x08002859   Thumb Code   532  tft.o(i.tft_config)
    tft_fill_color                           0x08002a6d   Thumb Code    98  tft.o(i.tft_fill_color)
    tft_init                                 0x08002ad1   Thumb Code   172  tft.o(i.tft_init)
    tft_prints                               0x08002b99   Thumb Code   222  tft.o(i.tft_prints)
    tft_reset                                0x08002c91   Thumb Code    32  tft.o(i.tft_reset)
    tft_set_bg_color                         0x08002cb5   Thumb Code     6  tft.o(i.tft_set_bg_color)
    tft_set_char_pos                         0x08002cc1   Thumb Code    90  tft.o(i.tft_set_char_pos)
    tft_set_special_color                    0x08002d1d   Thumb Code     6  tft.o(i.tft_set_special_color)
    tft_set_text_color                       0x08002d29   Thumb Code     6  tft.o(i.tft_set_text_color)
    tft_spi_init                             0x08002d35   Thumb Code   190  tft.o(i.tft_spi_init)
    tft_update                               0x08002dfd   Thumb Code  1452  tft.o(i.tft_update)
    tft_write_command                        0x080033bd   Thumb Code    72  tft.o(i.tft_write_command)
    tft_write_data                           0x0800340d   Thumb Code    72  tft.o(i.tft_write_data)
    ticks_init                               0x0800345d   Thumb Code   124  ticks.o(i.ticks_init)
    uart_init                                0x080034ed   Thumb Code   194  uart.o(i.uart_init)
    uart_interrupt                           0x080035d1   Thumb Code    62  uart.o(i.uart_interrupt)
    uart_interrupt_init                      0x08003619   Thumb Code    26  uart.o(i.uart_interrupt_init)
    uart_receive                             0x0800363d   Thumb Code   382  uart.o(i.uart_receive)
    uart_tx_byte                             0x080037e1   Thumb Code    38  uart.o(i.uart_tx_byte)
    _get_lc_numeric                          0x0800380d   Thumb Code    44  lc_numeric_c.o(locale$$code)
    _get_lc_ctype                            0x08003839   Thumb Code    44  lc_ctype_c.o(locale$$code)
    _printf_fp_dec                           0x08003865   Thumb Code     4  printf1.o(x$fpl$printf1)
    _printf_fp_hex                           0x08003869   Thumb Code     4  printf2.o(x$fpl$printf2)
    __I$use$fp                               0x0800386c   Number         0  usenofp.o(x$fpl$usenofp)
    button_pins                              0x0800386c   Data           6  button.o(.constdata)
    com_tx_port_clk                          0x08003874   Data           8  uart.o(.constdata)
    com_rx_port_clk                          0x0800387c   Data           8  uart.o(.constdata)
    com_usart_clk                            0x08003884   Data           8  uart.o(.constdata)
    com_tx_pin                               0x0800388c   Data           4  uart.o(.constdata)
    com_rx_pin                               0x08003890   Data           4  uart.o(.constdata)
    com_irq                                  0x08003894   Data           4  uart.o(.constdata)
    Region$$Table$$Base                      0x08003994   Number         0  anon$$obj.o(Region$$Table)
    Region$$Table$$Limit                     0x080039b4   Number         0  anon$$obj.o(Region$$Table)
    __ctype                                  0x080039dd   Data           0  lc_ctype_c.o(locale$$data)
    SystemCoreClock                          0x20000014   Data           4  system_stm32f10x.o(.data)
    AHBPrescTable                            0x20000018   Data          16  system_stm32f10x.o(.data)
    msec                                     0x20000028   Data           4  ticks.o(.data)
    is_ticks_enabled                         0x2000002c   Data           1  ticks.o(.data)
    button_ports                             0x20000030   Data          12  button.o(.data)
    com_usart                                0x2000003c   Data           8  uart.o(.data)
    com_tx_port                              0x20000044   Data           8  uart.o(.data)
    com_rx_port                              0x2000004c   Data           8  uart.o(.data)
    uart_rx_listener                         0x20000054   Data           8  uart.o(.data)
    has_uart_rx_listener                     0x2000005c   Data           2  uart.o(.data)
    x_index                                  0x2000005e   Data           2  uart.o(.data)
    y_index                                  0x20000060   Data           2  uart.o(.data)
    x_position                               0x20000062   Data           2  uart.o(.data)
    y_position                               0x20000064   Data           2  uart.o(.data)
    LED_state                                0x20000066   Data           1  uart.o(.data)
    check                                    0x20000067   Data           1  uart.o(.data)
    curr_bg_color                            0x20001068   Data           2  tft.o(.data)
    curr_text_color                          0x2000106a   Data           2  tft.o(.data)
    curr_text_color_sp                       0x2000106c   Data           2  tft.o(.data)
    tft_orientation                          0x2000106e   Data           1  tft.o(.data)
    tft_enabled                              0x2000106f   Data           1  tft.o(.data)
    print_pos                                0x20001070   Data           2  tft.o(.data)
    imageType                                0x20002078   Data           1  camera.o(.data)
    camState                                 0x20002079   Data           1  camera.o(.data)
    threshold                                0x2000207a   Data           1  camera.o(.data)
    x_limit                                  0x2000207c   Data           4  camera.o(.data)
    y_limit                                  0x20002080   Data           4  camera.o(.data)
    x_length                                 0x20002084   Data           2  camera.o(.data)
    y_length                                 0x20002086   Data           2  camera.o(.data)
    cameraConfig                             0x20002088   Data         170  camera.o(.data)
    cameraConfigLength                       0x20002132   Data           1  camera.o(.data)
    position                                 0x20002174   Data          12  uart.o(.bss)
    target_x                                 0x20002180   Data         500  uart.o(.bss)
    target_y                                 0x20002374   Data         500  uart.o(.bss)
    text                                     0x20002568   Data         200  tft.o(.bss)
    text_prev                                0x20002630   Data         200  tft.o(.bss)
    text_color                               0x200026f8   Data         400  tft.o(.bss)
    text_color_prev                          0x20002888   Data         400  tft.o(.bss)
    bg_color                                 0x20002a18   Data         400  tft.o(.bss)
    bg_color_prev                            0x20002ba8   Data         400  tft.o(.bss)
    text_bg_color_prev                       0x20002d38   Data         200  tft.o(.bss)
    __libspace_start                         0x20002e00   Data          96  libspace.o(.bss)
    __temporary_stack_top$libspace           0x20002e60   Data           0  libspace.o(.bss)



==============================================================================

Memory Map of the image

  Image Entry point : 0x080000ed

  Load Region LR_IROM1 (Base: 0x08000000, Size: 0x00005c18, Max: 0x00040000, ABSOLUTE, COMPRESSED[0x00004284])

    Execution Region ER_IROM1 (Base: 0x08000000, Size: 0x00003ae0, Max: 0x00040000, ABSOLUTE)

    Base Addr    Size         Type   Attr      Idx    E Section Name        Object

    0x08000000   0x000000ec   Data   RO            3    RESET               startup_stm32f10x_md.o
    0x080000ec   0x00000008   Code   RO         4133  * !!!main             c_w.l(__main.o)
    0x080000f4   0x00000034   Code   RO         4478    !!!scatter          c_w.l(__scatter.o)
    0x08000128   0x00000064   Code   RO         4476    !!dclz77c           c_w.l(__dclz77c.o)
    0x0800018c   0x0000001c   Code   RO         4480    !!handler_zi        c_w.l(__scatter_zi.o)
    0x080001a8   0x00000000   Code   RO         4231    .ARM.Collect$$_printf_percent$$00000000  c_w.l(_printf_percent.o)
    0x080001a8   0x00000006   Code   RO         4220    .ARM.Collect$$_printf_percent$$00000001  c_w.l(_printf_n.o)
    0x080001ae   0x00000006   Code   RO         4222    .ARM.Collect$$_printf_percent$$00000002  c_w.l(_printf_p.o)
    0x080001b4   0x00000006   Code   RO         4227    .ARM.Collect$$_printf_percent$$00000003  c_w.l(_printf_f.o)
    0x080001ba   0x00000006   Code   RO         4228    .ARM.Collect$$_printf_percent$$00000004  c_w.l(_printf_e.o)
    0x080001c0   0x00000006   Code   RO         4229    .ARM.Collect$$_printf_percent$$00000005  c_w.l(_printf_g.o)
    0x080001c6   0x00000006   Code   RO         4230    .ARM.Collect$$_printf_percent$$00000006  c_w.l(_printf_a.o)
    0x080001cc   0x0000000a   Code   RO         4235    .ARM.Collect$$_printf_percent$$00000007  c_w.l(_printf_ll.o)
    0x080001d6   0x00000006   Code   RO         4224    .ARM.Collect$$_printf_percent$$00000008  c_w.l(_printf_i.o)
    0x080001dc   0x00000006   Code   RO         4225    .ARM.Collect$$_printf_percent$$00000009  c_w.l(_printf_d.o)
    0x080001e2   0x00000006   Code   RO         4226    .ARM.Collect$$_printf_percent$$0000000A  c_w.l(_printf_u.o)
    0x080001e8   0x00000006   Code   RO         4223    .ARM.Collect$$_printf_percent$$0000000B  c_w.l(_printf_o.o)
    0x080001ee   0x00000006   Code   RO         4221    .ARM.Collect$$_printf_percent$$0000000C  c_w.l(_printf_x.o)
    0x080001f4   0x00000006   Code   RO         4232    .ARM.Collect$$_printf_percent$$0000000D  c_w.l(_printf_lli.o)
    0x080001fa   0x00000006   Code   RO         4233    .ARM.Collect$$_printf_percent$$0000000E  c_w.l(_printf_lld.o)
    0x08000200   0x00000006   Code   RO         4234    .ARM.Collect$$_printf_percent$$0000000F  c_w.l(_printf_llu.o)
    0x08000206   0x00000006   Code   RO         4239    .ARM.Collect$$_printf_percent$$00000010  c_w.l(_printf_llo.o)
    0x0800020c   0x00000006   Code   RO         4240    .ARM.Collect$$_printf_percent$$00000011  c_w.l(_printf_llx.o)
    0x08000212   0x0000000a   Code   RO         4236    .ARM.Collect$$_printf_percent$$00000012  c_w.l(_printf_l.o)
    0x0800021c   0x00000006   Code   RO         4218    .ARM.Collect$$_printf_percent$$00000013  c_w.l(_printf_c.o)
    0x08000222   0x00000006   Code   RO         4219    .ARM.Collect$$_printf_percent$$00000014  c_w.l(_printf_s.o)
    0x08000228   0x00000006   Code   RO         4237    .ARM.Collect$$_printf_percent$$00000015  c_w.l(_printf_lc.o)
    0x0800022e   0x00000006   Code   RO         4238    .ARM.Collect$$_printf_percent$$00000016  c_w.l(_printf_ls.o)
    0x08000234   0x00000004   Code   RO         4284    .ARM.Collect$$_printf_percent$$00000017  c_w.l(_printf_percent_end.o)
    0x08000238   0x00000002   Code   RO         4337    .ARM.Collect$$libinit$$00000000  c_w.l(libinit.o)
    0x0800023a   0x00000000   Code   RO         4359    .ARM.Collect$$libinit$$00000002  c_w.l(libinit2.o)
    0x0800023a   0x00000000   Code   RO         4361    .ARM.Collect$$libinit$$00000004  c_w.l(libinit2.o)
    0x0800023a   0x00000000   Code   RO         4364    .ARM.Collect$$libinit$$0000000A  c_w.l(libinit2.o)
    0x0800023a   0x00000000   Code   RO         4366    .ARM.Collect$$libinit$$0000000C  c_w.l(libinit2.o)
    0x0800023a   0x00000000   Code   RO         4368    .ARM.Collect$$libinit$$0000000E  c_w.l(libinit2.o)
    0x0800023a   0x00000006   Code   RO         4369    .ARM.Collect$$libinit$$0000000F  c_w.l(libinit2.o)
    0x08000240   0x00000000   Code   RO         4371    .ARM.Collect$$libinit$$00000011  c_w.l(libinit2.o)
    0x08000240   0x0000000c   Code   RO         4372    .ARM.Collect$$libinit$$00000012  c_w.l(libinit2.o)
    0x0800024c   0x00000000   Code   RO         4373    .ARM.Collect$$libinit$$00000013  c_w.l(libinit2.o)
    0x0800024c   0x00000000   Code   RO         4375    .ARM.Collect$$libinit$$00000015  c_w.l(libinit2.o)
    0x0800024c   0x0000000a   Code   RO         4376    .ARM.Collect$$libinit$$00000016  c_w.l(libinit2.o)
    0x08000256   0x00000000   Code   RO         4377    .ARM.Collect$$libinit$$00000017  c_w.l(libinit2.o)
    0x08000256   0x00000000   Code   RO         4379    .ARM.Collect$$libinit$$00000019  c_w.l(libinit2.o)
    0x08000256   0x00000000   Code   RO         4381    .ARM.Collect$$libinit$$0000001B  c_w.l(libinit2.o)
    0x08000256   0x00000000   Code   RO         4383    .ARM.Collect$$libinit$$0000001D  c_w.l(libinit2.o)
    0x08000256   0x00000000   Code   RO         4385    .ARM.Collect$$libinit$$0000001F  c_w.l(libinit2.o)
    0x08000256   0x00000000   Code   RO         4387    .ARM.Collect$$libinit$$00000021  c_w.l(libinit2.o)
    0x08000256   0x00000000   Code   RO         4389    .ARM.Collect$$libinit$$00000023  c_w.l(libinit2.o)
    0x08000256   0x00000000   Code   RO         4391    .ARM.Collect$$libinit$$00000025  c_w.l(libinit2.o)
    0x08000256   0x00000000   Code   RO         4395    .ARM.Collect$$libinit$$0000002C  c_w.l(libinit2.o)
    0x08000256   0x00000000   Code   RO         4397    .ARM.Collect$$libinit$$0000002E  c_w.l(libinit2.o)
    0x08000256   0x00000000   Code   RO         4399    .ARM.Collect$$libinit$$00000030  c_w.l(libinit2.o)
    0x08000256   0x00000000   Code   RO         4401    .ARM.Collect$$libinit$$00000032  c_w.l(libinit2.o)
    0x08000256   0x00000002   Code   RO         4402    .ARM.Collect$$libinit$$00000033  c_w.l(libinit2.o)
    0x08000258   0x00000002   Code   RO         4433    .ARM.Collect$$libshutdown$$00000000  c_w.l(libshutdown.o)
    0x0800025a   0x00000000   Code   RO         4459    .ARM.Collect$$libshutdown$$00000002  c_w.l(libshutdown2.o)
    0x0800025a   0x00000000   Code   RO         4461    .ARM.Collect$$libshutdown$$00000004  c_w.l(libshutdown2.o)
    0x0800025a   0x00000000   Code   RO         4464    .ARM.Collect$$libshutdown$$00000007  c_w.l(libshutdown2.o)
    0x0800025a   0x00000000   Code   RO         4467    .ARM.Collect$$libshutdown$$0000000A  c_w.l(libshutdown2.o)
    0x0800025a   0x00000000   Code   RO         4469    .ARM.Collect$$libshutdown$$0000000C  c_w.l(libshutdown2.o)
    0x0800025a   0x00000000   Code   RO         4472    .ARM.Collect$$libshutdown$$0000000F  c_w.l(libshutdown2.o)
    0x0800025a   0x00000002   Code   RO         4473    .ARM.Collect$$libshutdown$$00000010  c_w.l(libshutdown2.o)
    0x0800025c   0x00000000   Code   RO         4145    .ARM.Collect$$rtentry$$00000000  c_w.l(__rtentry.o)
    0x0800025c   0x00000000   Code   RO         4253    .ARM.Collect$$rtentry$$00000002  c_w.l(__rtentry2.o)
    0x0800025c   0x00000006   Code   RO         4265    .ARM.Collect$$rtentry$$00000004  c_w.l(__rtentry4.o)
    0x08000262   0x00000000   Code   RO         4255    .ARM.Collect$$rtentry$$00000009  c_w.l(__rtentry2.o)
    0x08000262   0x00000004   Code   RO         4256    .ARM.Collect$$rtentry$$0000000A  c_w.l(__rtentry2.o)
    0x08000266   0x00000000   Code   RO         4258    .ARM.Collect$$rtentry$$0000000C  c_w.l(__rtentry2.o)
    0x08000266   0x00000008   Code   RO         4259    .ARM.Collect$$rtentry$$0000000D  c_w.l(__rtentry2.o)
    0x0800026e   0x00000002   Code   RO         4345    .ARM.Collect$$rtexit$$00000000  c_w.l(rtexit.o)
    0x08000270   0x00000000   Code   RO         4406    .ARM.Collect$$rtexit$$00000002  c_w.l(rtexit2.o)
    0x08000270   0x00000004   Code   RO         4407    .ARM.Collect$$rtexit$$00000003  c_w.l(rtexit2.o)
    0x08000274   0x00000006   Code   RO         4408    .ARM.Collect$$rtexit$$00000004  c_w.l(rtexit2.o)
    0x0800027a   0x00000002   PAD
    0x0800027c   0x00000040   Code   RO            4    .text               startup_stm32f10x_md.o
    0x080002bc   0x00000024   Code   RO         4127    .text               c_w.l(vsprintf.o)
    0x080002e0   0x00000006   Code   RO         4131    .text               c_w.l(heapauxi.o)
    0x080002e6   0x0000004e   Code   RO         4152    .text               c_w.l(_printf_pad.o)
    0x08000334   0x00000024   Code   RO         4154    .text               c_w.l(_printf_truncate.o)
    0x08000358   0x00000052   Code   RO         4156    .text               c_w.l(_printf_str.o)
    0x080003aa   0x00000002   PAD
    0x080003ac   0x00000078   Code   RO         4158    .text               c_w.l(_printf_dec.o)
    0x08000424   0x00000028   Code   RO         4160    .text               c_w.l(_printf_charcount.o)
    0x0800044c   0x00000030   Code   RO         4162    .text               c_w.l(_printf_char_common.o)
    0x0800047c   0x0000000a   Code   RO         4164    .text               c_w.l(_sputc.o)
    0x08000486   0x00000002   PAD
    0x08000488   0x000000bc   Code   RO         4166    .text               c_w.l(_printf_wctomb.o)
    0x08000544   0x0000007c   Code   RO         4169    .text               c_w.l(_printf_longlong_dec.o)
    0x080005c0   0x00000070   Code   RO         4175    .text               c_w.l(_printf_oct_int_ll.o)
    0x08000630   0x00000094   Code   RO         4195    .text               c_w.l(_printf_hex_int_ll_ptr.o)
    0x080006c4   0x00000188   Code   RO         4215    .text               c_w.l(__printf_flags_ss_wp.o)
    0x0800084c   0x0000008a   Code   RO         4269    .text               c_w.l(lludiv10.o)
    0x080008d6   0x000000b2   Code   RO         4271    .text               c_w.l(_printf_intcommon.o)
    0x08000988   0x0000041a   Code   RO         4273    .text               c_w.l(_printf_fp_dec.o)
    0x08000da2   0x00000002   PAD
    0x08000da4   0x000002fc   Code   RO         4275    .text               c_w.l(_printf_fp_hex.o)
    0x080010a0   0x0000002c   Code   RO         4280    .text               c_w.l(_printf_char.o)
    0x080010cc   0x0000002c   Code   RO         4282    .text               c_w.l(_printf_wchar.o)
    0x080010f8   0x00000040   Code   RO         4285    .text               c_w.l(_wcrtomb.o)
    0x08001138   0x0000004a   Code   RO         4287    .text               c_w.l(sys_stackheap_outer.o)
    0x08001182   0x00000002   PAD
    0x08001184   0x00000010   Code   RO         4289    .text               c_w.l(rt_ctype_table.o)
    0x08001194   0x00000008   Code   RO         4294    .text               c_w.l(rt_locale_intlibspace.o)
    0x0800119c   0x00000080   Code   RO         4296    .text               c_w.l(_printf_fp_infnan.o)
    0x0800121c   0x000000dc   Code   RO         4298    .text               c_w.l(bigflt0.o)
    0x080012f8   0x00000012   Code   RO         4326    .text               c_w.l(exit.o)
    0x0800130a   0x00000002   PAD
    0x0800130c   0x00000008   Code   RO         4342    .text               c_w.l(libspace.o)
    0x08001314   0x00000080   Code   RO         4356    .text               c_w.l(strcmpv7m.o)
    0x08001394   0x0000000c   Code   RO         4403    .text               c_w.l(sys_exit.o)
    0x080013a0   0x00000002   Code   RO         4422    .text               c_w.l(use_no_semi.o)
    0x080013a2   0x00000000   Code   RO         4424    .text               c_w.l(indicate_semi.o)
    0x080013a2   0x0000003e   Code   RO         4301    CL$$btod_d2e        c_w.l(btod.o)
    0x080013e0   0x00000046   Code   RO         4303    CL$$btod_d2e_denorm_low  c_w.l(btod.o)
    0x08001426   0x00000060   Code   RO         4302    CL$$btod_d2e_norm_op1  c_w.l(btod.o)
    0x08001486   0x00000338   Code   RO         4311    CL$$btod_div_common  c_w.l(btod.o)
    0x080017be   0x000000c6   Code   RO         4308    CL$$btod_e2e        c_w.l(btod.o)
    0x08001884   0x00000028   Code   RO         4305    CL$$btod_ediv       c_w.l(btod.o)
    0x080018ac   0x00000028   Code   RO         4304    CL$$btod_emul       c_w.l(btod.o)
    0x080018d4   0x00000244   Code   RO         4310    CL$$btod_mult_common  c_w.l(btod.o)
    0x08001b18   0x00000050   Code   RO         3716    i.EXTI0_IRQHandler  camera.o
    0x08001b68   0x0000000c   Code   RO          884    i.EXTI_ClearITPendingBit  stm32f10x_exti.o
    0x08001b74   0x00000028   Code   RO          888    i.EXTI_GetITStatus  stm32f10x_exti.o
    0x08001b9c   0x00000116   Code   RO         1237    i.GPIO_Init         stm32f10x_gpio.o
    0x08001cb2   0x00000002   PAD
    0x08001cb4   0x00000090   Code   RO         1239    i.GPIO_PinRemapConfig  stm32f10x_gpio.o
    0x08001d44   0x00000012   Code   RO         1241    i.GPIO_ReadInputDataBit  stm32f10x_gpio.o
    0x08001d56   0x00000004   Code   RO         1244    i.GPIO_ResetBits    stm32f10x_gpio.o
    0x08001d5a   0x00000004   Code   RO         1245    i.GPIO_SetBits      stm32f10x_gpio.o
    0x08001d5e   0x00000002   PAD
    0x08001d60   0x00000070   Code   RO           24    i.NVIC_Init         misc.o
    0x08001dd0   0x00000014   Code   RO           26    i.NVIC_SetVectorTable  misc.o
    0x08001de4   0x00000020   Code   RO         1662    i.RCC_APB1PeriphClockCmd  stm32f10x_rcc.o
    0x08001e04   0x00000020   Code   RO         1664    i.RCC_APB2PeriphClockCmd  stm32f10x_rcc.o
    0x08001e24   0x000000d4   Code   RO         1672    i.RCC_GetClocksFreq  stm32f10x_rcc.o
    0x08001ef8   0x00000018   Code   RO         2146    i.SPI_CalculateCRC  stm32f10x_spi.o
    0x08001f10   0x00000018   Code   RO         2147    i.SPI_Cmd           stm32f10x_spi.o
    0x08001f28   0x00000012   Code   RO         2155    i.SPI_I2S_GetFlagStatus  stm32f10x_spi.o
    0x08001f3a   0x00000006   Code   RO         2158    i.SPI_I2S_ReceiveData  stm32f10x_spi.o
    0x08001f40   0x00000004   Code   RO         2159    i.SPI_I2S_SendData  stm32f10x_spi.o
    0x08001f44   0x0000003c   Code   RO         2160    i.SPI_Init          stm32f10x_spi.o
    0x08001f80   0x00000018   Code   RO         2162    i.SPI_SSOutputCmd   stm32f10x_spi.o
    0x08001f98   0x00000008   Code   RO         3074    i.SetSysClock       system_stm32f10x.o
    0x08001fa0   0x000000e0   Code   RO         3075    i.SetSysClockTo72   system_stm32f10x.o
    0x08002080   0x00000010   Code   RO         3108    i.SysTick_Handler   ticks.o
    0x08002090   0x00000060   Code   RO         3077    i.SystemInit        system_stm32f10x.o
    0x080020f0   0x0000003c   Code   RO         3229    i.USART1_IRQHandler  uart.o
    0x0800212c   0x0000003c   Code   RO         3230    i.USART3_IRQHandler  uart.o
    0x08002168   0x0000001e   Code   RO         2838    i.USART_ClearITPendingBit  stm32f10x_usart.o
    0x08002186   0x00000018   Code   RO         2841    i.USART_Cmd         stm32f10x_usart.o
    0x0800219e   0x0000001a   Code   RO         2844    i.USART_GetFlagStatus  stm32f10x_usart.o
    0x080021b8   0x00000054   Code   RO         2845    i.USART_GetITStatus  stm32f10x_usart.o
    0x0800220c   0x0000004a   Code   RO         2847    i.USART_ITConfig    stm32f10x_usart.o
    0x08002256   0x00000002   PAD
    0x08002258   0x000000d8   Code   RO         2848    i.USART_Init        stm32f10x_usart.o
    0x08002330   0x0000000a   Code   RO         2855    i.USART_ReceiveData  stm32f10x_usart.o
    0x0800233a   0x00000008   Code   RO         2858    i.USART_SendData    stm32f10x_usart.o
    0x08002342   0x00000028   Code   RO         4340    i.__ARM_fpclassify  m_ws.l(fpclassify.o)
    0x0800236a   0x0000000e   Code   RO         4208    i._is_digit         c_w.l(__printf_wp.o)
    0x08002378   0x00000088   Code   RO         3185    i.button_init       button.o
    0x08002400   0x00000030   Code   RO         3109    i.delay             ticks.o
    0x08002430   0x00000020   Code   RO         3231    i.getSize           uart.o
    0x08002450   0x0000000c   Code   RO         3232    i.get_LED           uart.o
    0x0800245c   0x00000010   Code   RO         3233    i.get_nextmove      uart.o
    0x0800246c   0x00000010   Code   RO         3234    i.get_position      uart.o
    0x0800247c   0x00000010   Code   RO         3235    i.get_ready         uart.o
    0x0800248c   0x00000008   Code   RO         3236    i.get_target_x      uart.o
    0x08002494   0x00000008   Code   RO         3237    i.get_target_y      uart.o
    0x0800249c   0x0000000c   Code   RO         3110    i.get_ticks         ticks.o
    0x080024a8   0x000001b8   Code   RO         4069    i.main              main.o
    0x08002660   0x00000024   Code   RO         3187    i.read_button       button.o
    0x08002684   0x00000014   Code   RO         3240    i.send_LED          uart.o
    0x08002698   0x00000040   Code   RO         3242    i.send_position     uart.o
    0x080026d8   0x0000003c   Code   RO         3244    i.send_target       uart.o
    0x08002714   0x000000d4   Code   RO         3462    i.tft_char_is_changed  tft.o
    0x080027e8   0x00000016   Code   RO         3463    i.tft_clear         tft.o
    0x080027fe   0x00000002   PAD
    0x08002800   0x00000058   Code   RO         3464    i.tft_clear_line    tft.o
    0x08002858   0x00000214   Code   RO         3465    i.tft_config        tft.o
    0x08002a6c   0x00000062   Code   RO         3468    i.tft_fill_color    tft.o
    0x08002ace   0x00000002   PAD
    0x08002ad0   0x000000c8   Code   RO         3476    i.tft_init          tft.o
    0x08002b98   0x000000f8   Code   RO         3477    i.tft_prints        tft.o
    0x08002c90   0x00000024   Code   RO         3479    i.tft_reset         tft.o
    0x08002cb4   0x0000000c   Code   RO         3480    i.tft_set_bg_color  tft.o
    0x08002cc0   0x0000005a   Code   RO         3481    i.tft_set_char_pos  tft.o
    0x08002d1a   0x00000002   PAD
    0x08002d1c   0x0000000c   Code   RO         3484    i.tft_set_special_color  tft.o
    0x08002d28   0x0000000c   Code   RO         3485    i.tft_set_text_color  tft.o
    0x08002d34   0x000000c8   Code   RO         3486    i.tft_spi_init      tft.o
    0x08002dfc   0x000005c0   Code   RO         3488    i.tft_update        tft.o
    0x080033bc   0x00000050   Code   RO         3490    i.tft_write_command  tft.o
    0x0800340c   0x00000050   Code   RO         3491    i.tft_write_data    tft.o
    0x0800345c   0x00000090   Code   RO         3111    i.ticks_init        ticks.o
    0x080034ec   0x000000e4   Code   RO         3245    i.uart_init         uart.o
    0x080035d0   0x00000048   Code   RO         3246    i.uart_interrupt    uart.o
    0x08003618   0x00000024   Code   RO         3247    i.uart_interrupt_init  uart.o
    0x0800363c   0x000001a4   Code   RO         3248    i.uart_receive      uart.o
    0x080037e0   0x0000002c   Code   RO         3251    i.uart_tx_byte      uart.o
    0x0800380c   0x0000002c   Code   RO         4324    locale$$code        c_w.l(lc_numeric_c.o)
    0x08003838   0x0000002c   Code   RO         4350    locale$$code        c_w.l(lc_ctype_c.o)
    0x08003864   0x00000004   Code   RO         4243    x$fpl$printf1       fz_ws.l(printf1.o)
    0x08003868   0x00000004   Code   RO         4245    x$fpl$printf2       fz_ws.l(printf2.o)
    0x0800386c   0x00000000   Code   RO         4251    x$fpl$usenofp       fz_ws.l(usenofp.o)
    0x0800386c   0x00000006   Data   RO         3191    .constdata          button.o
    0x08003872   0x00000002   PAD
    0x08003874   0x00000024   Data   RO         3253    .constdata          uart.o
    0x08003898   0x00000008   Data   RO         4167    .constdata          c_w.l(_printf_wctomb.o)
    0x080038a0   0x00000028   Data   RO         4196    .constdata          c_w.l(_printf_hex_int_ll_ptr.o)
    0x080038c8   0x00000011   Data   RO         4216    .constdata          c_w.l(__printf_flags_ss_wp.o)
    0x080038d9   0x00000026   Data   RO         4276    .constdata          c_w.l(_printf_fp_hex.o)
    0x080038ff   0x00000001   PAD
    0x08003900   0x00000094   Data   RO         4299    .constdata          c_w.l(bigflt0.o)
    0x08003994   0x00000020   Data   RO         4474    Region$$Table       anon$$obj.o
    0x080039b4   0x0000001c   Data   RO         4323    locale$$data        c_w.l(lc_numeric_c.o)
    0x080039d0   0x00000110   Data   RO         4349    locale$$data        c_w.l(lc_ctype_c.o)


    Execution Region RW_IRAM1 (Base: 0x20000000, Size: 0x00003460, Max: 0x0000c000, ABSOLUTE, COMPRESSED[0x000007a4])

    Base Addr    Size         Type   Attr      Idx    E Section Name        Object

    0x20000000   0x00000014   Data   RW         1692    .data               stm32f10x_rcc.o
    0x20000014   0x00000014   Data   RW         3078    .data               system_stm32f10x.o
    0x20000028   0x00000005   Data   RW         3113    .data               ticks.o
    0x2000002d   0x00000003   PAD
    0x20000030   0x0000000c   Data   RW         3192    .data               button.o
    0x2000003c   0x0000002c   Data   RW         3254    .data               uart.o
    0x20000068   0x00001010   Data   RW         3493    .data               tft.o
    0x20001078   0x000010bd   Data   RW         3745    .data               camera.o
    0x20002135   0x00000003   PAD
    0x20002138   0x0000003c   Zero   RW         3190    .bss                button.o
    0x20002174   0x000003f4   Zero   RW         3252    .bss                uart.o
    0x20002568   0x00000898   Zero   RW         3492    .bss                tft.o
    0x20002e00   0x00000060   Zero   RW         4343    .bss                c_w.l(libspace.o)
    0x20002e60   0x00000200   Zero   RW            2    HEAP                startup_stm32f10x_md.o
    0x20003060   0x00000400   Zero   RW            1    STACK               startup_stm32f10x_md.o


==============================================================================

Image component sizes


      Code (inc. data)   RO Data    RW Data    ZI Data      Debug   Object Name

       172         24          6         12         60       2347   button.o
        80          8          0       4285          0       7218   camera.o
         0          0          0          0          0       4508   core_cm3.o
       440         88          0          0          0       1231   main.o
       132         20          0          0          0     236546   misc.o
        64         26        236          0       1536        880   startup_stm32f10x_md.o
        52         12          0          0          0       1156   stm32f10x_exti.o
       448          6          0          0          0       4574   stm32f10x_gpio.o
       276         32          0         20          0       4510   stm32f10x_rcc.o
       160          0          0          0          0       5035   stm32f10x_spi.o
       472          6          0          0          0       6915   stm32f10x_usart.o
       328         28          0         20          0       2385   system_stm32f10x.o
      3394        196          0       4112       2200      12606   tft.o
       220         38          0          5          0      17890   ticks.o
      1172        164         36         44       1012      12593   uart.o

    ----------------------------------------------------------------------
      7422        648        312       8504       4808     320394   Object Totals
         0          0         32          0          0          0   (incl. Generated)
        12          0          2          6          0          0   (incl. Padding)

    ----------------------------------------------------------------------

      Code (inc. data)   RO Data    RW Data    ZI Data      Debug   Library Member Name

       100          0          0          0          0          0   __dclz77c.o
         8          0          0          0          0         68   __main.o
       392          4         17          0          0         92   __printf_flags_ss_wp.o
        14          0          0          0          0         68   __printf_wp.o
         0          0          0          0          0          0   __rtentry.o
        12          0          0          0          0          0   __rtentry2.o
         6          0          0          0          0          0   __rtentry4.o
        52          8          0          0          0          0   __scatter.o
        28          0          0          0          0          0   __scatter_zi.o
         6          0          0          0          0          0   _printf_a.o
         6          0          0          0          0          0   _printf_c.o
        44          0          0          0          0        108   _printf_char.o
        48          6          0          0          0         96   _printf_char_common.o
        40          0          0          0          0         68   _printf_charcount.o
         6          0          0          0          0          0   _printf_d.o
       120         16          0          0          0         92   _printf_dec.o
         6          0          0          0          0          0   _printf_e.o
         6          0          0          0          0          0   _printf_f.o
      1050          0          0          0          0        216   _printf_fp_dec.o
       764          8         38          0          0        100   _printf_fp_hex.o
       128         16          0          0          0         84   _printf_fp_infnan.o
         6          0          0          0          0          0   _printf_g.o
       148          4         40          0          0        160   _printf_hex_int_ll_ptr.o
         6          0          0          0          0          0   _printf_i.o
       178          0          0          0          0         88   _printf_intcommon.o
        10          0          0          0          0          0   _printf_l.o
         6          0          0          0          0          0   _printf_lc.o
        10          0          0          0          0          0   _printf_ll.o
         6          0          0          0          0          0   _printf_lld.o
         6          0          0          0          0          0   _printf_lli.o
         6          0          0          0          0          0   _printf_llo.o
         6          0          0          0          0          0   _printf_llu.o
         6          0          0          0          0          0   _printf_llx.o
       124         16          0          0          0         92   _printf_longlong_dec.o
         6          0          0          0          0          0   _printf_ls.o
         6          0          0          0          0          0   _printf_n.o
         6          0          0          0          0          0   _printf_o.o
       112          8          0          0          0        124   _printf_oct_int_ll.o
         6          0          0          0          0          0   _printf_p.o
        78          0          0          0          0        108   _printf_pad.o
         0          0          0          0          0          0   _printf_percent.o
         4          0          0          0          0          0   _printf_percent_end.o
         6          0          0          0          0          0   _printf_s.o
        82          0          0          0          0         80   _printf_str.o
        36          0          0          0          0         84   _printf_truncate.o
         6          0          0          0          0          0   _printf_u.o
        44          0          0          0          0        108   _printf_wchar.o
       188          6          8          0          0         92   _printf_wctomb.o
         6          0          0          0          0          0   _printf_x.o
        10          0          0          0          0         68   _sputc.o
        64          0          0          0          0         92   _wcrtomb.o
       220          4        148          0          0         96   bigflt0.o
      1910        128          0          0          0        672   btod.o
        18          0          0          0          0         80   exit.o
         6          0          0          0          0        152   heapauxi.o
         0          0          0          0          0          0   indicate_semi.o
        44         10        272          0          0         76   lc_ctype_c.o
        44         10         28          0          0         76   lc_numeric_c.o
         2          0          0          0          0          0   libinit.o
        30          0          0          0          0          0   libinit2.o
         2          0          0          0          0          0   libshutdown.o
         2          0          0          0          0          0   libshutdown2.o
         8          4          0          0         96         68   libspace.o
       138          0          0          0          0         80   lludiv10.o
        16          4          0          0          0         76   rt_ctype_table.o
         8          4          0          0          0         68   rt_locale_intlibspace.o
         2          0          0          0          0          0   rtexit.o
        10          0          0          0          0          0   rtexit2.o
       128          0          0          0          0         68   strcmpv7m.o
        12          4          0          0          0         68   sys_exit.o
        74          0          0          0          0         80   sys_stackheap_outer.o
         2          0          0          0          0         68   use_no_semi.o
        36          4          0          0          0         76   vsprintf.o
         4          0          0          0          0         68   printf1.o
         4          0          0          0          0         68   printf2.o
         0          0          0          0          0          0   usenofp.o
        40          0          0          0          0         68   fpclassify.o

    ----------------------------------------------------------------------
      6786        264        552          0         96       4096   Library Totals
        12          0          1          0          0          0   (incl. Padding)

    ----------------------------------------------------------------------

      Code (inc. data)   RO Data    RW Data    ZI Data      Debug   Library Name

      6726        264        551          0         96       3892   c_w.l
         8          0          0          0          0        136   fz_ws.l
        40          0          0          0          0         68   m_ws.l

    ----------------------------------------------------------------------
      6786        264        552          0         96       4096   Library Totals

    ----------------------------------------------------------------------

==============================================================================


      Code (inc. data)   RO Data    RW Data    ZI Data      Debug   

     14208        912        864       8504       4904     318766   Grand Totals
     14208        912        864       1956       4904     318766   ELF Image Totals (compressed)
     14208        912        864       1956          0          0   ROM Totals

==============================================================================

    Total RO  Size (Code + RO Data)                15072 (  14.72kB)
    Total RW  Size (RW Data + ZI Data)             13408 (  13.09kB)
    Total ROM Size (Code + RO Data + RW Data)      17028 (  16.63kB)

==============================================================================

